Testing GET /search...
Status Code: 200
Response Body: {"issues":[{"expand":"renderedFields,names,schema,operations,editmeta,changelog,versionedRepresentations","id":"67779","self":"https://neuralab.atlassian.net/rest/api/3/issue/67779","key":"TWSC-492","fields":{"summary":"╧ЁютхЁшЄ№ яЁюьюъюф KODUS","issuetype":{"self":"https://neuralab.atlassian.net/rest/api/3/issuetype/10012","id":"10012","description":"A task that needs to be done.","iconUrl":"https://neuralab.atlassian.net/rest/api/2/universal_avatar/view/type/issuetype/avatar/10318?size=medium","name":"Task","subtask":false,"avatarId":10318,"hierarchyLevel":0},"project":{"self":"https://neuralab.atlassian.net/rest/api/3/project/10158","id":"10158","key":"TWSC","name":"TW Science Core","projectTypeKey":"software","simplified":false,"avatarUrls":{"48x48":"https://neuralab.atlassian.net/rest/api/3/universal_avatar/view/type/project/avatar/10420","24x24":"https://neuralab.atlassian.net/rest/api/3/universal_avatar/view/type/project/avatar/10420?size=small","16x16":"https://neuralab.atlassian.net/rest/api/3/universal_avatar/view/type/project/avatar/10420?size=xsmall","32x32":"https://neuralab.atlassian.net/rest/api/3/universal_avatar/view/type/project/avatar/10420?size=medium"}},"parent":{"id":"57390","key":"TWSC-361","self":"https://neuralab.atlassian.net/rest/api/3/issue/57390","fields":{"summary":"Ad-hoc т√уЁєчъш","status":{"self":"https://neuralab.atlassian.net/rest/api/3/status/10003","description":"","iconUrl":"https://neuralab.atlassian.net/","name":"Backlog","id":"10003","statusCategory":{"self":"https://neuralab.atlassian.net/rest/api/3/statuscategory/2","id":2,"key":"new","colorName":"blue-gray","name":"To Do"}},"priority":{"self":"https://neuralab.atlassian.net/rest/api/3/priority/3","iconUrl":"https://neuralab.atlassian.net/images/icons/priorities/medium_new.svg","name":"Medium","id":"3"},"issuetype":{"self":"https://neuralab.atlassian.net/rest/api/3/issuetype/10000","id":"10000","description":"A big user story that needs to be broken down. Created by Jira Software - do not edit or delete.","iconUrl":"https://neuralab.atlassian.net/images/icons/issuetypes/epic.svg","name":"Epic","subtask":false,"hierarchyLevel":1}}},"fixVersions":[],"status":{"self":"https://neuralab.atlassian.net/rest/api/3/status/10005","description":"","iconUrl":"https://neuralab.atlassian.net/","name":"Done","id":"10005","statusCategory":{"self":"https://neuralab.atlassian.net/rest/api/3/statuscategory/3","id":3,"key":"done","colorName":"green","name":"Done"}}}},{"expand":"renderedFields,names,schema,operations,editmeta,changelog,versionedRepresentations","id":"71396","self":"https://neuralab.atlassian.net/rest/api/3/issue/71396","key":"TWPJ-207","fields":{"summary":"2 ўхыютхър 2 ўрёр т Ёрчэюх тЁхь  чрфрўр т ёт чъх Ёхышч 2","issuetype":{"self":"https://neuralab.atlassian.net/rest/api/3/issuetype/10012","id":"10012","description":"A task that needs to be done.","iconUrl":"https://neuralab.atlassian.net/rest/api/2/universal_avatar/view/type/issuetype/avatar/10318?size=medium","name":"Task","subtask":false,"avatarId":10318,"hierarchyLevel":0},"project":{"self":"https://neuralab.atlassian.net/rest/api/3/project/10156","id":"10156","key":"TWPJ","name":"TW Project's Tasks","projectTypeKey":"software","simplified":false,"avatarUrls":{"48x48":"https://neuralab.atlassian.net/rest/api/3/universal_avatar/view/type/project/avatar/10407","24x24":"https://neuralab.atlassian.net/rest/api/3/universal_avatar/view/type/project/avatar/10407?size=small","16x16":"https://neuralab.atlassian.net/rest/api/3/universal_avatar/view/type/project/avatar/10407?size=xsmall","32x32":"https://neuralab.atlassian.net/rest/api/3/universal_avatar/view/type/project/avatar/10407?size=medium"},"projectCategory":{"self":"https://neuralab.atlassian.net/rest/api/3/projectCategory/10000","id":"10000","description":"","name":"╨рчЁрсюЄър"}},"fixVersions":[{"self":"https://neuralab.atlassian.net/rest/api/3/version/14951","id":"14951","description":"","name":"╨хышч 2","archived":false,"released":false,"releaseDate":"2026-02-24"}],"status":{"self":"https://neuralab.atlassian.net/rest/api/3/status/10003","description":"","iconUrl":"https://neuralab.atlassian.net/","name":"Backlog","id":"10003","statusCategory":{"self":"https://neuralab.atlassian.net/rest/api/3/statuscategory/2","id":2,"key":"new","colorName":"blue-gray","name":"To Do"}}}},{"expand":"renderedFields,names,schema,operations,editmeta,changelog,versionedRepresentations","id":"71395","self":"https://neuralab.atlassian.net/rest/api/3/issue/71395","key":"TWPJ-206","fields":{"summary":"2 ўхыютхър 20 ўрёют т Ёрчэюх тЁхь  чрфрўр т ёт чъх Ёхышч 2","issuetype":{"self":"https://neuralab.atlassian.net/rest/api/3/issuetype/10012","id":"10012","description":"A task that needs to be done.","iconUrl":"https://neuralab.atlassian.net/rest/api/2/universal_avatar/view/type/issuetype/avatar/10318?size=medium","name":"Task","subtask":false,"avatarId":10318,"hierarchyLevel":0},"project":{"self":"https://neuralab.atlassian.net/rest/api/3/project/10156","id":"10156","key":"TWPJ","name":"TW Project's Tasks","projectTypeKey":"software","simplified":false,"avatarUrls":{"48x48":"https://neuralab.atlassian.net/rest/api/3/universal_avatar/view/type/project/avatar/10407","24x24":"https://neuralab.atlassian.net/rest/api/3/universal_avatar/view/type/project/avatar/10407?size=small","16x16":"https://neuralab.atlassian.net/rest/api/3/universal_avatar/view/type/project/avatar/10407?size=xsmall","32x32":"https://neuralab.atlassian.net/rest/api/3/universal_avatar/view/type/project/avatar/10407?size=medium"},"projectCategory":{"self":"https://neuralab.atlassian.net/rest/api/3/projectCategory/10000","id":"10000","description":"","name":"╨рчЁрсюЄър"}},"fixVersions":[{"self":"https://neuralab.atlassian.net/rest/api/3/version/14951","id":"14951","description":"","name":"╨хышч 2","archived":false,"released":false,"releaseDate":"2026-02-24"}],"status":{"self":"https://neuralab.atlassian.net/rest/api/3/status/10003","description":"","iconUrl":"https://neuralab.atlassian.net/","name":"Backlog","id":"10003","statusCategory":{"self":"https://neuralab.atlassian.net/rest/api/3/statuscategory/2","id":2,"key":"new","colorName":"blue-gray","name":"To Do"}}}},{"expand":"renderedFields,names,schema,operations,editmeta,changelog,versionedRepresentations","id":"71394","self":"https://neuralab.atlassian.net/rest/api/3/issue/71394","key":"TWPJ-205","fields":{"summary":"2 ўхыютхър 20 ўрёют т Ёрчэюх тЁхь  чрфрўр т ёт чъх Ёхышч 1","issuetype":{"self":"https://neuralab.atlassian.net/rest/api/3/issuetype/10012","id":"10012","description":"A task that needs to be done.","iconUrl":"https://neuralab.atlassian.net/rest/api/2/universal_avatar/view/type/issuetype/avatar/10318?size=medium","name":"Task","subtask":false,"avatarId":10318,"hierarchyLevel":0},"project":{"self":"https://neuralab.atlassian.net/rest/api/3/project/10156","id":"10156","key":"TWPJ","name":"TW Project's Tasks","projectTypeKey":"software","simplified":false,"avatarUrls":{"48x48":"https://neuralab.atlassian.net/rest/api/3/universal_avatar/view/type/project/avatar/10407","24x24":"https://neuralab.atlassian.net/rest/api/3/universal_avatar/view/type/project/avatar/10407?size=small","16x16":"https://neuralab.atlassian.net/rest/api/3/universal_avatar/view/type/project/avatar/10407?size=xsmall","32x32":"https://neuralab.atlassian.net/rest/api/3/universal_avatar/view/type/project/avatar/10407?size=medium"},"projectCategory":{"self":"https://neuralab.atlassian.net/rest/api/3/projectCategory/10000","id":"10000","description":"","name":"╨рчЁрсюЄър"}},"fixVersions":[{"self":"https://neuralab.atlassian.net/rest/api/3/version/14950","id":"14950","description":"","name":"╨хышч 1","archived":false,"released":false,"releaseDate":"2026-02-20"}],"status":{"self":"https://neuralab.atlassian.net/rest/api/3/status/10003","description":"","iconUrl":"https://neuralab.atlassian.net/","name":"Backlog","id":"10003","statusCategory":{"self":"https://neuralab.atlassian.net/rest/api/3/statuscategory/2","id":2,"key":"new","colorName":"blue-gray","name":"To Do"}}}},{"expand":"renderedFields,names,schema,operations,editmeta,changelog,versionedRepresentations","id":"71393","self":"https://neuralab.atlassian.net/rest/api/3/issue/71393","key":"TWPJ-204","fields":{"summary":"2 ўхыютхър 5 ўрёют чрфрўр т ёт чъх Ёхышч 1","issuetype":{"self":"https://neuralab.atlassian.net/rest/api/3/issuetype/10012","id":"10012","description":"A task that needs to be done.","iconUrl":"https://neuralab.atlassian.net/rest/api/2/universal_avatar/view/type/issuetype/avatar/10318?size=medium","name":"Task","subtask":false,"avatarId":10318,"hierarchyLevel":0},"project":{"self":"https://neuralab.atlassian.net/rest/api/3/project/10156","id":"10156","key":"TWPJ","name":"TW Project's Tasks","projectTypeKey":"software","simplified":false,"avatarUrls":{"48x48":"https://neuralab.atlassian.net/rest/api/3/universal_avatar/view/type/project/avatar/10407","24x24":"https://neuralab.atlassian.net/rest/api/3/universal_avatar/view/type/project/avatar/10407?size=small","16x16":"https://neuralab.atlassian.net/rest/api/3/universal_avatar/view/type/project/avatar/10407?size=xsmall","32x32":"https://neuralab.atlassian.net/rest/api/3/universal_avatar/view/type/project/avatar/10407?size=medium"},"projectCategory":{"self":"https://neuralab.atlassian.net/rest/api/3/projectCategory/10000","id":"10000","description":"","name":"╨рчЁрсюЄър"}},"fixVersions":[{"self":"https://neuralab.atlassian.net/rest/api/3/version/14950","id":"14950","description":"","name":"╨хышч 1","archived":false,"released":false,"releaseDate":"2026-02-20"}],"status":{"self":"https://neuralab.atlassian.net/rest/api/3/status/10003","description":"","iconUrl":"https://neuralab.atlassian.net/","name":"Backlog","id":"10003","statusCategory":{"self":"https://neuralab.atlassian.net/rest/api/3/statuscategory/2","id":2,"key":"new","colorName":"blue-gray","name":"To Do"}}}},{"expand":"renderedFields,names,schema,operations,editmeta,changelog,versionedRepresentations","id":"71392","self":"https://neuralab.atlassian.net/rest/api/3/issue/71392","key":"TWPJ-203","fields":{"summary":"1 ўхыютхъ 20 ўрёют чрфрўр т ёт чъх Ёхышч 1","issuetype":{"self":"https://neuralab.atlassian.net/rest/api/3/issuetype/10012","id":"10012","description":"A task that needs to be done.","iconUrl":"https://neuralab.atlassian.net/rest/api/2/universal_avatar/view/type/issuetype/avatar/10318?size=medium","name":"Task","subtask":false,"avatarId":10318,"hierarchyLevel":0},"project":{"self":"https://neuralab.atlassian.net/rest/api/3/project/10156","id":"10156","key":"TWPJ","name":"TW Project's Tasks","projectTypeKey":"software","simplified":false,"avatarUrls":{"48x48":"https://neuralab.atlassian.net/rest/api/3/universal_avatar/view/type/project/avatar/10407","24x24":"https://neuralab.atlassian.net/rest/api/3/universal_avatar/view/type/project/avatar/10407?size=small","16x16":"https://neuralab.atlassian.net/rest/api/3/universal_avatar/view/type/project/avatar/10407?size=xsmall","32x32":"https://neuralab.atlassian.net/rest/api/3/universal_avatar/view/type/project/avatar/10407?size=medium"},"projectCategory":{"self":"https://neuralab.atlassian.net/rest/api/3/projectCategory/10000","id":"10000","description":"","name":"╨рчЁрсюЄър"}},"fixVersions":[{"self":"https://neuralab.atlassian.net/rest/api/3/version/14950","id":"14950","description":"","name":"╨хышч 1","archived":false,"released":false,"releaseDate":"2026-02-20"}],"status":{"self":"https://neuralab.atlassian.net/rest/api/3/status/10003","description":"","iconUrl":"https://neuralab.atlassian.net/","name":"Backlog","id":"10003","statusCategory":{"self":"https://neuralab.atlassian.net/rest/api/3/statuscategory/2","id":2,"key":"new","colorName":"blue-gray","name":"To Do"}}}},{"expand":"renderedFields,names,schema,operations,editmeta,changelog,versionedRepresentations","id":"71391","self":"https://neuralab.atlassian.net/rest/api/3/issue/71391","key":"TWPJ-202","fields":{"summary":"1 ўхыютхъ 5 ўрёют чрфрўр т ёт чъх Ёхышч 1","issuetype":{"self":"https://neuralab.atlassian.net/rest/api/3/issuetype/10012","id":"10012","description":"A task that needs to be done.","iconUrl":"https://neuralab.atlassian.net/rest/api/2/universal_avatar/view/type/issuetype/avatar/10318?size=medium","name":"Task","subtask":false,"avatarId":10318,"hierarchyLevel":0},"project":{"self":"https://neuralab.atlassian.net/rest/api/3/project/10156","id":"10156","key":"TWPJ","name":"TW Project's Tasks","projectTypeKey":"software","simplified":false,"avatarUrls":{"48x48":"https://neuralab.atlassian.net/rest/api/3/universal_avatar/view/type/project/avatar/10407","24x24":"https://neuralab.atlassian.net/rest/api/3/universal_avatar/view/type/project/avatar/10407?size=small","16x16":"https://neuralab.atlassian.net/rest/api/3/universal_avatar/view/type/project/avatar/10407?size=xsmall","32x32":"https://neuralab.atlassian.net/rest/api/3/universal_avatar/view/type/project/avatar/10407?size=medium"},"projectCategory":{"self":"https://neuralab.atlassian.net/rest/api/3/projectCategory/10000","id":"10000","description":"","name":"╨рчЁрсюЄър"}},"fixVersions":[{"self":"https://neuralab.atlassian.net/rest/api/3/version/14950","id":"14950","description":"","name":"╨хышч 1","archived":false,"released":false,"releaseDate":"2026-02-20"}],"status":{"self":"https://neuralab.atlassian.net/rest/api/3/status/10003","description":"","iconUrl":"https://neuralab.atlassian.net/","name":"Backlog","id":"10003","statusCategory":{"self":"https://neuralab.atlassian.net/rest/api/3/statuscategory/2","id":2,"key":"new","colorName":"blue-gray","name":"To Do"}}}},{"expand":"renderedFields,names,schema,operations,editmeta,changelog,versionedRepresentations","id":"71389","self":"https://neuralab.atlassian.net/rest/api/3/issue/71389","key":"TWPJ-200","fields":{"summary":"1 ўхыютхъ ыюу тЁхьхэш єцх яюёых чръЁ√Єш  чрфрўш","issuetype":{"self":"https://neuralab.atlassian.net/rest/api/3/issuetype/10012","id":"10012","description":"A task that needs to be done.","iconUrl":"https://neuralab.atlassian.net/rest/api/2/universal_avatar/view/type/issuetype/avatar/10318?size=medium","name":"Task","subtask":false,"avatarId":10318,"hierarchyLevel":0},"project":{"self":"https://neuralab.atlassian.net/rest/api/3/project/10156","id":"10156","key":"TWPJ","name":"TW Project's Tasks","projectTypeKey":"software","simplified":false,"avatarUrls":{"48x48":"https://neuralab.atlassian.net/rest/api/3/universal_avatar/view/type/project/avatar/10407","24x24":"https://neuralab.atlassian.net/rest/api/3/universal_avatar/view/type/project/avatar/10407?size=small","16x16":"https://neuralab.atlassian.net/rest/api/3/universal_avatar/view/type/project/avatar/10407?size=xsmall","32x32":"https://neuralab.atlassian.net/rest/api/3/universal_avatar/view/type/project/avatar/10407?size=medium"},"projectCategory":{"self":"https://neuralab.atlassian.net/rest/api/3/projectCategory/10000","id":"10000","description":"","name":"╨рчЁрсюЄър"}},"fixVersions":[],"status":{"self":"https://neuralab.atlassian.net/rest/api/3/status/10005","description":"","iconUrl":"https://neuralab.atlassian.net/","name":"Done","id":"10005","statusCategory":{"self":"https://neuralab.atlassian.net/rest/api/3/statuscategory/3","id":3,"key":"done","colorName":"green","name":"Done"}}}},{"expand":"renderedFields,names,schema,operations,editmeta,changelog,versionedRepresentations","id":"71388","self":"https://neuralab.atlassian.net/rest/api/3/issue/71388","key":"TWPJ-199","fields":{"summary":"2 ўхыютхър Ёрчютюх фюсртыхэшх 8+8 ўрёют ш яюЄюь Ёхьрщэшэу 20 ўрёют юЄ ърцфюую","issuetype":{"self":"https://neuralab.atlassian.net/rest/api/3/issuetype/10012","id":"10012","description":"A task that needs to be done.","iconUrl":"https://neuralab.atlassian.net/rest/api/2/universal_avatar/view/type/issuetype/avatar/10318?size=medium","name":"Task","subtask":false,"avatarId":10318,"hierarchyLevel":0},"project":{"self":"https://neuralab.atlassian.net/rest/api/3/project/10156","id":"10156","key":"TWPJ","name":"TW Project's Tasks","projectTypeKey":"software","simplified":false,"avatarUrls":{"48x48":"https://neuralab.atlassian.net/rest/api/3/universal_avatar/view/type/project/avatar/10407","24x24":"https://neuralab.atlassian.net/rest/api/3/universal_avatar/view/type/project/avatar/10407?size=small","16x16":"https://neuralab.atlassian.net/rest/api/3/universal_avatar/view/type/project/avatar/10407?size=xsmall","32x32":"https://neuralab.atlassian.net/rest/api/3/universal_avatar/view/type/project/avatar/10407?size=medium"},"projectCategory":{"self":"https://neuralab.atlassian.net/rest/api/3/projectCategory/10000","id":"10000","description":"","name":"╨рчЁрсюЄър"}},"fixVersions":[],"status":{"self":"https://neuralab.atlassian.net/rest/api/3/status/10003","description":"","iconUrl":"https://neuralab.atlassian.net/","name":"Backlog","id":"10003","statusCategory":{"self":"https://neuralab.atlassian.net/rest/api/3/statuscategory/2","id":2,"key":"new","colorName":"blue-gray","name":"To Do"}}}},{"expand":"renderedFields,names,schema,operations,editmeta,changelog,versionedRepresentations","id":"71387","self":"https://neuralab.atlassian.net/rest/api/3/issue/71387","key":"TWPJ-198","fields":{"summary":"2 ўхыютхъ Ёрчютюх фюсртыхэшх 8+8 ўрёют ш яюЄюь Ёхьрщэшэу 5 ўрёют юЄ ърцфюую","issuetype":{"self":"https://neuralab.atlassian.net/rest/api/3/issuetype/10012","id":"10012","description":"A task that needs to be done.","iconUrl":"https://neuralab.atlassian.net/rest/api/2/universal_avatar/view/type/issuetype/avatar/10318?size=medium","name":"Task","subtask":false,"avatarId":10318,"hierarchyLevel":0},"project":{"self":"https://neuralab.atlassian.net/rest/api/3/project/10156","id":"10156","key":"TWPJ","name":"TW Project's Tasks","projectTypeKey":"software","simplified":false,"avatarUrls":{"48x48":"https://neuralab.atlassian.net/rest/api/3/universal_avatar/view/type/project/avatar/10407","24x24":"https://neuralab.atlassian.net/rest/api/3/universal_avatar/view/type/project/avatar/10407?size=small","16x16":"https://neuralab.atlassian.net/rest/api/3/universal_avatar/view/type/project/avatar/10407?size=xsmall","32x32":"https://neuralab.atlassian.net/rest/api/3/universal_avatar/view/type/project/avatar/10407?size=medium"},"projectCategory":{"self":"https://neuralab.atlassian.net/rest/api/3/projectCategory/10000","id":"10000","description":"","name":"╨рчЁрсюЄър"}},"fixVersions":[],"status":{"self":"https://neuralab.atlassian.net/rest/api/3/status/10003","description":"","iconUrl":"https://neuralab.atlassian.net/","name":"Backlog","id":"10003","statusCategory":{"self":"https://neuralab.atlassian.net/rest/api/3/statuscategory/2","id":2,"key":"new","colorName":"blue-gray","name":"To Do"}}}},{"expand":"renderedFields,names,schema,operations,editmeta,changelog,versionedRepresentations","id":"71386","self":"https://neuralab.atlassian.net/rest/api/3/issue/71386","key":"TWPJ-197","fields":{"summary":"1 ўхыютхъ Ёрчютюх фюсртыхэшх 8 ўрёют ш яюЄюь Ёхьрщэшэу 10 ўрёют","issuetype":{"self":"https://neuralab.atlassian.net/rest/api/3/issuetype/10012","id":"10012","description":"A task that needs to be done.","iconUrl":"https://neuralab.atlassian.net/rest/api/2/universal_avatar/view/type/issuetype/avatar/10318?size=medium","name":"Task","subtask":false,"avatarId":10318,"hierarchyLevel":0},"project":{"self":"https://neuralab.atlassian.net/rest/api/3/project/10156","id":"10156","key":"TWPJ","name":"TW Project's Tasks","projectTypeKey":"software","simplified":false,"avatarUrls":{"48x48":"https://neuralab.atlassian.net/rest/api/3/universal_avatar/view/type/project/avatar/10407","24x24":"https://neuralab.atlassian.net/rest/api/3/universal_avatar/view/type/project/avatar/10407?size=small","16x16":"https://neuralab.atlassian.net/rest/api/3/universal_avatar/view/type/project/avatar/10407?size=xsmall","32x32":"https://neuralab.atlassian.net/rest/api/3/universal_avatar/view/type/project/avatar/10407?size=medium"},"projectCategory":{"self":"https://neuralab.atlassian.net/rest/api/3/projectCategory/10000","id":"10000","description":"","name":"╨рчЁрсюЄър"}},"fixVersions":[],"status":{"self":"https://neuralab.atlassian.net/rest/api/3/status/10003","description":"","iconUrl":"https://neuralab.atlassian.net/","name":"Backlog","id":"10003","statusCategory":{"self":"https://neuralab.atlassian.net/rest/api/3/statuscategory/2","id":2,"key":"new","colorName":"blue-gray","name":"To Do"}}}},{"expand":"renderedFields,names,schema,operations,editmeta,changelog,versionedRepresentations","id":"71385","self":"https://neuralab.atlassian.net/rest/api/3/issue/71385","key":"TWPJ-196","fields":{"summary":"1 ўхыютхъ Ёрчютюх фюсртыхэшх 8 ўрёют ш яюЄюь Ёхьрщэшэу 5 ўрёют","issuetype":{"self":"https://neuralab.atlassian.net/rest/api/3/issuetype/10012","id":"10012","description":"A task that needs to be done.","iconUrl":"https://neuralab.atlassian.net/rest/api/2/universal_avatar/view/type/issuetype/avatar/10318?size=medium","name":"Task","subtask":false,"avatarId":10318,"hierarchyLevel":0},"project":{"self":"https://neuralab.atlassian.net/rest/api/3/project/10156","id":"10156","key":"TWPJ","name":"TW Project's Tasks","projectTypeKey":"software","simplified":false,"avatarUrls":{"48x48":"https://neuralab.atlassian.net/rest/api/3/universal_avatar/view/type/project/avatar/10407","24x24":"https://neuralab.atlassian.net/rest/api/3/universal_avatar/view/type/project/avatar/10407?size=small","16x16":"https://neuralab.atlassian.net/rest/api/3/universal_avatar/view/type/project/avatar/10407?size=xsmall","32x32":"https://neuralab.atlassian.net/rest/api/3/universal_avatar/view/type/project/avatar/10407?size=medium"},"projectCategory":{"self":"https://neuralab.atlassian.net/rest/api/3/projectCategory/10000","id":"10000","description":"","name":"╨рчЁрсюЄър"}},"fixVersions":[],"status":{"self":"https://neuralab.atlassian.net/rest/api/3/status/10003","description":"","iconUrl":"https://neuralab.atlassian.net/","name":"Backlog","id":"10003","statusCategory":{"self":"https://neuralab.atlassian.net/rest/api/3/statuscategory/2","id":2,"key":"new","colorName":"blue-gray","name":"To Do"}}}},{"expand":"renderedFields,names,schema,operations,editmeta,changelog,versionedRepresentations","id":"71384","self":"https://neuralab.atlassian.net/rest/api/3/issue/71384","key":"TWPJ-195","fields":{"summary":"2 ўхыютхър ёяшёрэшх сюы№°х ўхь эр 2 фэ  чр Ёрч (фэш, р эх ўрё√)","issuetype":{"self":"https://neuralab.atlassian.net/rest/api/3/issuetype/10012","id":"10012","description":"A task that needs to be done.","iconUrl":"https://neuralab.atlassian.net/rest/api/2/universal_avatar/view/type/issuetype/avatar/10318?size=medium","name":"Task","subtask":false,"avatarId":10318,"hierarchyLevel":0},"project":{"self":"https://neuralab.atlassian.net/rest/api/3/project/10156","id":"10156","key":"TWPJ","name":"TW Project's Tasks","projectTypeKey":"software","simplified":false,"avatarUrls":{"48x48":"https://neuralab.atlassian.net/rest/api/3/universal_avatar/view/type/project/avatar/10407","24x24":"https://neuralab.atlassian.net/rest/api/3/universal_avatar/view/type/project/avatar/10407?size=small","16x16":"https://neuralab.atlassian.net/rest/api/3/universal_avatar/view/type/project/avatar/10407?size=xsmall","32x32":"https://neuralab.atlassian.net/rest/api/3/universal_avatar/view/type/project/avatar/10407?size=medium"},"projectCategory":{"self":"https://neuralab.atlassian.net/rest/api/3/projectCategory/10000","id":"10000","description":"","name":"╨рчЁрсюЄър"}},"fixVersions":[],"status":{"self":"https://neuralab.atlassian.net/rest/api/3/status/10003","description":"","iconUrl":"https://neuralab.atlassian.net/","name":"Backlog","id":"10003","statusCategory":{"self":"https://neuralab.atlassian.net/rest/api/3/statuscategory/2","id":2,"key":"new","colorName":"blue-gray","name":"To Do"}}}},{"expand":"renderedFields,names,schema,operations,editmeta,changelog,versionedRepresentations","id":"71383","self":"https://neuralab.atlassian.net/rest/api/3/issue/71383","key":"TWPJ-194","fields":{"summary":"1 ўхыютхъ ёяшёрэшх сюы№°х ўхь эр 2 фэ  чр Ёрч (фэш, р эх ўрё√)","issuetype":{"self":"https://neuralab.atlassian.net/rest/api/3/issuetype/10012","id":"10012","description":"A task that needs to be done.","iconUrl":"https://neuralab.atlassian.net/rest/api/2/universal_avatar/view/type/issuetype/avatar/10318?size=medium","name":"Task","subtask":false,"avatarId":10318,"hierarchyLevel":0},"project":{"self":"https://neuralab.atlassian.net/rest/api/3/project/10156","id":"10156","key":"TWPJ","name":"TW Project's Tasks","projectTypeKey":"software","simplified":false,"avatarUrls":{"48x48":"https://neuralab.atlassian.net/rest/api/3/universal_avatar/view/type/project/avatar/10407","24x24":"https://neuralab.atlassian.net/rest/api/3/universal_avatar/view/type/project/avatar/10407?size=small","16x16":"https://neuralab.atlassian.net/rest/api/3/universal_avatar/view/type/project/avatar/10407?size=xsmall","32x32":"https://neuralab.atlassian.net/rest/api/3/universal_avatar/view/type/project/avatar/10407?size=medium"},"projectCategory":{"self":"https://neuralab.atlassian.net/rest/api/3/projectCategory/10000","id":"10000","description":"","name":"╨рчЁрсюЄър"}},"fixVersions":[],"status":{"self":"https://neuralab.atlassian.net/rest/api/3/status/10003","description":"","iconUrl":"https://neuralab.atlassian.net/","name":"Backlog","id":"10003","statusCategory":{"self":"https://neuralab.atlassian.net/rest/api/3/statuscategory/2","id":2,"key":"new","colorName":"blue-gray","name":"To Do"}}}},{"expand":"renderedFields,names,schema,operations,editmeta,changelog,versionedRepresentations","id":"71382","self":"https://neuralab.atlassian.net/rest/api/3/issue/71382","key":"TWPJ-193","fields":{"summary":"3 ўхыютхър т юфшэ фхэ№ сюы№°х 10 ёяшёрэшщ т Ёрчэюх тЁхь ","issuetype":{"self":"https://neuralab.atlassian.net/rest/api/3/issuetype/10012","id":"10012","description":"A task that needs to be done.","iconUrl":"https://neuralab.atlassian.net/rest/api/2/universal_avatar/view/type/issuetype/avatar/10318?size=medium","name":"Task","subtask":false,"avatarId":10318,"hierarchyLevel":0},"project":{"self":"https://neuralab.atlassian.net/rest/api/3/project/10156","id":"10156","key":"TWPJ","name":"TW Project's Tasks","projectTypeKey":"software","simplified":false,"avatarUrls":{"48x48":"https://neuralab.atlassian.net/rest/api/3/universal_avatar/view/type/project/avatar/10407","24x24":"https://neuralab.atlassian.net/rest/api/3/universal_avatar/view/type/project/avatar/10407?size=small","16x16":"https://neuralab.atlassian.net/rest/api/3/universal_avatar/view/type/project/avatar/10407?size=xsmall","32x32":"https://neuralab.atlassian.net/rest/api/3/universal_avatar/view/type/project/avatar/10407?size=medium"},"projectCategory":{"self":"https://neuralab.atlassian.net/rest/api/3/projectCategory/10000","id":"10000","description":"","name":"╨рчЁрсюЄър"}},"fixVersions":[],"status":{"self":"https://neuralab.atlassian.net/rest/api/3/status/10003","description":"","iconUrl":"https://neuralab.atlassian.net/","name":"Backlog","id":"10003","statusCategory":{"self":"https://neuralab.atlassian.net/rest/api/3/statuscategory/2","id":2,"key":"new","colorName":"blue-gray","name":"To Do"}}}},{"expand":"renderedFields,names,schema,operations,editmeta,changelog,versionedRepresentations","id":"71381","self":"https://neuralab.atlassian.net/rest/api/3/issue/71381","key":"TWPJ-192","fields":{"summary":"3 ўхыютхър сюы№°х 10 ёяшёрэшщ эр чрфрўє т юфэю тЁхь ","issuetype":{"self":"https://neuralab.atlassian.net/rest/api/3/issuetype/10012","id":"10012","description":"A task that needs to be done.","iconUrl":"https://neuralab.atlassian.net/rest/api/2/universal_avatar/view/type/issuetype/avatar/10318?size=medium","name":"Task","subtask":false,"avatarId":10318,"hierarchyLevel":0},"project":{"self":"https://neuralab.atlassian.net/rest/api/3/project/10156","id":"10156","key":"TWPJ","name":"TW Project's Tasks","projectTypeKey":"software","simplified":false,"avatarUrls":{"48x48":"https://neuralab.atlassian.net/rest/api/3/universal_avatar/view/type/project/avatar/10407","24x24":"https://neuralab.atlassian.net/rest/api/3/universal_avatar/view/type/project/avatar/10407?size=small","16x16":"https://neuralab.atlassian.net/rest/api/3/universal_avatar/view/type/project/avatar/10407?size=xsmall","32x32":"https://neuralab.atlassian.net/rest/api/3/universal_avatar/view/type/project/avatar/10407?size=medium"},"projectCategory":{"self":"https://neuralab.atlassian.net/rest/api/3/projectCategory/10000","id":"10000","description":"","name":"╨рчЁрсюЄър"}},"fixVersions":[],"status":{"self":"https://neuralab.atlassian.net/rest/api/3/status/10003","description":"","iconUrl":"https://neuralab.atlassian.net/","name":"Backlog","id":"10003","statusCategory":{"self":"https://neuralab.atlassian.net/rest/api/3/statuscategory/2","id":2,"key":"new","colorName":"blue-gray","name":"To Do"}}}},{"expand":"renderedFields,names,schema,operations,editmeta,changelog,versionedRepresentations","id":"71380","self":"https://neuralab.atlassian.net/rest/api/3/issue/71380","key":"TWPJ-191","fields":{"summary":"фтр ўхыютхър т юфшэ фхэ№ Ёрчэюх тЁхь ","issuetype":{"self":"https://neuralab.atlassian.net/rest/api/3/issuetype/10012","id":"10012","description":"A task that needs to be done.","iconUrl":"https://neuralab.atlassian.net/rest/api/2/universal_avatar/view/type/issuetype/avatar/10318?size=medium","name":"Task","subtask":false,"avatarId":10318,"hierarchyLevel":0},"project":{"self":"https://neuralab.atlassian.net/rest/api/3/project/10156","id":"10156","key":"TWPJ","name":"TW Project's Tasks","projectTypeKey":"software","simplified":false,"avatarUrls":{"48x48":"https://neuralab.atlassian.net/rest/api/3/universal_avatar/view/type/project/avatar/10407","24x24":"https://neuralab.atlassian.net/rest/api/3/universal_avatar/view/type/project/avatar/10407?size=small","16x16":"https://neuralab.atlassian.net/rest/api/3/universal_avatar/view/type/project/avatar/10407?size=xsmall","32x32":"https://neuralab.atlassian.net/rest/api/3/universal_avatar/view/type/project/avatar/10407?size=medium"},"projectCategory":{"self":"https://neuralab.atlassian.net/rest/api/3/projectCategory/10000","id":"10000","description":"","name":"╨рчЁрсюЄър"}},"fixVersions":[],"status":{"self":"https://neuralab.atlassian.net/rest/api/3/status/10003","description":"","iconUrl":"https://neuralab.atlassian.net/","name":"Backlog","id":"10003","statusCategory":{"self":"https://neuralab.atlassian.net/rest/api/3/statuscategory/2","id":2,"key":"new","colorName":"blue-gray","name":"To Do"}}}},{"expand":"renderedFields,names,schema,operations,editmeta,changelog,versionedRepresentations","id":"71379","self":"https://neuralab.atlassian.net/rest/api/3/issue/71379","key":"TWPJ-190","fields":{"summary":"фтр ўхыютхър т 1 фхэ№ т юфэю ш Єю цх тЁхь ","issuetype":{"self":"https://neuralab.atlassian.net/rest/api/3/issuetype/10012","id":"10012","description":"A task that needs to be done.","iconUrl":"https://neuralab.atlassian.net/rest/api/2/universal_avatar/view/type/issuetype/avatar/10318?size=medium","name":"Task","subtask":false,"avatarId":10318,"hierarchyLevel":0},"project":{"self":"https://neuralab.atlassian.net/rest/api/3/project/10156","id":"10156","key":"TWPJ","name":"TW Project's Tasks","projectTypeKey":"software","simplified":false,"avatarUrls":{"48x48":"https://neuralab.atlassian.net/rest/api/3/universal_avatar/view/type/project/avatar/10407","24x24":"https://neuralab.atlassian.net/rest/api/3/universal_avatar/view/type/project/avatar/10407?size=small","16x16":"https://neuralab.atlassian.net/rest/api/3/universal_avatar/view/type/project/avatar/10407?size=xsmall","32x32":"https://neuralab.atlassian.net/rest/api/3/universal_avatar/view/type/project/avatar/10407?size=medium"},"projectCategory":{"self":"https://neuralab.atlassian.net/rest/api/3/projectCategory/10000","id":"10000","description":"","name":"╨рчЁрсюЄър"}},"fixVersions":[],"status":{"self":"https://neuralab.atlassian.net/rest/api/3/status/10003","description":"","iconUrl":"https://neuralab.atlassian.net/","name":"Backlog","id":"10003","statusCategory":{"self":"https://neuralab.atlassian.net/rest/api/3/statuscategory/2","id":2,"key":"new","colorName":"blue-gray","name":"To Do"}}}},{"expand":"renderedFields,names,schema,operations,editmeta,changelog,versionedRepresentations","id":"10840","self":"https://neuralab.atlassian.net/rest/api/3/issue/10840","key":"TWMP-1255","fields":{"summary":"═ряшёрЄ№ юЄўхЄ тьхёЄю ьхщэ фрЄ√ т core ўрЄ чр яхЁшюф 23  эт -29  эт","issuetype":{"self":"https://neuralab.atlassian.net/rest/api/3/issuetype/10013","id":"10013","description":"The sub-task of the issue","iconUrl":"https://neuralab.atlassian.net/rest/api/2/universal_avatar/view/type/issuetype/avatar/10316?size=medium","name":"Sub-task","subtask":true,"avatarId":10316,"hierarchyLevel":-1},"project":{"self":"https://neuralab.atlassian.net/rest/api/3/project/10115","id":"10115","key":"TWMP","name":"TW Market Projects","projectTypeKey":"software","simplified":false,"avatarUrls":{"48x48":"https://neuralab.atlassian.net/rest/api/3/universal_avatar/view/type/project/avatar/10403","24x24":"https://neuralab.atlassian.net/rest/api/3/universal_avatar/view/type/project/avatar/10403?size=small","16x16":"https://neuralab.atlassian.net/rest/api/3/universal_avatar/view/type/project/avatar/10403?size=xsmall","32x32":"https://neuralab.atlassian.net/rest/api/3/universal_avatar/view/type/project/avatar/10403?size=medium"}},"parent":{"id":"11428","key":"TWMP-1202","self":"https://neuralab.atlassian.net/rest/api/3/issue/11428","fields":{"summary":"└эрышЄшър ъ ъюэЎє  этрЁ  + яЁюью эр яЁрчфэшъш","status":{"self":"https://neuralab.atlassian.net/rest/api/3/status/10005","description":"","iconUrl":"https://neuralab.atlassian.net/","name":"Done","id":"10005","statusCategory":{"self":"https://neuralab.atlassian.net/rest/api/3/statuscategory/3","id":3,"key":"done","colorName":"green","name":"Done"}},"priority":{"self":"https://neuralab.atlassian.net/rest/api/3/priority/3","iconUrl":"https://neuralab.atlassian.net/images/icons/priorities/medium_new.svg","name":"Medium","id":"3"},"issuetype":{"self":"https://neuralab.atlassian.net/rest/api/3/issuetype/10006","id":"10006","description":"Stories track functionality or features expressed as user goals.","iconUrl":"https://neuralab.atlassian.net/rest/api/2/universal_avatar/view/type/issuetype/avatar/10315?size=medium","name":"Story","subtask":false,"avatarId":10315,"hierarchyLevel":0}}},"fixVersions":[],"status":{"self":"https://neuralab.atlassian.net/rest/api/3/status/10005","description":"","iconUrl":"https://neuralab.atlassian.net/","name":"Done","id":"10005","statusCategory":{"self":"https://neuralab.atlassian.net/rest/api/3/statuscategory/3","id":3,"key":"done","colorName":"green","name":"Done"}}}},{"expand":"renderedFields,names,schema,operations,editmeta,changelog,versionedRepresentations","id":"11363","self":"https://neuralab.atlassian.net/rest/api/3/issue/11363","key":"TWMP-1254","fields":{"summary":"═ряшёрЄ№ юЄўхЄ тьхёЄю ьхщэ фрЄ√ т core ўрЄ чр яхЁшюф 29 эт - 6Їхт","issuetype":{"self":"https://neuralab.atlassian.net/rest/api/3/issuetype/10013","id":"10013","description":"The sub-task of the issue","iconUrl":"https://neuralab.atlassian.net/rest/api/2/universal_avatar/view/type/issuetype/avatar/10316?size=medium","name":"Sub-task","subtask":true,"avatarId":10316,"hierarchyLevel":-1},"project":{"self":"https://neuralab.atlassian.net/rest/api/3/project/10115","id":"10115","key":"TWMP","name":"TW Market Projects","projectTypeKey":"software","simplified":false,"avatarUrls":{"48x48":"https://neuralab.atlassian.net/rest/api/3/universal_avatar/view/type/project/avatar/10403","24x24":"https://neuralab.atlassian.net/rest/api/3/universal_avatar/view/type/project/avatar/10403?size=small","16x16":"https://neuralab.atlassian.net/rest/api/3/universal_avatar/view/type/project/avatar/10403?size=xsmall","32x32":"https://neuralab.atlassian.net/rest/api/3/universal_avatar/view/type/project/avatar/10403?size=medium"}},"parent":{"id":"11428","key":"TWMP-1202","self":"https://neuralab.atlassian.net/rest/api/3/issue/11428","fields":{"summary":"└эрышЄшър ъ ъюэЎє  этрЁ  + яЁюью эр яЁрчфэшъш","status":{"self":"https://neuralab.atlassian.net/rest/api/3/status/10005","description":"","iconUrl":"https://neuralab.atlassian.net/","name":"Done","id":"10005","statusCategory":{"self":"https://neuralab.atlassian.net/rest/api/3/statuscategory/3","id":3,"key":"done","colorName":"green","name":"Done"}},"priority":{"self":"https://neuralab.atlassian.net/rest/api/3/priority/3","iconUrl":"https://neuralab.atlassian.net/images/icons/priorities/medium_new.svg","name":"Medium","id":"3"},"issuetype":{"self":"https://neuralab.atlassian.net/rest/api/3/issuetype/10006","id":"10006","description":"Stories track functionality or features expressed as user goals.","iconUrl":"https://neuralab.atlassian.net/rest/api/2/universal_avatar/view/type/issuetype/avatar/10315?size=medium","name":"Story","subtask":false,"avatarId":10315,"hierarchyLevel":0}}},"fixVersions":[],"status":{"self":"https://neuralab.atlassian.net/rest/api/3/status/10005","description":"","iconUrl":"https://neuralab.atlassian.net/","name":"Done","id":"10005","statusCategory":{"self":"https://neuralab.atlassian.net/rest/api/3/statuscategory/3","id":3,"key":"done","colorName":"green","name":"Done"}}}},{"expand":"renderedFields,names,schema,operations,editmeta,changelog,versionedRepresentations","id":"11362","self":"https://neuralab.atlassian.net/rest/api/3/issue/11362","key":"TWMP-1253","fields":{"summary":"═рёЄЁюшщър ышф ЇюЁь эр яЁюью ёЄЁрэшЎрї фы  ёюїЁрэхэш  чр тюъ т уєуы фюъш","issuetype":{"self":"https://neuralab.atlassian.net/rest/api/3/issuetype/10013","id":"10013","description":"The sub-task of the issue","iconUrl":"https://neuralab.atlassian.net/rest/api/2/universal_avatar/view/type/issuetype/avatar/10316?size=medium","name":"Sub-task","subtask":true,"avatarId":10316,"hierarchyLevel":-1},"project":{"self":"https://neuralab.atlassian.net/rest/api/3/project/10115","id":"10115","key":"TWMP","name":"TW Market Projects","projectTypeKey":"software","simplified":false,"avatarUrls":{"48x48":"https://neuralab.atlassian.net/rest/api/3/universal_avatar/view/type/project/avatar/10403","24x24":"https://neuralab.atlassian.net/rest/api/3/universal_avatar/view/type/project/avatar/10403?size=small","16x16":"https://neuralab.atlassian.net/rest/api/3/universal_avatar/view/type/project/avatar/10403?size=xsmall","32x32":"https://neuralab.atlassian.net/rest/api/3/universal_avatar/view/type/project/avatar/10403?size=medium"}},"parent":{"id":"11428","key":"TWMP-1202","self":"https://neuralab.atlassian.net/rest/api/3/issue/11428","fields":{"summary":"└эрышЄшър ъ ъюэЎє  этрЁ  + яЁюью эр яЁрчфэшъш","status":{"self":"https://neuralab.atlassian.net/rest/api/3/status/10005","description":"","iconUrl":"https://neuralab.atlassian.net/","name":"Done","id":"10005","statusCategory":{"self":"https://neuralab.atlassian.net/rest/api/3/statuscategory/3","id":3,"key":"done","colorName":"green","name":"Done"}},"priority":{"self":"https://neuralab.atlassian.net/rest/api/3/priority/3","iconUrl":"https://neuralab.atlassian.net/images/icons/priorities/medium_new.svg","name":"Medium","id":"3"},"issuetype":{"self":"https://neuralab.atlassian.net/rest/api/3/issuetype/10006","id":"10006","description":"Stories track functionality or features expressed as user goals.","iconUrl":"https://neuralab.atlassian.net/rest/api/2/universal_avatar/view/type/issuetype/avatar/10315?size=medium","name":"Story","subtask":false,"avatarId":10315,"hierarchyLevel":0}}},"fixVersions":[],"status":{"self":"https://neuralab.atlassian.net/rest/api/3/status/10005","description":"","iconUrl":"https://neuralab.atlassian.net/","name":"Done","id":"10005","statusCategory":{"self":"https://neuralab.atlassian.net/rest/api/3/statuscategory/3","id":3,"key":"done","colorName":"green","name":"Done"}}}},{"expand":"renderedFields,names,schema,operations,editmeta,changelog,versionedRepresentations","id":"11360","self":"https://neuralab.atlassian.net/rest/api/3/issue/11360","key":"TWMP-1252","fields":{"summary":" ═рёЄЁюшЄ№ юЄюсЁрцхэшх ёююЄтхЄёЄтє■∙шї ЄЁхъшэуют√ї ёё√ыюъ эр яЁюью ёрщЄрї т фхёъЄюях ш ьюс тхЁёш ї","issuetype":{"self":"https://neuralab.atlassian.net/rest/api/3/issuetype/10013","id":"10013","description":"The sub-task of the issue","iconUrl":"https://neuralab.atlassian.net/rest/api/2/universal_avatar/view/type/issuetype/avatar/10316?size=medium","name":"Sub-task","subtask":true,"avatarId":10316,"hierarchyLevel":-1},"project":{"self":"https://neuralab.atlassian.net/rest/api/3/project/10115","id":"10115","key":"TWMP","name":"TW Market Projects","projectTypeKey":"software","simplified":false,"avatarUrls":{"48x48":"https://neuralab.atlassian.net/rest/api/3/universal_avatar/view/type/project/avatar/10403","24x24":"https://neuralab.atlassian.net/rest/api/3/universal_avatar/view/type/project/avatar/10403?size=small","16x16":"https://neuralab.atlassian.net/rest/api/3/universal_avatar/view/type/project/avatar/10403?size=xsmall","32x32":"https://neuralab.atlassian.net/rest/api/3/universal_avatar/view/type/project/avatar/10403?size=medium"}},"parent":{"id":"11428","key":"TWMP-1202","self":"https://neuralab.atlassian.net/rest/api/3/issue/11428","fields":{"summary":"└эрышЄшър ъ ъюэЎє  этрЁ  + яЁюью эр яЁрчфэшъш","status":{"self":"https://neuralab.atlassian.net/rest/api/3/status/10005","description":"","iconUrl":"https://neuralab.atlassian.net/","name":"Done","id":"10005","statusCategory":{"self":"https://neuralab.atlassian.net/rest/api/3/statuscategory/3","id":3,"key":"done","colorName":"green","name":"Done"}},"priority":{"self":"https://neuralab.atlassian.net/rest/api/3/priority/3","iconUrl":"https://neuralab.atlassian.net/images/icons/priorities/medium_new.svg","name":"Medium","id":"3"},"issuetype":{"self":"https://neuralab.atlassian.net/rest/api/3/issuetype/10006","id":"10006","description":"Stories track functionality or features expressed as user goals.","iconUrl":"https://neuralab.atlassian.net/rest/api/2/universal_avatar/view/type/issuetype/avatar/10315?size=medium","name":"Story","subtask":false,"avatarId":10315,"hierarchyLevel":0}}},"fixVersions":[],"status":{"self":"https://neuralab.atlassian.net/rest/api/3/status/10005","description":"","iconUrl":"https://neuralab.atlassian.net/","name":"Done","id":"10005","statusCategory":{"self":"https://neuralab.atlassian.net/rest/api/3/statuscategory/3","id":3,"key":"done","colorName":"green","name":"Done"}}}},{"expand":"renderedFields,names,schema,operations,editmeta,changelog,versionedRepresentations","id":"11358","self":"https://neuralab.atlassian.net/rest/api/3/issue/11358","key":"TWMP-1251","fields":{"summary":"╙ёЄрэютшЄ№ ш эрёЄЁюшЄ№ ьхЄЁшъє эр яЁюью ёрщЄ√","issuetype":{"self":"https://neuralab.atlassian.net/rest/api/3/issuetype/10013","id":"10013","description":"The sub-task of the issue","iconUrl":"https://neuralab.atlassian.net/rest/api/2/universal_avatar/view/type/issuetype/avatar/10316?size=medium","name":"Sub-task","subtask":true,"avatarId":10316,"hierarchyLevel":-1},"project":{"self":"https://neuralab.atlassian.net/rest/api/3/project/10115","id":"10115","key":"TWMP","name":"TW Market Projects","projectTypeKey":"software","simplified":false,"avatarUrls":{"48x48":"https://neuralab.atlassian.net/rest/api/3/universal_avatar/view/type/project/avatar/10403","24x24":"https://neuralab.atlassian.net/rest/api/3/universal_avatar/view/type/project/avatar/10403?size=small","16x16":"https://neuralab.atlassian.net/rest/api/3/universal_avatar/view/type/project/avatar/10403?size=xsmall","32x32":"https://neuralab.atlassian.net/rest/api/3/universal_avatar/view/type/project/avatar/10403?size=medium"}},"parent":{"id":"11428","key":"TWMP-1202","self":"https://neuralab.atlassian.net/rest/api/3/issue/11428","fields":{"summary":"└эрышЄшър ъ ъюэЎє  этрЁ  + яЁюью эр яЁрчфэшъш","status":{"self":"https://neuralab.atlassian.net/rest/api/3/status/10005","description":"","iconUrl":"https://neuralab.atlassian.net/","name":"Done","id":"10005","statusCategory":{"self":"https://neuralab.atlassian.net/rest/api/3/statuscategory/3","id":3,"key":"done","colorName":"green","name":"Done"}},"priority":{"self":"https://neuralab.atlassian.net/rest/api/3/priority/3","iconUrl":"https://neuralab.atlassian.net/images/icons/priorities/medium_new.svg","name":"Medium","id":"3"},"issuetype":{"self":"https://neuralab.atlassian.net/rest/api/3/issuetype/10006","id":"10006","description":"Stories track functionality or features expressed as user goals.","iconUrl":"https://neuralab.atlassian.net/rest/api/2/universal_avatar/view/type/issuetype/avatar/10315?size=medium","name":"Story","subtask":false,"avatarId":10315,"hierarchyLevel":0}}},"fixVersions":[],"status":{"self":"https://neuralab.atlassian.net/rest/api/3/status/10005","description":"","iconUrl":"https://neuralab.atlassian.net/","name":"Done","id":"10005","statusCategory":{"self":"https://neuralab.atlassian.net/rest/api/3/statuscategory/3","id":3,"key":"done","colorName":"green","name":"Done"}}}},{"expand":"renderedFields,names,schema,operations,editmeta,changelog,versionedRepresentations","id":"11328","self":"https://neuralab.atlassian.net/rest/api/3/issue/11328","key":"TWMP-1250","fields":{"summary":"╧юыєўшЄ№ фюёЄєя ъ ёЄрЄшёЄшъх сшЄыш ш яЁюрэрышчшЁютрЄ№ ышэъш шэЇыют","issuetype":{"self":"https://neuralab.atlassian.net/rest/api/3/issuetype/10013","id":"10013","description":"The sub-task of the issue","iconUrl":"https://neuralab.atlassian.net/rest/api/2/universal_avatar/view/type/issuetype/avatar/10316?size=medium","name":"Sub-task","subtask":true,"avatarId":10316,"hierarchyLevel":-1},"project":{"self":"https://neuralab.atlassian.net/rest/api/3/project/10115","id":"10115","key":"TWMP","name":"TW Market Projects","projectTypeKey":"software","simplified":false,"avatarUrls":{"48x48":"https://neuralab.atlassian.net/rest/api/3/universal_avatar/view/type/project/avatar/10403","24x24":"https://neuralab.atlassian.net/rest/api/3/universal_avatar/view/type/project/avatar/10403?size=small","16x16":"https://neuralab.atlassian.net/rest/api/3/universal_avatar/view/type/project/avatar/10403?size=xsmall","32x32":"https://neuralab.atlassian.net/rest/api/3/universal_avatar/view/type/project/avatar/10403?size=medium"}},"parent":{"id":"11428","key":"TWMP-1202","self":"https://neuralab.atlassian.net/rest/api/3/issue/11428","fields":{"summary":"└эрышЄшър ъ ъюэЎє  этрЁ  + яЁюью эр яЁрчфэшъш","status":{"self":"https://neuralab.atlassian.net/rest/api/3/status/10005","description":"","iconUrl":"https://neuralab.atlassian.net/","name":"Done","id":"10005","statusCategory":{"self":"https://neuralab.atlassian.net/rest/api/3/statuscategory/3","id":3,"key":"done","colorName":"green","name":"Done"}},"priority":{"self":"https://neuralab.atlassian.net/rest/api/3/priority/3","iconUrl":"https://neuralab.atlassian.net/images/icons/priorities/medium_new.svg","name":"Medium","id":"3"},"issuetype":{"self":"https://neuralab.atlassian.net/rest/api/3/issuetype/10006","id":"10006","description":"Stories track functionality or features expressed as user goals.","iconUrl":"https://neuralab.atlassian.net/rest/api/2/universal_avatar/view/type/issuetype/avatar/10315?size=medium","name":"Story","subtask":false,"avatarId":10315,"hierarchyLevel":0}}},"fixVersions":[],"status":{"self":"https://neuralab.atlassian.net/rest/api/3/status/10005","description":"","iconUrl":"https://neuralab.atlassian.net/","name":"Done","id":"10005","statusCategory":{"self":"https://neuralab.atlassian.net/rest/api/3/statuscategory/3","id":3,"key":"done","colorName":"green","name":"Done"}}}},{"expand":"renderedFields,names,schema,operations,editmeta,changelog,versionedRepresentations","id":"11032","self":"https://neuralab.atlassian.net/rest/api/3/issue/11032","key":"TWMP-1246","fields":{"summary":"╙ёЄрэютшЄ№ фшяышэъ т Ёъ фшЁхъЄр фы  ЄхёЄр яхЁхфрўш фрээ√ї","issuetype":{"self":"https://neuralab.atlassian.net/rest/api/3/issuetype/10013","id":"10013","description":"The sub-task of the issue","iconUrl":"https://neuralab.atlassian.net/rest/api/2/universal_avatar/view/type/issuetype/avatar/10316?size=medium","name":"Sub-task","subtask":true,"avatarId":10316,"hierarchyLevel":-1},"project":{"self":"https://neuralab.atlassian.net/rest/api/3/project/10115","id":"10115","key":"TWMP","name":"TW Market Projects","projectTypeKey":"software","simplified":false,"avatarUrls":{"48x48":"https://neuralab.atlassian.net/rest/api/3/universal_avatar/view/type/project/avatar/10403","24x24":"https://neuralab.atlassian.net/rest/api/3/universal_avatar/view/type/project/avatar/10403?size=small","16x16":"https://neuralab.atlassian.net/rest/api/3/universal_avatar/view/type/project/avatar/10403?size=xsmall","32x32":"https://neuralab.atlassian.net/rest/api/3/universal_avatar/view/type/project/avatar/10403?size=medium"}},"parent":{"id":"11428","key":"TWMP-1202","self":"https://neuralab.atlassian.net/rest/api/3/issue/11428","fields":{"summary":"└эрышЄшър ъ ъюэЎє  этрЁ  + яЁюью эр яЁрчфэшъш","status":{"self":"https://neuralab.atlassian.net/rest/api/3/status/10005","description":"","iconUrl":"https://neuralab.atlassian.net/","name":"Done","id":"10005","statusCategory":{"self":"https://neuralab.atlassian.net/rest/api/3/statuscategory/3","id":3,"key":"done","colorName":"green","name":"Done"}},"priority":{"self":"https://neuralab.atlassian.net/rest/api/3/priority/3","iconUrl":"https://neuralab.atlassian.net/images/icons/priorities/medium_new.svg","name":"Medium","id":"3"},"issuetype":{"self":"https://neuralab.atlassian.net/rest/api/3/issuetype/10006","id":"10006","description":"Stories track functionality or features expressed as user goals.","iconUrl":"https://neuralab.atlassian.net/rest/api/2/universal_avatar/view/type/issuetype/avatar/10315?size=medium","name":"Story","subtask":false,"avatarId":10315,"hierarchyLevel":0}}},"fixVersions":[],"status":{"self":"https://neuralab.atlassian.net/rest/api/3/status/10005","description":"","iconUrl":"https://neuralab.atlassian.net/","name":"Done","id":"10005","statusCategory":{"self":"https://neuralab.atlassian.net/rest/api/3/statuscategory/3","id":3,"key":"done","colorName":"green","name":"Done"}}}},{"expand":"renderedFields,names,schema,operations,editmeta,changelog,versionedRepresentations","id":"11657","self":"https://neuralab.atlassian.net/rest/api/3/issue/11657","key":"TWMP-1245","fields":{"summary":"╤ючфрЄ№ фшяышэъ фы  ЄхёЄр ёътючэющ рэрышЄшъш","issuetype":{"self":"https://neuralab.atlassian.net/rest/api/3/issuetype/10013","id":"10013","description":"The sub-task of the issue","iconUrl":"https://neuralab.atlassian.net/rest/api/2/universal_avatar/view/type/issuetype/avatar/10316?size=medium","name":"Sub-task","subtask":true,"avatarId":10316,"hierarchyLevel":-1},"project":{"self":"https://neuralab.atlassian.net/rest/api/3/project/10115","id":"10115","key":"TWMP","name":"TW Market Projects","projectTypeKey":"software","simplified":false,"avatarUrls":{"48x48":"https://neuralab.atlassian.net/rest/api/3/universal_avatar/view/type/project/avatar/10403","24x24":"https://neuralab.atlassian.net/rest/api/3/universal_avatar/view/type/project/avatar/10403?size=small","16x16":"https://neuralab.atlassian.net/rest/api/3/universal_avatar/view/type/project/avatar/10403?size=xsmall","32x32":"https://neuralab.atlassian.net/rest/api/3/universal_avatar/view/type/project/avatar/10403?size=medium"}},"parent":{"id":"11428","key":"TWMP-1202","self":"https://neuralab.atlassian.net/rest/api/3/issue/11428","fields":{"summary":"└эрышЄшър ъ ъюэЎє  этрЁ  + яЁюью эр яЁрчфэшъш","status":{"self":"https://neuralab.atlassian.net/rest/api/3/status/10005","description":"","iconUrl":"https://neuralab.atlassian.net/","name":"Done","id":"10005","statusCategory":{"self":"https://neuralab.atlassian.net/rest/api/3/statuscategory/3","id":3,"key":"done","colorName":"green","name":"Done"}},"priority":{"self":"https://neuralab.atlassian.net/rest/api/3/priority/3","iconUrl":"https://neuralab.atlassian.net/images/icons/priorities/medium_new.svg","name":"Medium","id":"3"},"issuetype":{"self":"https://neuralab.atlassian.net/rest/api/3/issuetype/10006","id":"10006","description":"Stories track functionality or features expressed as user goals.","iconUrl":"https://neuralab.atlassian.net/rest/api/2/universal_avatar/view/type/issuetype/avatar/10315?size=medium","name":"Story","subtask":false,"avatarId":10315,"hierarchyLevel":0}}},"fixVersions":[],"status":{"self":"https://neuralab.atlassian.net/rest/api/3/status/10005","description":"","iconUrl":"https://neuralab.atlassian.net/","name":"Done","id":"10005","statusCategory":{"self":"https://neuralab.atlassian.net/rest/api/3/statuscategory/3","id":3,"key":"done","colorName":"green","name":"Done"}}}},{"expand":"renderedFields,names,schema,operations,editmeta,changelog,versionedRepresentations","id":"11025","self":"https://neuralab.atlassian.net/rest/api/3/issue/11025","key":"TWMP-1244","fields":{"summary":"╙ёЄрэютюўэр  тёЄЁхўр ","issuetype":{"self":"https://neuralab.atlassian.net/rest/api/3/issuetype/10013","id":"10013","description":"The sub-task of the issue","iconUrl":"https://neuralab.atlassian.net/rest/api/2/universal_avatar/view/type/issuetype/avatar/10316?size=medium","name":"Sub-task","subtask":true,"avatarId":10316,"hierarchyLevel":-1},"project":{"self":"https://neuralab.atlassian.net/rest/api/3/project/10115","id":"10115","key":"TWMP","name":"TW Market Projects","projectTypeKey":"software","simplified":false,"avatarUrls":{"48x48":"https://neuralab.atlassian.net/rest/api/3/universal_avatar/view/type/project/avatar/10403","24x24":"https://neuralab.atlassian.net/rest/api/3/universal_avatar/view/type/project/avatar/10403?size=small","16x16":"https://neuralab.atlassian.net/rest/api/3/universal_avatar/view/type/project/avatar/10403?size=xsmall","32x32":"https://neuralab.atlassian.net/rest/api/3/universal_avatar/view/type/project/avatar/10403?size=medium"}},"parent":{"id":"11428","key":"TWMP-1202","self":"https://neuralab.atlassian.net/rest/api/3/issue/11428","fields":{"summary":"└эрышЄшър ъ ъюэЎє  этрЁ  + яЁюью эр яЁрчфэшъш","status":{"self":"https://neuralab.atlassian.net/rest/api/3/status/10005","description":"","iconUrl":"https://neuralab.atlassian.net/","name":"Done","id":"10005","statusCategory":{"self":"https://neuralab.atlassian.net/rest/api/3/statuscategory/3","id":3,"key":"done","colorName":"green","name":"Done"}},"priority":{"self":"https://neuralab.atlassian.net/rest/api/3/priority/3","iconUrl":"https://neuralab.atlassian.net/images/icons/priorities/medium_new.svg","name":"Medium","id":"3"},"issuetype":{"self":"https://neuralab.atlassian.net/rest/api/3/issuetype/10006","id":"10006","description":"Stories track functionality or features expressed as user goals.","iconUrl":"https://neuralab.atlassian.net/rest/api/2/universal_avatar/view/type/issuetype/avatar/10315?size=medium","name":"Story","subtask":false,"avatarId":10315,"hierarchyLevel":0}}},"fixVersions":[],"status":{"self":"https://neuralab.atlassian.net/rest/api/3/status/10005","description":"","iconUrl":"https://neuralab.atlassian.net/","name":"Done","id":"10005","statusCategory":{"self":"https://neuralab.atlassian.net/rest/api/3/statuscategory/3","id":3,"key":"done","colorName":"green","name":"Done"}}}},{"expand":"renderedFields,names,schema,operations,editmeta,changelog,versionedRepresentations","id":"10683","self":"https://neuralab.atlassian.net/rest/api/3/issue/10683","key":"TWMP-1243","fields":{"summary":"╟ртхёЄш рэрышЄшъє фы  ▀ фшЁхъЄр, эрёЄЁюшЄ№ ш єёЄрэютшЄ№ фы  ёрщЄр т чюэх .com","issuetype":{"self":"https://neuralab.atlassian.net/rest/api/3/issuetype/10013","id":"10013","description":"The sub-task of the issue","iconUrl":"https://neuralab.atlassian.net/rest/api/2/universal_avatar/view/type/issuetype/avatar/10316?size=medium","name":"Sub-task","subtask":true,"avatarId":10316,"hierarchyLevel":-1},"project":{"self":"https://neuralab.atlassian.net/rest/api/3/project/10115","id":"10115","key":"TWMP","name":"TW Market Projects","projectTypeKey":"software","simplified":false,"avatarUrls":{"48x48":"https://neuralab.atlassian.net/rest/api/3/universal_avatar/view/type/project/avatar/10403","24x24":"https://neuralab.atlassian.net/rest/api/3/universal_avatar/view/type/project/avatar/10403?size=small","16x16":"https://neuralab.atlassian.net/rest/api/3/universal_avatar/view/type/project/avatar/10403?size=xsmall","32x32":"https://neuralab.atlassian.net/rest/api/3/universal_avatar/view/type/project/avatar/10403?size=medium"}},"parent":{"id":"11428","key":"TWMP-1202","self":"https://neuralab.atlassian.net/rest/api/3/issue/11428","fields":{"summary":"└эрышЄшър ъ ъюэЎє  этрЁ  + яЁюью эр яЁрчфэшъш","status":{"self":"https://neuralab.atlassian.net/rest/api/3/status/10005","description":"","iconUrl":"https://neuralab.atlassian.net/","name":"Done","id":"10005","statusCategory":{"self":"https://neuralab.atlassian.net/rest/api/3/statuscategory/3","id":3,"key":"done","colorName":"green","name":"Done"}},"priority":{"self":"https://neuralab.atlassian.net/rest/api/3/priority/3","iconUrl":"https://neuralab.atlassian.net/images/icons/priorities/medium_new.svg","name":"Medium","id":"3"},"issuetype":{"self":"https://neuralab.atlassian.net/rest/api/3/issuetype/10006","id":"10006","description":"Stories track functionality or features expressed as user goals.","iconUrl":"https://neuralab.atlassian.net/rest/api/2/universal_avatar/view/type/issuetype/avatar/10315?size=medium","name":"Story","subtask":false,"avatarId":10315,"hierarchyLevel":0}}},"fixVersions":[],"status":{"self":"https://neuralab.atlassian.net/rest/api/3/status/10005","description":"","iconUrl":"https://neuralab.atlassian.net/","name":"Done","id":"10005","statusCategory":{"self":"https://neuralab.atlassian.net/rest/api/3/statuscategory/3","id":3,"key":"done","colorName":"green","name":"Done"}}}},{"expand":"renderedFields,names,schema,operations,editmeta,changelog,versionedRepresentations","id":"11120","self":"https://neuralab.atlassian.net/rest/api/3/issue/11120","key":"TWMP-1223","fields":{"summary":"╚═ ▌╧╧","issuetype":{"self":"https://neuralab.atlassian.net/rest/api/3/issuetype/10013","id":"10013","description":"The sub-task of the issue","iconUrl":"https://neuralab.atlassian.net/rest/api/2/universal_avatar/view/type/issuetype/avatar/10316?size=medium","name":"Sub-task","subtask":true,"avatarId":10316,"hierarchyLevel":-1},"project":{"self":"https://neuralab.atlassian.net/rest/api/3/project/10115","id":"10115","key":"TWMP","name":"TW Market Projects","projectTypeKey":"software","simplified":false,"avatarUrls":{"48x48":"https://neuralab.atlassian.net/rest/api/3/universal_avatar/view/type/project/avatar/10403","24x24":"https://neuralab.atlassian.net/rest/api/3/universal_avatar/view/type/project/avatar/10403?size=small","16x16":"https://neuralab.atlassian.net/rest/api/3/universal_avatar/view/type/project/avatar/10403?size=xsmall","32x32":"https://neuralab.atlassian.net/rest/api/3/universal_avatar/view/type/project/avatar/10403?size=medium"}},"parent":{"id":"11748","key":"TWMP-1200","self":"https://neuralab.atlassian.net/rest/api/3/issue/11748","fields":{"summary":"╥хёЄ яхЁЇюьрэё","status":{"self":"https://neuralab.atlassian.net/rest/api/3/status/10005","description":"","iconUrl":"https://neuralab.atlassian.net/","name":"Done","id":"10005","statusCategory":{"self":"https://neuralab.atlassian.net/rest/api/3/statuscategory/3","id":3,"key":"done","colorName":"green","name":"Done"}},"priority":{"self":"https://neuralab.atlassian.net/rest/api/3/priority/3","iconUrl":"https://neuralab.atlassian.net/images/icons/priorities/medium_new.svg","name":"Medium","id":"3"},"issuetype":{"self":"https://neuralab.atlassian.net/rest/api/3/issuetype/10006","id":"10006","description":"Stories track functionality or features expressed as user goals.","iconUrl":"https://neuralab.atlassian.net/rest/api/2/universal_avatar/view/type/issuetype/avatar/10315?size=medium","name":"Story","subtask":false,"avatarId":10315,"hierarchyLevel":0}}},"fixVersions":[],"status":{"self":"https://neuralab.atlassian.net/rest/api/3/status/10005","description":"","iconUrl":"https://neuralab.atlassian.net/","name":"Done","id":"10005","statusCategory":{"self":"https://neuralab.atlassian.net/rest/api/3/statuscategory/3","id":3,"key":"done","colorName":"green","name":"Done"}}}},{"expand":"renderedFields,names,schema,operations,editmeta,changelog,versionedRepresentations","id":"11119","self":"https://neuralab.atlassian.net/rest/api/3/issue/11119","key":"TWMP-1222","fields":{"summary":"╩юэЄхъёЄ","issuetype":{"self":"https://neuralab.atlassian.net/rest/api/3/issuetype/10013","id":"10013","description":"The sub-task of the issue","iconUrl":"https://neuralab.atlassian.net/rest/api/2/universal_avatar/view/type/issuetype/avatar/10316?size=medium","name":"Sub-task","subtask":true,"avatarId":10316,"hierarchyLevel":-1},"project":{"self":"https://neuralab.atlassian.net/rest/api/3/project/10115","id":"10115","key":"TWMP","name":"TW Market Projects","projectTypeKey":"software","simplified":false,"avatarUrls":{"48x48":"https://neuralab.atlassian.net/rest/api/3/universal_avatar/view/type/project/avatar/10403","24x24":"https://neuralab.atlassian.net/rest/api/3/universal_avatar/view/type/project/avatar/10403?size=small","16x16":"https://neuralab.atlassian.net/rest/api/3/universal_avatar/view/type/project/avatar/10403?size=xsmall","32x32":"https://neuralab.atlassian.net/rest/api/3/universal_avatar/view/type/project/avatar/10403?size=medium"}},"parent":{"id":"11748","key":"TWMP-1200","self":"https://neuralab.atlassian.net/rest/api/3/issue/11748","fields":{"summary":"╥хёЄ яхЁЇюьрэё","status":{"self":"https://neuralab.atlassian.net/rest/api/3/status/10005","description":"","iconUrl":"https://neuralab.atlassian.net/","name":"Done","id":"10005","statusCategory":{"self":"https://neuralab.atlassian.net/rest/api/3/statuscategory/3","id":3,"key":"done","colorName":"green","name":"Done"}},"priority":{"self":"https://neuralab.atlassian.net/rest/api/3/priority/3","iconUrl":"https://neuralab.atlassian.net/images/icons/priorities/medium_new.svg","name":"Medium","id":"3"},"issuetype":{"self":"https://neuralab.atlassian.net/rest/api/3/issuetype/10006","id":"10006","description":"Stories track functionality or features expressed as user goals.","iconUrl":"https://neuralab.atlassian.net/rest/api/2/universal_avatar/view/type/issuetype/avatar/10315?size=medium","name":"Story","subtask":false,"avatarId":10315,"hierarchyLevel":0}}},"fixVersions":[],"status":{"self":"https://neuralab.atlassian.net/rest/api/3/status/10005","description":"","iconUrl":"https://neuralab.atlassian.net/","name":"Done","id":"10005","statusCategory":{"self":"https://neuralab.atlassian.net/rest/api/3/statuscategory/3","id":3,"key":"done","colorName":"green","name":"Done"}}}},{"expand":"renderedFields,names,schema,operations,editmeta,changelog,versionedRepresentations","id":"10844","self":"https://neuralab.atlassian.net/rest/api/3/issue/10844","key":"TWMP-1186","fields":{"summary":"╩юэЄхъёЄ ╥┼╤╥ ╧┼╨╘╬╠└═╤","issuetype":{"self":"https://neuralab.atlassian.net/rest/api/3/issuetype/10006","id":"10006","description":"Stories track functionality or features expressed as user goals.","iconUrl":"https://neuralab.atlassian.net/rest/api/2/universal_avatar/view/type/issuetype/avatar/10315?size=medium","name":"Story","subtask":false,"avatarId":10315,"hierarchyLevel":0},"project":{"self":"https://neuralab.atlassian.net/rest/api/3/project/10115","id":"10115","key":"TWMP","name":"TW Market Projects","projectTypeKey":"software","simplified":false,"avatarUrls":{"48x48":"https://neuralab.atlassian.net/rest/api/3/universal_avatar/view/type/project/avatar/10403","24x24":"https://neuralab.atlassian.net/rest/api/3/universal_avatar/view/type/project/avatar/10403?size=small","16x16":"https://neuralab.atlassian.net/rest/api/3/universal_avatar/view/type/project/avatar/10403?size=xsmall","32x32":"https://neuralab.atlassian.net/rest/api/3/universal_avatar/view/type/project/avatar/10403?size=medium"}},"fixVersions":[],"status":{"self":"https://neuralab.atlassian.net/rest/api/3/status/10005","description":"","iconUrl":"https://neuralab.atlassian.net/","name":"Done","id":"10005","statusCategory":{"self":"https://neuralab.atlassian.net/rest/api/3/statuscategory/3","id":3,"key":"done","colorName":"green","name":"Done"}}}},{"expand":"renderedFields,names,schema,operations,editmeta,changelog,versionedRepresentations","id":"11330","self":"https://neuralab.atlassian.net/rest/api/3/issue/11330","key":"TWMP-482","fields":{"summary":"┬√сюЁ яюфЁ фўшър фы  ЁрсюЄ√ яю CPA","issuetype":{"self":"https://neuralab.atlassian.net/rest/api/3/issuetype/10012","id":"10012","description":"A task that needs to be done.","iconUrl":"https://neuralab.atlassian.net/rest/api/2/universal_avatar/view/type/issuetype/avatar/10318?size=medium","name":"Task","subtask":false,"avatarId":10318,"hierarchyLevel":0},"project":{"self":"https://neuralab.atlassian.net/rest/api/3/project/10115","id":"10115","key":"TWMP","name":"TW Market Projects","projectTypeKey":"software","simplified":false,"avatarUrls":{"48x48":"https://neuralab.atlassian.net/rest/api/3/universal_avatar/view/type/project/avatar/10403","24x24":"https://neuralab.atlassian.net/rest/api/3/universal_avatar/view/type/project/avatar/10403?size=small","16x16":"https://neuralab.atlassian.net/rest/api/3/universal_avatar/view/type/project/avatar/10403?size=xsmall","32x32":"https://neuralab.atlassian.net/rest/api/3/universal_avatar/view/type/project/avatar/10403?size=medium"}},"fixVersions":[],"status":{"self":"https://neuralab.atlassian.net/rest/api/3/status/10005","description":"","iconUrl":"https://neuralab.atlassian.net/","name":"Done","id":"10005","statusCategory":{"self":"https://neuralab.atlassian.net/rest/api/3/statuscategory/3","id":3,"key":"done","colorName":"green","name":"Done"}}}},{"expand":"renderedFields,names,schema,operations,editmeta,changelog,versionedRepresentations","id":"30992","self":"https://neuralab.atlassian.net/rest/api/3/issue/30992","key":"TWMON-4979","fields":{"summary":"╤ъЁєуыхэшх ёююс∙хэшщ","issuetype":{"self":"https://neuralab.atlassian.net/rest/api/3/issuetype/10012","id":"10012","description":"A task that needs to be done.","iconUrl":"https://neuralab.atlassian.net/rest/api/2/universal_avatar/view/type/issuetype/avatar/10318?size=medium","name":"Task","subtask":false,"avatarId":10318,"hierarchyLevel":0},"project":{"self":"https://neuralab.atlassian.net/rest/api/3/project/10807","id":"10807","key":"TWMON","name":"TW Monolith Backend","projectTypeKey":"software","simplified":false,"avatarUrls":{"48x48":"https://neuralab.atlassian.net/rest/api/3/universal_avatar/view/type/project/avatar/10421","24x24":"https://neuralab.atlassian.net/rest/api/3/universal_avatar/view/type/project/avatar/10421?size=small","16x16":"https://neuralab.atlassian.net/rest/api/3/universal_avatar/view/type/project/avatar/10421?size=xsmall","32x32":"https://neuralab.atlassian.net/rest/api/3/universal_avatar/view/type/project/avatar/10421?size=medium"},"projectCategory":{"self":"https://neuralab.atlassian.net/rest/api/3/projectCategory/10000","id":"10000","description":"","name":"╨рчЁрсюЄър"}},"fixVersions":[],"status":{"self":"https://neuralab.atlassian.net/rest/api/3/status/10005","description":"","iconUrl":"https://neuralab.atlassian.net/","name":"Done","id":"10005","statusCategory":{"self":"https://neuralab.atlassian.net/rest/api/3/statuscategory/3","id":3,"key":"done","colorName":"green","name":"Done"}}}},{"expand":"renderedFields,names,schema,operations,editmeta,changelog,versionedRepresentations","id":"32766","self":"https://neuralab.atlassian.net/rest/api/3/issue/32766","key":"TWMON-4867","fields":{"summary":"╤ЄрЄєё яхўрЄрхЄ т ўрЄх","issuetype":{"self":"https://neuralab.atlassian.net/rest/api/3/issuetype/10012","id":"10012","description":"A task that needs to be done.","iconUrl":"https://neuralab.atlassian.net/rest/api/2/universal_avatar/view/type/issuetype/avatar/10318?size=medium","name":"Task","subtask":false,"avatarId":10318,"hierarchyLevel":0},"project":{"self":"https://neuralab.atlassian.net/rest/api/3/project/10807","id":"10807","key":"TWMON","name":"TW Monolith Backend","projectTypeKey":"software","simplified":false,"avatarUrls":{"48x48":"https://neuralab.atlassian.net/rest/api/3/universal_avatar/view/type/project/avatar/10421","24x24":"https://neuralab.atlassian.net/rest/api/3/universal_avatar/view/type/project/avatar/10421?size=small","16x16":"https://neuralab.atlassian.net/rest/api/3/universal_avatar/view/type/project/avatar/10421?size=xsmall","32x32":"https://neuralab.atlassian.net/rest/api/3/universal_avatar/view/type/project/avatar/10421?size=medium"},"projectCategory":{"self":"https://neuralab.atlassian.net/rest/api/3/projectCategory/10000","id":"10000","description":"","name":"╨рчЁрсюЄър"}},"fixVersions":[],"status":{"self":"https://neuralab.atlassian.net/rest/api/3/status/10005","description":"","iconUrl":"https://neuralab.atlassian.net/","name":"Done","id":"10005","statusCategory":{"self":"https://neuralab.atlassian.net/rest/api/3/statuscategory/3","id":3,"key":"done","colorName":"green","name":"Done"}}}},{"expand":"renderedFields,names,schema,operations,editmeta,changelog,versionedRepresentations","id":"31000","self":"https://neuralab.atlassian.net/rest/api/3/issue/31000","key":"TWMON-4794","fields":{"summary":"╚чьхэшЄ№ ЁрчьхЁ ¤ьюфцш","issuetype":{"self":"https://neuralab.atlassian.net/rest/api/3/issuetype/10012","id":"10012","description":"A task that needs to be done.","iconUrl":"https://neuralab.atlassian.net/rest/api/2/universal_avatar/view/type/issuetype/avatar/10318?size=medium","name":"Task","subtask":false,"avatarId":10318,"hierarchyLevel":0},"project":{"self":"https://neuralab.atlassian.net/rest/api/3/project/10807","id":"10807","key":"TWMON","name":"TW Monolith Backend","projectTypeKey":"software","simplified":false,"avatarUrls":{"48x48":"https://neuralab.atlassian.net/rest/api/3/universal_avatar/view/type/project/avatar/10421","24x24":"https://neuralab.atlassian.net/rest/api/3/universal_avatar/view/type/project/avatar/10421?size=small","16x16":"https://neuralab.atlassian.net/rest/api/3/universal_avatar/view/type/project/avatar/10421?size=xsmall","32x32":"https://neuralab.atlassian.net/rest/api/3/universal_avatar/view/type/project/avatar/10421?size=medium"},"projectCategory":{"self":"https://neuralab.atlassian.net/rest/api/3/projectCategory/10000","id":"10000","description":"","name":"╨рчЁрсюЄър"}},"fixVersions":[],"status":{"self":"https://neuralab.atlassian.net/rest/api/3/status/10005","description":"","iconUrl":"https://neuralab.atlassian.net/","name":"Done","id":"10005","statusCategory":{"self":"https://neuralab.atlassian.net/rest/api/3/statuscategory/3","id":3,"key":"done","colorName":"green","name":"Done"}}}},{"expand":"renderedFields,names,schema,operations,editmeta,changelog,versionedRepresentations","id":"31079","self":"https://neuralab.atlassian.net/rest/api/3/issue/31079","key":"TWMON-4728","fields":{"summary":"╟ряЁхЄшЄ№ єфрыхэшх тёхї ёяюёюсют тїюфр ","issuetype":{"self":"https://neuralab.atlassian.net/rest/api/3/issuetype/10012","id":"10012","description":"A task that needs to be done.","iconUrl":"https://neuralab.atlassian.net/rest/api/2/universal_avatar/view/type/issuetype/avatar/10318?size=medium","name":"Task","subtask":false,"avatarId":10318,"hierarchyLevel":0},"project":{"self":"https://neuralab.atlassian.net/rest/api/3/project/10807","id":"10807","key":"TWMON","name":"TW Monolith Backend","projectTypeKey":"software","simplified":false,"avatarUrls":{"48x48":"https://neuralab.atlassian.net/rest/api/3/universal_avatar/view/type/project/avatar/10421","24x24":"https://neuralab.atlassian.net/rest/api/3/universal_avatar/view/type/project/avatar/10421?size=small","16x16":"https://neuralab.atlassian.net/rest/api/3/universal_avatar/view/type/project/avatar/10421?size=xsmall","32x32":"https://neuralab.atlassian.net/rest/api/3/universal_avatar/view/type/project/avatar/10421?size=medium"},"projectCategory":{"self":"https://neuralab.atlassian.net/rest/api/3/projectCategory/10000","id":"10000","description":"","name":"╨рчЁрсюЄър"}},"fixVersions":[],"status":{"self":"https://neuralab.atlassian.net/rest/api/3/status/10005","description":"","iconUrl":"https://neuralab.atlassian.net/","name":"Done","id":"10005","statusCategory":{"self":"https://neuralab.atlassian.net/rest/api/3/statuscategory/3","id":3,"key":"done","colorName":"green","name":"Done"}}}},{"expand":"renderedFields,names,schema,operations,editmeta,changelog,versionedRepresentations","id":"32812","self":"https://neuralab.atlassian.net/rest/api/3/issue/32812","key":"TWMON-4612","fields":{"summary":"╨рчфхышЄ№ /api/communications","issuetype":{"self":"https://neuralab.atlassian.net/rest/api/3/issuetype/10012","id":"10012","description":"A task that needs to be done.","iconUrl":"https://neuralab.atlassian.net/rest/api/2/universal_avatar/view/type/issuetype/avatar/10318?size=medium","name":"Task","subtask":false,"avatarId":10318,"hierarchyLevel":0},"project":{"self":"https://neuralab.atlassian.net/rest/api/3/project/10807","id":"10807","key":"TWMON","name":"TW Monolith Backend","projectTypeKey":"software","simplified":false,"avatarUrls":{"48x48":"https://neuralab.atlassian.net/rest/api/3/universal_avatar/view/type/project/avatar/10421","24x24":"https://neuralab.atlassian.net/rest/api/3/universal_avatar/view/type/project/avatar/10421?size=small","16x16":"https://neuralab.atlassian.net/rest/api/3/universal_avatar/view/type/project/avatar/10421?size=xsmall","32x32":"https://neuralab.atlassian.net/rest/api/3/universal_avatar/view/type/project/avatar/10421?size=medium"},"projectCategory":{"self":"https://neuralab.atlassian.net/rest/api/3/projectCategory/10000","id":"10000","description":"","name":"╨рчЁрсюЄър"}},"fixVersions":[],"status":{"self":"https://neuralab.atlassian.net/rest/api/3/status/10005","description":"","iconUrl":"https://neuralab.atlassian.net/","name":"Done","id":"10005","statusCategory":{"self":"https://neuralab.atlassian.net/rest/api/3/statuscategory/3","id":3,"key":"done","colorName":"green","name":"Done"}}}},{"expand":"renderedFields,names,schema,operations,editmeta,changelog,versionedRepresentations","id":"31370","self":"https://neuralab.atlassian.net/rest/api/3/issue/31370","key":"TWMON-4477","fields":{"summary":"╟ряЁхЄшЄ№ яЁшт ч√трЄ№ ёяюёюс тїюфр ъюЄюЁ√щ шёяюы№чєхЄё  эр фЁєуюь ръърєэЄх","issuetype":{"self":"https://neuralab.atlassian.net/rest/api/3/issuetype/10012","id":"10012","description":"A task that needs to be done.","iconUrl":"https://neuralab.atlassian.net/rest/api/2/universal_avatar/view/type/issuetype/avatar/10318?size=medium","name":"Task","subtask":false,"avatarId":10318,"hierarchyLevel":0},"project":{"self":"https://neuralab.atlassian.net/rest/api/3/project/10807","id":"10807","key":"TWMON","name":"TW Monolith Backend","projectTypeKey":"software","simplified":false,"avatarUrls":{"48x48":"https://neuralab.atlassian.net/rest/api/3/universal_avatar/view/type/project/avatar/10421","24x24":"https://neuralab.atlassian.net/rest/api/3/universal_avatar/view/type/project/avatar/10421?size=small","16x16":"https://neuralab.atlassian.net/rest/api/3/universal_avatar/view/type/project/avatar/10421?size=xsmall","32x32":"https://neuralab.atlassian.net/rest/api/3/universal_avatar/view/type/project/avatar/10421?size=medium"},"projectCategory":{"self":"https://neuralab.atlassian.net/rest/api/3/projectCategory/10000","id":"10000","description":"","name":"╨рчЁрсюЄър"}},"fixVersions":[],"status":{"self":"https://neuralab.atlassian.net/rest/api/3/status/10005","description":"","iconUrl":"https://neuralab.atlassian.net/","name":"Done","id":"10005","statusCategory":{"self":"https://neuralab.atlassian.net/rest/api/3/statuscategory/3","id":3,"key":"done","colorName":"green","name":"Done"}}}},{"expand":"renderedFields,names,schema,operations,editmeta,changelog,versionedRepresentations","id":"28414","self":"https://neuralab.atlassian.net/rest/api/3/issue/28414","key":"TWMON-3793","fields":{"summary":"╨рсюЄр т т√їюфэ√х","issuetype":{"self":"https://neuralab.atlassian.net/rest/api/3/issuetype/10012","id":"10012","description":"A task that needs to be done.","iconUrl":"https://neuralab.atlassian.net/rest/api/2/universal_avatar/view/type/issuetype/avatar/10318?size=medium","name":"Task","subtask":false,"avatarId":10318,"hierarchyLevel":0},"project":{"self":"https://neuralab.atlassian.net/rest/api/3/project/10807","id":"10807","key":"TWMON","name":"TW Monolith Backend","projectTypeKey":"software","simplified":false,"avatarUrls":{"48x48":"https://neuralab.atlassian.net/rest/api/3/universal_avatar/view/type/project/avatar/10421","24x24":"https://neuralab.atlassian.net/rest/api/3/universal_avatar/view/type/project/avatar/10421?size=small","16x16":"https://neuralab.atlassian.net/rest/api/3/universal_avatar/view/type/project/avatar/10421?size=xsmall","32x32":"https://neuralab.atlassian.net/rest/api/3/universal_avatar/view/type/project/avatar/10421?size=medium"},"projectCategory":{"self":"https://neuralab.atlassian.net/rest/api/3/projectCategory/10000","id":"10000","description":"","name":"╨рчЁрсюЄър"}},"fixVersions":[],"status":{"self":"https://neuralab.atlassian.net/rest/api/3/status/10005","description":"","iconUrl":"https://neuralab.atlassian.net/","name":"Done","id":"10005","statusCategory":{"self":"https://neuralab.atlassian.net/rest/api/3/statuscategory/3","id":3,"key":"done","colorName":"green","name":"Done"}}}},{"expand":"renderedFields,names,schema,operations,editmeta,changelog,versionedRepresentations","id":"32706","self":"https://neuralab.atlassian.net/rest/api/3/issue/32706","key":"TWMON-3774","fields":{"summary":"╨рсюЄр т т√їюфэ√х","issuetype":{"self":"https://neuralab.atlassian.net/rest/api/3/issuetype/10012","id":"10012","description":"A task that needs to be done.","iconUrl":"https://neuralab.atlassian.net/rest/api/2/universal_avatar/view/type/issuetype/avatar/10318?size=medium","name":"Task","subtask":false,"avatarId":10318,"hierarchyLevel":0},"project":{"self":"https://neuralab.atlassian.net/rest/api/3/project/10807","id":"10807","key":"TWMON","name":"TW Monolith Backend","projectTypeKey":"software","simplified":false,"avatarUrls":{"48x48":"https://neuralab.atlassian.net/rest/api/3/universal_avatar/view/type/project/avatar/10421","24x24":"https://neuralab.atlassian.net/rest/api/3/universal_avatar/view/type/project/avatar/10421?size=small","16x16":"https://neuralab.atlassian.net/rest/api/3/universal_avatar/view/type/project/avatar/10421?size=xsmall","32x32":"https://neuralab.atlassian.net/rest/api/3/universal_avatar/view/type/project/avatar/10421?size=medium"},"projectCategory":{"self":"https://neuralab.atlassian.net/rest/api/3/projectCategory/10000","id":"10000","description":"","name":"╨рчЁрсюЄър"}},"fixVersions":[],"status":{"self":"https://neuralab.atlassian.net/rest/api/3/status/10005","description":"","iconUrl":"https://neuralab.atlassian.net/","name":"Done","id":"10005","statusCategory":{"self":"https://neuralab.atlassian.net/rest/api/3/statuscategory/3","id":3,"key":"done","colorName":"green","name":"Done"}}}},{"expand":"renderedFields,names,schema,operations,editmeta,changelog,versionedRepresentations","id":"31440","self":"https://neuralab.atlassian.net/rest/api/3/issue/31440","key":"TWMON-3652","fields":{"summary":"[mobile]. ╟рьхэшЄ№ ъэюяъє ═рчрф эр ¤ъЁрэрї єфрыхэш  яЁюЇшы ","issuetype":{"self":"https://neuralab.atlassian.net/rest/api/3/issuetype/10012","id":"10012","description":"A task that needs to be done.","iconUrl":"https://neuralab.atlassian.net/rest/api/2/universal_avatar/view/type/issuetype/avatar/10318?size=medium","name":"Task","subtask":false,"avatarId":10318,"hierarchyLevel":0},"project":{"self":"https://neuralab.atlassian.net/rest/api/3/project/10807","id":"10807","key":"TWMON","name":"TW Monolith Backend","projectTypeKey":"software","simplified":false,"avatarUrls":{"48x48":"https://neuralab.atlassian.net/rest/api/3/universal_avatar/view/type/project/avatar/10421","24x24":"https://neuralab.atlassian.net/rest/api/3/universal_avatar/view/type/project/avatar/10421?size=small","16x16":"https://neuralab.atlassian.net/rest/api/3/universal_avatar/view/type/project/avatar/10421?size=xsmall","32x32":"https://neuralab.atlassian.net/rest/api/3/universal_avatar/view/type/project/avatar/10421?size=medium"},"projectCategory":{"self":"https://neuralab.atlassian.net/rest/api/3/projectCategory/10000","id":"10000","description":"","name":"╨рчЁрсюЄър"}},"fixVersions":[],"status":{"self":"https://neuralab.atlassian.net/rest/api/3/status/10005","description":"","iconUrl":"https://neuralab.atlassian.net/","name":"Done","id":"10005","statusCategory":{"self":"https://neuralab.atlassian.net/rest/api/3/statuscategory/3","id":3,"key":"done","colorName":"green","name":"Done"}}}},{"expand":"renderedFields,names,schema,operations,editmeta,changelog,versionedRepresentations","id":"32688","self":"https://neuralab.atlassian.net/rest/api/3/issue/32688","key":"TWMON-3311","fields":{"summary":"╨рсюЄр т т√їюфэ√х","issuetype":{"self":"https://neuralab.atlassian.net/rest/api/3/issuetype/10012","id":"10012","description":"A task that needs to be done.","iconUrl":"https://neuralab.atlassian.net/rest/api/2/universal_avatar/view/type/issuetype/avatar/10318?size=medium","name":"Task","subtask":false,"avatarId":10318,"hierarchyLevel":0},"project":{"self":"https://neuralab.atlassian.net/rest/api/3/project/10807","id":"10807","key":"TWMON","name":"TW Monolith Backend","projectTypeKey":"software","simplified":false,"avatarUrls":{"48x48":"https://neuralab.atlassian.net/rest/api/3/universal_avatar/view/type/project/avatar/10421","24x24":"https://neuralab.atlassian.net/rest/api/3/universal_avatar/view/type/project/avatar/10421?size=small","16x16":"https://neuralab.atlassian.net/rest/api/3/universal_avatar/view/type/project/avatar/10421?size=xsmall","32x32":"https://neuralab.atlassian.net/rest/api/3/universal_avatar/view/type/project/avatar/10421?size=medium"},"projectCategory":{"self":"https://neuralab.atlassian.net/rest/api/3/projectCategory/10000","id":"10000","description":"","name":"╨рчЁрсюЄър"}},"fixVersions":[],"status":{"self":"https://neuralab.atlassian.net/rest/api/3/status/10005","description":"","iconUrl":"https://neuralab.atlassian.net/","name":"Done","id":"10005","statusCategory":{"self":"https://neuralab.atlassian.net/rest/api/3/statuscategory/3","id":3,"key":"done","colorName":"green","name":"Done"}}}},{"expand":"renderedFields,names,schema,operations,editmeta,changelog,versionedRepresentations","id":"28642","self":"https://neuralab.atlassian.net/rest/api/3/issue/28642","key":"TWMON-167","fields":{"summary":"[Back] ╧Ёхьшєь - ёєяхЁырщъш","issuetype":{"self":"https://neuralab.atlassian.net/rest/api/3/issuetype/10012","id":"10012","description":"A task that needs to be done.","iconUrl":"https://neuralab.atlassian.net/rest/api/2/universal_avatar/view/type/issuetype/avatar/10318?size=medium","name":"Task","subtask":false,"avatarId":10318,"hierarchyLevel":0},"project":{"self":"https://neuralab.atlassian.net/rest/api/3/project/10807","id":"10807","key":"TWMON","name":"TW Monolith Backend","projectTypeKey":"software","simplified":false,"avatarUrls":{"48x48":"https://neuralab.atlassian.net/rest/api/3/universal_avatar/view/type/project/avatar/10421","24x24":"https://neuralab.atlassian.net/rest/api/3/universal_avatar/view/type/project/avatar/10421?size=small","16x16":"https://neuralab.atlassian.net/rest/api/3/universal_avatar/view/type/project/avatar/10421?size=xsmall","32x32":"https://neuralab.atlassian.net/rest/api/3/universal_avatar/view/type/project/avatar/10421?size=medium"},"projectCategory":{"self":"https://neuralab.atlassian.net/rest/api/3/projectCategory/10000","id":"10000","description":"","name":"╨рчЁрсюЄър"}},"parent":{"id":"28139","key":"TWMON-1161","self":"https://neuralab.atlassian.net/rest/api/3/issue/28139","fields":{"summary":"Premium ","status":{"self":"https://neuralab.atlassian.net/rest/api/3/status/10005","description":"","iconUrl":"https://neuralab.atlassian.net/","name":"Done","id":"10005","statusCategory":{"self":"https://neuralab.atlassian.net/rest/api/3/statuscategory/3","id":3,"key":"done","colorName":"green","name":"Done"}},"priority":{"self":"https://neuralab.atlassian.net/rest/api/3/priority/3","iconUrl":"https://neuralab.atlassian.net/images/icons/priorities/medium_new.svg","name":"Medium","id":"3"},"issuetype":{"self":"https://neuralab.atlassian.net/rest/api/3/issuetype/10000","id":"10000","description":"A big user story that needs to be broken down. Created by Jira Software - do not edit or delete.","iconUrl":"https://neuralab.atlassian.net/images/icons/issuetypes/epic.svg","name":"Epic","subtask":false,"hierarchyLevel":1}}},"fixVersions":[],"status":{"self":"https://neuralab.atlassian.net/rest/api/3/status/10005","description":"","iconUrl":"https://neuralab.atlassian.net/","name":"Done","id":"10005","statusCategory":{"self":"https://neuralab.atlassian.net/rest/api/3/statuscategory/3","id":3,"key":"done","colorName":"green","name":"Done"}}}},{"expand":"renderedFields,names,schema,operations,editmeta,changelog,versionedRepresentations","id":"69602","self":"https://neuralab.atlassian.net/rest/api/3/issue/69602","key":"TWBACKEND-196","fields":{"summary":"action.excludeIds фюыцхэ юЄфртрЄ№ ырщъ, хёыш эр эхую яюёЄртшыш фшчырщъ","issuetype":{"self":"https://neuralab.atlassian.net/rest/api/3/issuetype/10012","id":"10012","description":"A task that needs to be done.","iconUrl":"https://neuralab.atlassian.net/rest/api/2/universal_avatar/view/type/issuetype/avatar/10318?size=medium","name":"Task","subtask":false,"avatarId":10318,"hierarchyLevel":0},"project":{"self":"https://neuralab.atlassian.net/rest/api/3/project/11236","id":"11236","key":"TWBACKEND","name":"TW_Backend ","projectTypeKey":"software","simplified":false,"avatarUrls":{"48x48":"https://neuralab.atlassian.net/rest/api/3/universal_avatar/view/type/project/avatar/10414","24x24":"https://neuralab.atlassian.net/rest/api/3/universal_avatar/view/type/project/avatar/10414?size=small","16x16":"https://neuralab.atlassian.net/rest/api/3/universal_avatar/view/type/project/avatar/10414?size=xsmall","32x32":"https://neuralab.atlassian.net/rest/api/3/universal_avatar/view/type/project/avatar/10414?size=medium"},"projectCategory":{"self":"https://neuralab.atlassian.net/rest/api/3/projectCategory/10000","id":"10000","description":"","name":"╨рчЁрсюЄър"}},"parent":{"id":"51154","key":"TWGM-829","self":"https://neuralab.atlassian.net/rest/api/3/issue/51154","fields":{"summary":"actions-srv 2 ¤Єря","status":{"self":"https://neuralab.atlassian.net/rest/api/3/status/10005","description":"","iconUrl":"https://neuralab.atlassian.net/","name":"Done","id":"10005","statusCategory":{"self":"https://neuralab.atlassian.net/rest/api/3/statuscategory/3","id":3,"key":"done","colorName":"green","name":"Done"}},"priority":{"self":"https://neuralab.atlassian.net/rest/api/3/priority/3","iconUrl":"https://neuralab.atlassian.net/images/icons/priorities/medium_new.svg","name":"Medium","id":"3"},"issuetype":{"self":"https://neuralab.atlassian.net/rest/api/3/issuetype/10000","id":"10000","description":"A big user story that needs to be broken down. Created by Jira Software - do not edit or delete.","iconUrl":"https://neuralab.atlassian.net/images/icons/issuetypes/epic.svg","name":"Epic","subtask":false,"hierarchyLevel":1}}},"fixVersions":[{"self":"https://neuralab.atlassian.net/rest/api/3/version/14785","id":"14785","description":"","name":"actions-srv 0.3.1","archived":false,"released":true,"releaseDate":"2026-02-18"}],"status":{"self":"https://neuralab.atlassian.net/rest/api/3/status/10005","description":"","iconUrl":"https://neuralab.atlassian.net/","name":"Done","id":"10005","statusCategory":{"self":"https://neuralab.atlassian.net/rest/api/3/statuscategory/3","id":3,"key":"done","colorName":"green","name":"Done"}}}},{"expand":"renderedFields,names,schema,operations,editmeta,changelog,versionedRepresentations","id":"68561","self":"https://neuralab.atlassian.net/rest/api/3/issue/68561","key":"TWBACKEND-184","fields":{"summary":"─юсшЄ№ SEIUpdater","issuetype":{"self":"https://neuralab.atlassian.net/rest/api/3/issuetype/10012","id":"10012","description":"A task that needs to be done.","iconUrl":"https://neuralab.atlassian.net/rest/api/2/universal_avatar/view/type/issuetype/avatar/10318?size=medium","name":"Task","subtask":false,"avatarId":10318,"hierarchyLevel":0},"project":{"self":"https://neuralab.atlassian.net/rest/api/3/project/11236","id":"11236","key":"TWBACKEND","name":"TW_Backend ","projectTypeKey":"software","simplified":false,"avatarUrls":{"48x48":"https://neuralab.atlassian.net/rest/api/3/universal_avatar/view/type/project/avatar/10414","24x24":"https://neuralab.atlassian.net/rest/api/3/universal_avatar/view/type/project/avatar/10414?size=small","16x16":"https://neuralab.atlassian.net/rest/api/3/universal_avatar/view/type/project/avatar/10414?size=xsmall","32x32":"https://neuralab.atlassian.net/rest/api/3/universal_avatar/view/type/project/avatar/10414?size=medium"},"projectCategory":{"self":"https://neuralab.atlassian.net/rest/api/3/projectCategory/10000","id":"10000","description":"","name":"╨рчЁрсюЄър"}},"fixVersions":[{"self":"https://neuralab.atlassian.net/rest/api/3/version/14686","id":"14686","description":"","name":"Release 16","archived":false,"released":true,"releaseDate":"2026-02-24"}],"status":{"self":"https://neuralab.atlassian.net/rest/api/3/status/10005","description":"","iconUrl":"https://neuralab.atlassian.net/","name":"Done","id":"10005","statusCategory":{"self":"https://neuralab.atlassian.net/rest/api/3/statuscategory/3","id":3,"key":"done","colorName":"green","name":"Done"}}}},{"expand":"renderedFields,names,schema,operations,editmeta,changelog,versionedRepresentations","id":"68017","self":"https://neuralab.atlassian.net/rest/api/3/issue/68017","key":"TWBACKEND-179","fields":{"summary":"╧хЁхщЄш эр request/reply ьхїрэшчь фы  ёючфрэш  сыюъшЁютюъ","issuetype":{"self":"https://neuralab.atlassian.net/rest/api/3/issuetype/10012","id":"10012","description":"A task that needs to be done.","iconUrl":"https://neuralab.atlassian.net/rest/api/2/universal_avatar/view/type/issuetype/avatar/10318?size=medium","name":"Task","subtask":false,"avatarId":10318,"hierarchyLevel":0},"project":{"self":"https://neuralab.atlassian.net/rest/api/3/project/11236","id":"11236","key":"TWBACKEND","name":"TW_Backend ","projectTypeKey":"software","simplified":false,"avatarUrls":{"48x48":"https://neuralab.atlassian.net/rest/api/3/universal_avatar/view/type/project/avatar/10414","24x24":"https://neuralab.atlassian.net/rest/api/3/universal_avatar/view/type/project/avatar/10414?size=small","16x16":"https://neuralab.atlassian.net/rest/api/3/universal_avatar/view/type/project/avatar/10414?size=xsmall","32x32":"https://neuralab.atlassian.net/rest/api/3/universal_avatar/view/type/project/avatar/10414?size=medium"},"projectCategory":{"self":"https://neuralab.atlassian.net/rest/api/3/projectCategory/10000","id":"10000","description":"","name":"╨рчЁрсюЄър"}},"fixVersions":[{"self":"https://neuralab.atlassian.net/rest/api/3/version/14686","id":"14686","description":"","name":"Release 16","archived":false,"released":true,"releaseDate":"2026-02-24"}],"status":{"self":"https://neuralab.atlassian.net/rest/api/3/status/10005","description":"","iconUrl":"https://neuralab.atlassian.net/","name":"Done","id":"10005","statusCategory":{"self":"https://neuralab.atlassian.net/rest/api/3/statuscategory/3","id":3,"key":"done","colorName":"green","name":"Done"}}}},{"expand":"renderedFields,names,schema,operations,editmeta,changelog,versionedRepresentations","id":"68016","self":"https://neuralab.atlassian.net/rest/api/3/issue/68016","key":"TWBACKEND-178","fields":{"summary":"╧хЁхщЄш эр request/reply ьхїрэшчь фы  ёючфрэш  фшчырщъют","issuetype":{"self":"https://neuralab.atlassian.net/rest/api/3/issuetype/10012","id":"10012","description":"A task that needs to be done.","iconUrl":"https://neuralab.atlassian.net/rest/api/2/universal_avatar/view/type/issuetype/avatar/10318?size=medium","name":"Task","subtask":false,"avatarId":10318,"hierarchyLevel":0},"project":{"self":"https://neuralab.atlassian.net/rest/api/3/project/11236","id":"11236","key":"TWBACKEND","name":"TW_Backend ","projectTypeKey":"software","simplified":false,"avatarUrls":{"48x48":"https://neuralab.atlassian.net/rest/api/3/universal_avatar/view/type/project/avatar/10414","24x24":"https://neuralab.atlassian.net/rest/api/3/universal_avatar/view/type/project/avatar/10414?size=small","16x16":"https://neuralab.atlassian.net/rest/api/3/universal_avatar/view/type/project/avatar/10414?size=xsmall","32x32":"https://neuralab.atlassian.net/rest/api/3/universal_avatar/view/type/project/avatar/10414?size=medium"},"projectCategory":{"self":"https://neuralab.atlassian.net/rest/api/3/projectCategory/10000","id":"10000","description":"","name":"╨рчЁрсюЄър"}},"fixVersions":[{"self":"https://neuralab.atlassian.net/rest/api/3/version/14686","id":"14686","description":"","name":"Release 16","archived":false,"released":true,"releaseDate":"2026-02-24"}],"status":{"self":"https://neuralab.atlassian.net/rest/api/3/status/10005","description":"","iconUrl":"https://neuralab.atlassian.net/","name":"Done","id":"10005","statusCategory":{"self":"https://neuralab.atlassian.net/rest/api/3/statuscategory/3","id":3,"key":"done","colorName":"green","name":"Done"}}}},{"expand":"renderedFields,names,schema,operations,editmeta,changelog,versionedRepresentations","id":"68015","self":"https://neuralab.atlassian.net/rest/api/3/issue/68015","key":"TWBACKEND-177","fields":{"summary":"╧хЁхщЄш эр request/reply ьхїрэшчь фы  ёючфрэш  ырщъют","issuetype":{"self":"https://neuralab.atlassian.net/rest/api/3/issuetype/10012","id":"10012","description":"A task that needs to be done.","iconUrl":"https://neuralab.atlassian.net/rest/api/2/universal_avatar/view/type/issuetype/avatar/10318?size=medium","name":"Task","subtask":false,"avatarId":10318,"hierarchyLevel":0},"project":{"self":"https://neuralab.atlassian.net/rest/api/3/project/11236","id":"11236","key":"TWBACKEND","name":"TW_Backend ","projectTypeKey":"software","simplified":false,"avatarUrls":{"48x48":"https://neuralab.atlassian.net/rest/api/3/universal_avatar/view/type/project/avatar/10414","24x24":"https://neuralab.atlassian.net/rest/api/3/universal_avatar/view/type/project/avatar/10414?size=small","16x16":"https://neuralab.atlassian.net/rest/api/3/universal_avatar/view/type/project/avatar/10414?size=xsmall","32x32":"https://neuralab.atlassian.net/rest/api/3/universal_avatar/view/type/project/avatar/10414?size=medium"},"projectCategory":{"self":"https://neuralab.atlassian.net/rest/api/3/projectCategory/10000","id":"10000","description":"","name":"╨рчЁрсюЄър"}},"fixVersions":[{"self":"https://neuralab.atlassian.net/rest/api/3/version/14686","id":"14686","description":"","name":"Release 16","archived":false,"released":true,"releaseDate":"2026-02-24"}],"status":{"self":"https://neuralab.atlassian.net/rest/api/3/status/10005","description":"","iconUrl":"https://neuralab.atlassian.net/","name":"Done","id":"10005","statusCategory":{"self":"https://neuralab.atlassian.net/rest/api/3/statuscategory/3","id":3,"key":"done","colorName":"green","name":"Done"}}}},{"expand":"renderedFields,names,schema,operations,editmeta,changelog,versionedRepresentations","id":"67206","self":"https://neuralab.atlassian.net/rest/api/3/issue/67206","key":"TWBACKEND-166","fields":{"summary":"╬схЁэєЄ№ т ьхЄЁшъш чряЁюё apple-pay-verify","issuetype":{"self":"https://neuralab.atlassian.net/rest/api/3/issuetype/10012","id":"10012","description":"A task that needs to be done.","iconUrl":"https://neuralab.atlassian.net/rest/api/2/universal_avatar/view/type/issuetype/avatar/10318?size=medium","name":"Task","subtask":false,"avatarId":10318,"hierarchyLevel":0},"project":{"self":"https://neuralab.atlassian.net/rest/api/3/project/11236","id":"11236","key":"TWBACKEND","name":"TW_Backend ","projectTypeKey":"software","simplified":false,"avatarUrls":{"48x48":"https://neuralab.atlassian.net/rest/api/3/universal_avatar/view/type/project/avatar/10414","24x24":"https://neuralab.atlassian.net/rest/api/3/universal_avatar/view/type/project/avatar/10414?size=small","16x16":"https://neuralab.atlassian.net/rest/api/3/universal_avatar/view/type/project/avatar/10414?size=xsmall","32x32":"https://neuralab.atlassian.net/rest/api/3/universal_avatar/view/type/project/avatar/10414?size=medium"},"projectCategory":{"self":"https://neuralab.atlassian.net/rest/api/3/projectCategory/10000","id":"10000","description":"","name":"╨рчЁрсюЄър"}},"fixVersions":[{"self":"https://neuralab.atlassian.net/rest/api/3/version/14686","id":"14686","description":"","name":"Release 16","archived":false,"released":true,"releaseDate":"2026-02-24"}],"status":{"self":"https://neuralab.atlassian.net/rest/api/3/status/10005","description":"","iconUrl":"https://neuralab.atlassian.net/","name":"Done","id":"10005","statusCategory":{"self":"https://neuralab.atlassian.net/rest/api/3/statuscategory/3","id":3,"key":"done","colorName":"green","name":"Done"}}}},{"expand":"renderedFields,names,schema,operations,editmeta,changelog,versionedRepresentations","id":"65546","self":"https://neuralab.atlassian.net/rest/api/3/issue/65546","key":"TWBACKEND-141","fields":{"summary":"╤фхырЄ№ т google-purchase-socket тючьюцэюёЄ№ сЁрЄ№ шэЇє шч Ёрчэ√ї уєуы яюфяшёюъ","issuetype":{"self":"https://neuralab.atlassian.net/rest/api/3/issuetype/10012","id":"10012","description":"A task that needs to be done.","iconUrl":"https://neuralab.atlassian.net/rest/api/2/universal_avatar/view/type/issuetype/avatar/10318?size=medium","name":"Task","subtask":false,"avatarId":10318,"hierarchyLevel":0},"project":{"self":"https://neuralab.atlassian.net/rest/api/3/project/11236","id":"11236","key":"TWBACKEND","name":"TW_Backend ","projectTypeKey":"software","simplified":false,"avatarUrls":{"48x48":"https://neuralab.atlassian.net/rest/api/3/universal_avatar/view/type/project/avatar/10414","24x24":"https://neuralab.atlassian.net/rest/api/3/universal_avatar/view/type/project/avatar/10414?size=small","16x16":"https://neuralab.atlassian.net/rest/api/3/universal_avatar/view/type/project/avatar/10414?size=xsmall","32x32":"https://neuralab.atlassian.net/rest/api/3/universal_avatar/view/type/project/avatar/10414?size=medium"},"projectCategory":{"self":"https://neuralab.atlassian.net/rest/api/3/projectCategory/10000","id":"10000","description":"","name":"╨рчЁрсюЄър"}},"parent":{"id":"53170","key":"TWMON-6904","self":"https://neuralab.atlassian.net/rest/api/3/issue/53170","fields":{"summary":"╨рчфхыхэшх ёЄюЁют","status":{"self":"https://neuralab.atlassian.net/rest/api/3/status/3","description":"This issue is being actively worked on at the moment by the assignee.","iconUrl":"https://neuralab.atlassian.net/images/icons/statuses/inprogress.png","name":"In Progress","id":"3","statusCategory":{"self":"https://neuralab.atlassian.net/rest/api/3/statuscategory/4","id":4,"key":"indeterminate","colorName":"yellow","name":"In Progress"}},"priority":{"self":"https://neuralab.atlassian.net/rest/api/3/priority/3","iconUrl":"https://neuralab.atlassian.net/images/icons/priorities/medium_new.svg","name":"Medium","id":"3"},"issuetype":{"self":"https://neuralab.atlassian.net/rest/api/3/issuetype/10000","id":"10000","description":"A big user story that needs to be broken down. Created by Jira Software - do not edit or delete.","iconUrl":"https://neuralab.atlassian.net/images/icons/issuetypes/epic.svg","name":"Epic","subtask":false,"hierarchyLevel":1}}},"fixVersions":[{"self":"https://neuralab.atlassian.net/rest/api/3/version/14686","id":"14686","description":"","name":"Release 16","archived":false,"released":true,"releaseDate":"2026-02-24"}],"status":{"self":"https://neuralab.atlassian.net/rest/api/3/status/10005","description":"","iconUrl":"https://neuralab.atlassian.net/","name":"Done","id":"10005","statusCategory":{"self":"https://neuralab.atlassian.net/rest/api/3/statuscategory/3","id":3,"key":"done","colorName":"green","name":"Done"}}}}],"nextPageToken":"Ch0jU3RyaW5nJlZGZENRVU5MUlU1RSVJbnQmTVRReBAyGN_2x9vJMyK5AmlkIGluICg2ODU2MSwzMTM3MCwzMjcwNiw3MTM5NCwxMTEyMCwxMTM2MywyODY0MiwyODQxNCwxMTMyOCwxMTM2MiwxMTM1OCw3MTM4MCwxMTMzMCw3MTM4NCw3MTM4MSwxMTY1Nyw2NTU0Niw3MTM4OSwzMjY4OCwxMDY4MywzMTAwMCwzMTA3OSw2ODAxNyw3MTM3OSw2OTYwMiw3MTM4NywxMTExOSw3MTM5MSw2NDUyOSw3MTM5NSw3MTM4NiwzMjgxMiw2Nzc3OSw3MTM5MiwzMDk5MiwzMTQ0MCw3MTM4MywxMDg0NCw2NzIwNiw3MTM5Myw3MTM4NSw2ODAxNiw3MTM4OCwxMTAzMiw3MTM5Niw3MTM4MiwxMTAyNSw2ODAxNSwzMjc2NiwxMDg0MCwxMTM2MCkqAltd","isLast":false}

Testing POST /search...
Status Code: 200
Response Body: {"issues":[{"expand":"renderedFields,names,schema,operations,editmeta,changelog,versionedRepresentations","id":"67779","self":"https://neuralab.atlassian.net/rest/api/3/issue/67779","key":"TWSC-492","fields":{"summary":"╧ЁютхЁшЄ№ яЁюьюъюф KODUS","issuetype":{"self":"https://neuralab.atlassian.net/rest/api/3/issuetype/10012","id":"10012","description":"A task that needs to be done.","iconUrl":"https://neuralab.atlassian.net/rest/api/2/universal_avatar/view/type/issuetype/avatar/10318?size=medium","name":"Task","subtask":false,"avatarId":10318,"hierarchyLevel":0},"project":{"self":"https://neuralab.atlassian.net/rest/api/3/project/10158","id":"10158","key":"TWSC","name":"TW Science Core","projectTypeKey":"software","simplified":false,"avatarUrls":{"48x48":"https://neuralab.atlassian.net/rest/api/3/universal_avatar/view/type/project/avatar/10420","24x24":"https://neuralab.atlassian.net/rest/api/3/universal_avatar/view/type/project/avatar/10420?size=small","16x16":"https://neuralab.atlassian.net/rest/api/3/universal_avatar/view/type/project/avatar/10420?size=xsmall","32x32":"https://neuralab.atlassian.net/rest/api/3/universal_avatar/view/type/project/avatar/10420?size=medium"}},"parent":{"id":"57390","key":"TWSC-361","self":"https://neuralab.atlassian.net/rest/api/3/issue/57390","fields":{"summary":"Ad-hoc т√уЁєчъш","status":{"self":"https://neuralab.atlassian.net/rest/api/3/status/10003","description":"","iconUrl":"https://neuralab.atlassian.net/","name":"Backlog","id":"10003","statusCategory":{"self":"https://neuralab.atlassian.net/rest/api/3/statuscategory/2","id":2,"key":"new","colorName":"blue-gray","name":"To Do"}},"priority":{"self":"https://neuralab.atlassian.net/rest/api/3/priority/3","iconUrl":"https://neuralab.atlassian.net/images/icons/priorities/medium_new.svg","name":"Medium","id":"3"},"issuetype":{"self":"https://neuralab.atlassian.net/rest/api/3/issuetype/10000","id":"10000","description":"A big user story that needs to be broken down. Created by Jira Software - do not edit or delete.","iconUrl":"https://neuralab.atlassian.net/images/icons/issuetypes/epic.svg","name":"Epic","subtask":false,"hierarchyLevel":1}}},"fixVersions":[],"status":{"self":"https://neuralab.atlassian.net/rest/api/3/status/10005","description":"","iconUrl":"https://neuralab.atlassian.net/","name":"Done","id":"10005","statusCategory":{"self":"https://neuralab.atlassian.net/rest/api/3/statuscategory/3","id":3,"key":"done","colorName":"green","name":"Done"}}}},{"expand":"renderedFields,names,schema,operations,editmeta,changelog,versionedRepresentations","id":"71396","self":"https://neuralab.atlassian.net/rest/api/3/issue/71396","key":"TWPJ-207","fields":{"summary":"2 ўхыютхър 2 ўрёр т Ёрчэюх тЁхь  чрфрўр т ёт чъх Ёхышч 2","issuetype":{"self":"https://neuralab.atlassian.net/rest/api/3/issuetype/10012","id":"10012","description":"A task that needs to be done.","iconUrl":"https://neuralab.atlassian.net/rest/api/2/universal_avatar/view/type/issuetype/avatar/10318?size=medium","name":"Task","subtask":false,"avatarId":10318,"hierarchyLevel":0},"project":{"self":"https://neuralab.atlassian.net/rest/api/3/project/10156","id":"10156","key":"TWPJ","name":"TW Project's Tasks","projectTypeKey":"software","simplified":false,"avatarUrls":{"48x48":"https://neuralab.atlassian.net/rest/api/3/universal_avatar/view/type/project/avatar/10407","24x24":"https://neuralab.atlassian.net/rest/api/3/universal_avatar/view/type/project/avatar/10407?size=small","16x16":"https://neuralab.atlassian.net/rest/api/3/universal_avatar/view/type/project/avatar/10407?size=xsmall","32x32":"https://neuralab.atlassian.net/rest/api/3/universal_avatar/view/type/project/avatar/10407?size=medium"},"projectCategory":{"self":"https://neuralab.atlassian.net/rest/api/3/projectCategory/10000","id":"10000","description":"","name":"╨рчЁрсюЄър"}},"fixVersions":[{"self":"https://neuralab.atlassian.net/rest/api/3/version/14951","id":"14951","description":"","name":"╨хышч 2","archived":false,"released":false,"releaseDate":"2026-02-24"}],"status":{"self":"https://neuralab.atlassian.net/rest/api/3/status/10003","description":"","iconUrl":"https://neuralab.atlassian.net/","name":"Backlog","id":"10003","statusCategory":{"self":"https://neuralab.atlassian.net/rest/api/3/statuscategory/2","id":2,"key":"new","colorName":"blue-gray","name":"To Do"}}}},{"expand":"renderedFields,names,schema,operations,editmeta,changelog,versionedRepresentations","id":"71395","self":"https://neuralab.atlassian.net/rest/api/3/issue/71395","key":"TWPJ-206","fields":{"summary":"2 ўхыютхър 20 ўрёют т Ёрчэюх тЁхь  чрфрўр т ёт чъх Ёхышч 2","issuetype":{"self":"https://neuralab.atlassian.net/rest/api/3/issuetype/10012","id":"10012","description":"A task that needs to be done.","iconUrl":"https://neuralab.atlassian.net/rest/api/2/universal_avatar/view/type/issuetype/avatar/10318?size=medium","name":"Task","subtask":false,"avatarId":10318,"hierarchyLevel":0},"project":{"self":"https://neuralab.atlassian.net/rest/api/3/project/10156","id":"10156","key":"TWPJ","name":"TW Project's Tasks","projectTypeKey":"software","simplified":false,"avatarUrls":{"48x48":"https://neuralab.atlassian.net/rest/api/3/universal_avatar/view/type/project/avatar/10407","24x24":"https://neuralab.atlassian.net/rest/api/3/universal_avatar/view/type/project/avatar/10407?size=small","16x16":"https://neuralab.atlassian.net/rest/api/3/universal_avatar/view/type/project/avatar/10407?size=xsmall","32x32":"https://neuralab.atlassian.net/rest/api/3/universal_avatar/view/type/project/avatar/10407?size=medium"},"projectCategory":{"self":"https://neuralab.atlassian.net/rest/api/3/projectCategory/10000","id":"10000","description":"","name":"╨рчЁрсюЄър"}},"fixVersions":[{"self":"https://neuralab.atlassian.net/rest/api/3/version/14951","id":"14951","description":"","name":"╨хышч 2","archived":false,"released":false,"releaseDate":"2026-02-24"}],"status":{"self":"https://neuralab.atlassian.net/rest/api/3/status/10003","description":"","iconUrl":"https://neuralab.atlassian.net/","name":"Backlog","id":"10003","statusCategory":{"self":"https://neuralab.atlassian.net/rest/api/3/statuscategory/2","id":2,"key":"new","colorName":"blue-gray","name":"To Do"}}}},{"expand":"renderedFields,names,schema,operations,editmeta,changelog,versionedRepresentations","id":"71394","self":"https://neuralab.atlassian.net/rest/api/3/issue/71394","key":"TWPJ-205","fields":{"summary":"2 ўхыютхър 20 ўрёют т Ёрчэюх тЁхь  чрфрўр т ёт чъх Ёхышч 1","issuetype":{"self":"https://neuralab.atlassian.net/rest/api/3/issuetype/10012","id":"10012","description":"A task that needs to be done.","iconUrl":"https://neuralab.atlassian.net/rest/api/2/universal_avatar/view/type/issuetype/avatar/10318?size=medium","name":"Task","subtask":false,"avatarId":10318,"hierarchyLevel":0},"project":{"self":"https://neuralab.atlassian.net/rest/api/3/project/10156","id":"10156","key":"TWPJ","name":"TW Project's Tasks","projectTypeKey":"software","simplified":false,"avatarUrls":{"48x48":"https://neuralab.atlassian.net/rest/api/3/universal_avatar/view/type/project/avatar/10407","24x24":"https://neuralab.atlassian.net/rest/api/3/universal_avatar/view/type/project/avatar/10407?size=small","16x16":"https://neuralab.atlassian.net/rest/api/3/universal_avatar/view/type/project/avatar/10407?size=xsmall","32x32":"https://neuralab.atlassian.net/rest/api/3/universal_avatar/view/type/project/avatar/10407?size=medium"},"projectCategory":{"self":"https://neuralab.atlassian.net/rest/api/3/projectCategory/10000","id":"10000","description":"","name":"╨рчЁрсюЄър"}},"fixVersions":[{"self":"https://neuralab.atlassian.net/rest/api/3/version/14950","id":"14950","description":"","name":"╨хышч 1","archived":false,"released":false,"releaseDate":"2026-02-20"}],"status":{"self":"https://neuralab.atlassian.net/rest/api/3/status/10003","description":"","iconUrl":"https://neuralab.atlassian.net/","name":"Backlog","id":"10003","statusCategory":{"self":"https://neuralab.atlassian.net/rest/api/3/statuscategory/2","id":2,"key":"new","colorName":"blue-gray","name":"To Do"}}}},{"expand":"renderedFields,names,schema,operations,editmeta,changelog,versionedRepresentations","id":"71393","self":"https://neuralab.atlassian.net/rest/api/3/issue/71393","key":"TWPJ-204","fields":{"summary":"2 ўхыютхър 5 ўрёют чрфрўр т ёт чъх Ёхышч 1","issuetype":{"self":"https://neuralab.atlassian.net/rest/api/3/issuetype/10012","id":"10012","description":"A task that needs to be done.","iconUrl":"https://neuralab.atlassian.net/rest/api/2/universal_avatar/view/type/issuetype/avatar/10318?size=medium","name":"Task","subtask":false,"avatarId":10318,"hierarchyLevel":0},"project":{"self":"https://neuralab.atlassian.net/rest/api/3/project/10156","id":"10156","key":"TWPJ","name":"TW Project's Tasks","projectTypeKey":"software","simplified":false,"avatarUrls":{"48x48":"https://neuralab.atlassian.net/rest/api/3/universal_avatar/view/type/project/avatar/10407","24x24":"https://neuralab.atlassian.net/rest/api/3/universal_avatar/view/type/project/avatar/10407?size=small","16x16":"https://neuralab.atlassian.net/rest/api/3/universal_avatar/view/type/project/avatar/10407?size=xsmall","32x32":"https://neuralab.atlassian.net/rest/api/3/universal_avatar/view/type/project/avatar/10407?size=medium"},"projectCategory":{"self":"https://neuralab.atlassian.net/rest/api/3/projectCategory/10000","id":"10000","description":"","name":"╨рчЁрсюЄър"}},"fixVersions":[{"self":"https://neuralab.atlassian.net/rest/api/3/version/14950","id":"14950","description":"","name":"╨хышч 1","archived":false,"released":false,"releaseDate":"2026-02-20"}],"status":{"self":"https://neuralab.atlassian.net/rest/api/3/status/10003","description":"","iconUrl":"https://neuralab.atlassian.net/","name":"Backlog","id":"10003","statusCategory":{"self":"https://neuralab.atlassian.net/rest/api/3/statuscategory/2","id":2,"key":"new","colorName":"blue-gray","name":"To Do"}}}},{"expand":"renderedFields,names,schema,operations,editmeta,changelog,versionedRepresentations","id":"71392","self":"https://neuralab.atlassian.net/rest/api/3/issue/71392","key":"TWPJ-203","fields":{"summary":"1 ўхыютхъ 20 ўрёют чрфрўр т ёт чъх Ёхышч 1","issuetype":{"self":"https://neuralab.atlassian.net/rest/api/3/issuetype/10012","id":"10012","description":"A task that needs to be done.","iconUrl":"https://neuralab.atlassian.net/rest/api/2/universal_avatar/view/type/issuetype/avatar/10318?size=medium","name":"Task","subtask":false,"avatarId":10318,"hierarchyLevel":0},"project":{"self":"https://neuralab.atlassian.net/rest/api/3/project/10156","id":"10156","key":"TWPJ","name":"TW Project's Tasks","projectTypeKey":"software","simplified":false,"avatarUrls":{"48x48":"https://neuralab.atlassian.net/rest/api/3/universal_avatar/view/type/project/avatar/10407","24x24":"https://neuralab.atlassian.net/rest/api/3/universal_avatar/view/type/project/avatar/10407?size=small","16x16":"https://neuralab.atlassian.net/rest/api/3/universal_avatar/view/type/project/avatar/10407?size=xsmall","32x32":"https://neuralab.atlassian.net/rest/api/3/universal_avatar/view/type/project/avatar/10407?size=medium"},"projectCategory":{"self":"https://neuralab.atlassian.net/rest/api/3/projectCategory/10000","id":"10000","description":"","name":"╨рчЁрсюЄър"}},"fixVersions":[{"self":"https://neuralab.atlassian.net/rest/api/3/version/14950","id":"14950","description":"","name":"╨хышч 1","archived":false,"released":false,"releaseDate":"2026-02-20"}],"status":{"self":"https://neuralab.atlassian.net/rest/api/3/status/10003","description":"","iconUrl":"https://neuralab.atlassian.net/","name":"Backlog","id":"10003","statusCategory":{"self":"https://neuralab.atlassian.net/rest/api/3/statuscategory/2","id":2,"key":"new","colorName":"blue-gray","name":"To Do"}}}},{"expand":"renderedFields,names,schema,operations,editmeta,changelog,versionedRepresentations","id":"71391","self":"https://neuralab.atlassian.net/rest/api/3/issue/71391","key":"TWPJ-202","fields":{"summary":"1 ўхыютхъ 5 ўрёют чрфрўр т ёт чъх Ёхышч 1","issuetype":{"self":"https://neuralab.atlassian.net/rest/api/3/issuetype/10012","id":"10012","description":"A task that needs to be done.","iconUrl":"https://neuralab.atlassian.net/rest/api/2/universal_avatar/view/type/issuetype/avatar/10318?size=medium","name":"Task","subtask":false,"avatarId":10318,"hierarchyLevel":0},"project":{"self":"https://neuralab.atlassian.net/rest/api/3/project/10156","id":"10156","key":"TWPJ","name":"TW Project's Tasks","projectTypeKey":"software","simplified":false,"avatarUrls":{"48x48":"https://neuralab.atlassian.net/rest/api/3/universal_avatar/view/type/project/avatar/10407","24x24":"https://neuralab.atlassian.net/rest/api/3/universal_avatar/view/type/project/avatar/10407?size=small","16x16":"https://neuralab.atlassian.net/rest/api/3/universal_avatar/view/type/project/avatar/10407?size=xsmall","32x32":"https://neuralab.atlassian.net/rest/api/3/universal_avatar/view/type/project/avatar/10407?size=medium"},"projectCategory":{"self":"https://neuralab.atlassian.net/rest/api/3/projectCategory/10000","id":"10000","description":"","name":"╨рчЁрсюЄър"}},"fixVersions":[{"self":"https://neuralab.atlassian.net/rest/api/3/version/14950","id":"14950","description":"","name":"╨хышч 1","archived":false,"released":false,"releaseDate":"2026-02-20"}],"status":{"self":"https://neuralab.atlassian.net/rest/api/3/status/10003","description":"","iconUrl":"https://neuralab.atlassian.net/","name":"Backlog","id":"10003","statusCategory":{"self":"https://neuralab.atlassian.net/rest/api/3/statuscategory/2","id":2,"key":"new","colorName":"blue-gray","name":"To Do"}}}},{"expand":"renderedFields,names,schema,operations,editmeta,changelog,versionedRepresentations","id":"71389","self":"https://neuralab.atlassian.net/rest/api/3/issue/71389","key":"TWPJ-200","fields":{"summary":"1 ўхыютхъ ыюу тЁхьхэш єцх яюёых чръЁ√Єш  чрфрўш","issuetype":{"self":"https://neuralab.atlassian.net/rest/api/3/issuetype/10012","id":"10012","description":"A task that needs to be done.","iconUrl":"https://neuralab.atlassian.net/rest/api/2/universal_avatar/view/type/issuetype/avatar/10318?size=medium","name":"Task","subtask":false,"avatarId":10318,"hierarchyLevel":0},"project":{"self":"https://neuralab.atlassian.net/rest/api/3/project/10156","id":"10156","key":"TWPJ","name":"TW Project's Tasks","projectTypeKey":"software","simplified":false,"avatarUrls":{"48x48":"https://neuralab.atlassian.net/rest/api/3/universal_avatar/view/type/project/avatar/10407","24x24":"https://neuralab.atlassian.net/rest/api/3/universal_avatar/view/type/project/avatar/10407?size=small","16x16":"https://neuralab.atlassian.net/rest/api/3/universal_avatar/view/type/project/avatar/10407?size=xsmall","32x32":"https://neuralab.atlassian.net/rest/api/3/universal_avatar/view/type/project/avatar/10407?size=medium"},"projectCategory":{"self":"https://neuralab.atlassian.net/rest/api/3/projectCategory/10000","id":"10000","description":"","name":"╨рчЁрсюЄър"}},"fixVersions":[],"status":{"self":"https://neuralab.atlassian.net/rest/api/3/status/10005","description":"","iconUrl":"https://neuralab.atlassian.net/","name":"Done","id":"10005","statusCategory":{"self":"https://neuralab.atlassian.net/rest/api/3/statuscategory/3","id":3,"key":"done","colorName":"green","name":"Done"}}}},{"expand":"renderedFields,names,schema,operations,editmeta,changelog,versionedRepresentations","id":"71388","self":"https://neuralab.atlassian.net/rest/api/3/issue/71388","key":"TWPJ-199","fields":{"summary":"2 ўхыютхър Ёрчютюх фюсртыхэшх 8+8 ўрёют ш яюЄюь Ёхьрщэшэу 20 ўрёют юЄ ърцфюую","issuetype":{"self":"https://neuralab.atlassian.net/rest/api/3/issuetype/10012","id":"10012","description":"A task that needs to be done.","iconUrl":"https://neuralab.atlassian.net/rest/api/2/universal_avatar/view/type/issuetype/avatar/10318?size=medium","name":"Task","subtask":false,"avatarId":10318,"hierarchyLevel":0},"project":{"self":"https://neuralab.atlassian.net/rest/api/3/project/10156","id":"10156","key":"TWPJ","name":"TW Project's Tasks","projectTypeKey":"software","simplified":false,"avatarUrls":{"48x48":"https://neuralab.atlassian.net/rest/api/3/universal_avatar/view/type/project/avatar/10407","24x24":"https://neuralab.atlassian.net/rest/api/3/universal_avatar/view/type/project/avatar/10407?size=small","16x16":"https://neuralab.atlassian.net/rest/api/3/universal_avatar/view/type/project/avatar/10407?size=xsmall","32x32":"https://neuralab.atlassian.net/rest/api/3/universal_avatar/view/type/project/avatar/10407?size=medium"},"projectCategory":{"self":"https://neuralab.atlassian.net/rest/api/3/projectCategory/10000","id":"10000","description":"","name":"╨рчЁрсюЄър"}},"fixVersions":[],"status":{"self":"https://neuralab.atlassian.net/rest/api/3/status/10003","description":"","iconUrl":"https://neuralab.atlassian.net/","name":"Backlog","id":"10003","statusCategory":{"self":"https://neuralab.atlassian.net/rest/api/3/statuscategory/2","id":2,"key":"new","colorName":"blue-gray","name":"To Do"}}}},{"expand":"renderedFields,names,schema,operations,editmeta,changelog,versionedRepresentations","id":"71387","self":"https://neuralab.atlassian.net/rest/api/3/issue/71387","key":"TWPJ-198","fields":{"summary":"2 ўхыютхъ Ёрчютюх фюсртыхэшх 8+8 ўрёют ш яюЄюь Ёхьрщэшэу 5 ўрёют юЄ ърцфюую","issuetype":{"self":"https://neuralab.atlassian.net/rest/api/3/issuetype/10012","id":"10012","description":"A task that needs to be done.","iconUrl":"https://neuralab.atlassian.net/rest/api/2/universal_avatar/view/type/issuetype/avatar/10318?size=medium","name":"Task","subtask":false,"avatarId":10318,"hierarchyLevel":0},"project":{"self":"https://neuralab.atlassian.net/rest/api/3/project/10156","id":"10156","key":"TWPJ","name":"TW Project's Tasks","projectTypeKey":"software","simplified":false,"avatarUrls":{"48x48":"https://neuralab.atlassian.net/rest/api/3/universal_avatar/view/type/project/avatar/10407","24x24":"https://neuralab.atlassian.net/rest/api/3/universal_avatar/view/type/project/avatar/10407?size=small","16x16":"https://neuralab.atlassian.net/rest/api/3/universal_avatar/view/type/project/avatar/10407?size=xsmall","32x32":"https://neuralab.atlassian.net/rest/api/3/universal_avatar/view/type/project/avatar/10407?size=medium"},"projectCategory":{"self":"https://neuralab.atlassian.net/rest/api/3/projectCategory/10000","id":"10000","description":"","name":"╨рчЁрсюЄър"}},"fixVersions":[],"status":{"self":"https://neuralab.atlassian.net/rest/api/3/status/10003","description":"","iconUrl":"https://neuralab.atlassian.net/","name":"Backlog","id":"10003","statusCategory":{"self":"https://neuralab.atlassian.net/rest/api/3/statuscategory/2","id":2,"key":"new","colorName":"blue-gray","name":"To Do"}}}},{"expand":"renderedFields,names,schema,operations,editmeta,changelog,versionedRepresentations","id":"71386","self":"https://neuralab.atlassian.net/rest/api/3/issue/71386","key":"TWPJ-197","fields":{"summary":"1 ўхыютхъ Ёрчютюх фюсртыхэшх 8 ўрёют ш яюЄюь Ёхьрщэшэу 10 ўрёют","issuetype":{"self":"https://neuralab.atlassian.net/rest/api/3/issuetype/10012","id":"10012","description":"A task that needs to be done.","iconUrl":"https://neuralab.atlassian.net/rest/api/2/universal_avatar/view/type/issuetype/avatar/10318?size=medium","name":"Task","subtask":false,"avatarId":10318,"hierarchyLevel":0},"project":{"self":"https://neuralab.atlassian.net/rest/api/3/project/10156","id":"10156","key":"TWPJ","name":"TW Project's Tasks","projectTypeKey":"software","simplified":false,"avatarUrls":{"48x48":"https://neuralab.atlassian.net/rest/api/3/universal_avatar/view/type/project/avatar/10407","24x24":"https://neuralab.atlassian.net/rest/api/3/universal_avatar/view/type/project/avatar/10407?size=small","16x16":"https://neuralab.atlassian.net/rest/api/3/universal_avatar/view/type/project/avatar/10407?size=xsmall","32x32":"https://neuralab.atlassian.net/rest/api/3/universal_avatar/view/type/project/avatar/10407?size=medium"},"projectCategory":{"self":"https://neuralab.atlassian.net/rest/api/3/projectCategory/10000","id":"10000","description":"","name":"╨рчЁрсюЄър"}},"fixVersions":[],"status":{"self":"https://neuralab.atlassian.net/rest/api/3/status/10003","description":"","iconUrl":"https://neuralab.atlassian.net/","name":"Backlog","id":"10003","statusCategory":{"self":"https://neuralab.atlassian.net/rest/api/3/statuscategory/2","id":2,"key":"new","colorName":"blue-gray","name":"To Do"}}}},{"expand":"renderedFields,names,schema,operations,editmeta,changelog,versionedRepresentations","id":"71385","self":"https://neuralab.atlassian.net/rest/api/3/issue/71385","key":"TWPJ-196","fields":{"summary":"1 ўхыютхъ Ёрчютюх фюсртыхэшх 8 ўрёют ш яюЄюь Ёхьрщэшэу 5 ўрёют","issuetype":{"self":"https://neuralab.atlassian.net/rest/api/3/issuetype/10012","id":"10012","description":"A task that needs to be done.","iconUrl":"https://neuralab.atlassian.net/rest/api/2/universal_avatar/view/type/issuetype/avatar/10318?size=medium","name":"Task","subtask":false,"avatarId":10318,"hierarchyLevel":0},"project":{"self":"https://neuralab.atlassian.net/rest/api/3/project/10156","id":"10156","key":"TWPJ","name":"TW Project's Tasks","projectTypeKey":"software","simplified":false,"avatarUrls":{"48x48":"https://neuralab.atlassian.net/rest/api/3/universal_avatar/view/type/project/avatar/10407","24x24":"https://neuralab.atlassian.net/rest/api/3/universal_avatar/view/type/project/avatar/10407?size=small","16x16":"https://neuralab.atlassian.net/rest/api/3/universal_avatar/view/type/project/avatar/10407?size=xsmall","32x32":"https://neuralab.atlassian.net/rest/api/3/universal_avatar/view/type/project/avatar/10407?size=medium"},"projectCategory":{"self":"https://neuralab.atlassian.net/rest/api/3/projectCategory/10000","id":"10000","description":"","name":"╨рчЁрсюЄър"}},"fixVersions":[],"status":{"self":"https://neuralab.atlassian.net/rest/api/3/status/10003","description":"","iconUrl":"https://neuralab.atlassian.net/","name":"Backlog","id":"10003","statusCategory":{"self":"https://neuralab.atlassian.net/rest/api/3/statuscategory/2","id":2,"key":"new","colorName":"blue-gray","name":"To Do"}}}},{"expand":"renderedFields,names,schema,operations,editmeta,changelog,versionedRepresentations","id":"71384","self":"https://neuralab.atlassian.net/rest/api/3/issue/71384","key":"TWPJ-195","fields":{"summary":"2 ўхыютхър ёяшёрэшх сюы№°х ўхь эр 2 фэ  чр Ёрч (фэш, р эх ўрё√)","issuetype":{"self":"https://neuralab.atlassian.net/rest/api/3/issuetype/10012","id":"10012","description":"A task that needs to be done.","iconUrl":"https://neuralab.atlassian.net/rest/api/2/universal_avatar/view/type/issuetype/avatar/10318?size=medium","name":"Task","subtask":false,"avatarId":10318,"hierarchyLevel":0},"project":{"self":"https://neuralab.atlassian.net/rest/api/3/project/10156","id":"10156","key":"TWPJ","name":"TW Project's Tasks","projectTypeKey":"software","simplified":false,"avatarUrls":{"48x48":"https://neuralab.atlassian.net/rest/api/3/universal_avatar/view/type/project/avatar/10407","24x24":"https://neuralab.atlassian.net/rest/api/3/universal_avatar/view/type/project/avatar/10407?size=small","16x16":"https://neuralab.atlassian.net/rest/api/3/universal_avatar/view/type/project/avatar/10407?size=xsmall","32x32":"https://neuralab.atlassian.net/rest/api/3/universal_avatar/view/type/project/avatar/10407?size=medium"},"projectCategory":{"self":"https://neuralab.atlassian.net/rest/api/3/projectCategory/10000","id":"10000","description":"","name":"╨рчЁрсюЄър"}},"fixVersions":[],"status":{"self":"https://neuralab.atlassian.net/rest/api/3/status/10003","description":"","iconUrl":"https://neuralab.atlassian.net/","name":"Backlog","id":"10003","statusCategory":{"self":"https://neuralab.atlassian.net/rest/api/3/statuscategory/2","id":2,"key":"new","colorName":"blue-gray","name":"To Do"}}}},{"expand":"renderedFields,names,schema,operations,editmeta,changelog,versionedRepresentations","id":"71383","self":"https://neuralab.atlassian.net/rest/api/3/issue/71383","key":"TWPJ-194","fields":{"summary":"1 ўхыютхъ ёяшёрэшх сюы№°х ўхь эр 2 фэ  чр Ёрч (фэш, р эх ўрё√)","issuetype":{"self":"https://neuralab.atlassian.net/rest/api/3/issuetype/10012","id":"10012","description":"A task that needs to be done.","iconUrl":"https://neuralab.atlassian.net/rest/api/2/universal_avatar/view/type/issuetype/avatar/10318?size=medium","name":"Task","subtask":false,"avatarId":10318,"hierarchyLevel":0},"project":{"self":"https://neuralab.atlassian.net/rest/api/3/project/10156","id":"10156","key":"TWPJ","name":"TW Project's Tasks","projectTypeKey":"software","simplified":false,"avatarUrls":{"48x48":"https://neuralab.atlassian.net/rest/api/3/universal_avatar/view/type/project/avatar/10407","24x24":"https://neuralab.atlassian.net/rest/api/3/universal_avatar/view/type/project/avatar/10407?size=small","16x16":"https://neuralab.atlassian.net/rest/api/3/universal_avatar/view/type/project/avatar/10407?size=xsmall","32x32":"https://neuralab.atlassian.net/rest/api/3/universal_avatar/view/type/project/avatar/10407?size=medium"},"projectCategory":{"self":"https://neuralab.atlassian.net/rest/api/3/projectCategory/10000","id":"10000","description":"","name":"╨рчЁрсюЄър"}},"fixVersions":[],"status":{"self":"https://neuralab.atlassian.net/rest/api/3/status/10003","description":"","iconUrl":"https://neuralab.atlassian.net/","name":"Backlog","id":"10003","statusCategory":{"self":"https://neuralab.atlassian.net/rest/api/3/statuscategory/2","id":2,"key":"new","colorName":"blue-gray","name":"To Do"}}}},{"expand":"renderedFields,names,schema,operations,editmeta,changelog,versionedRepresentations","id":"71382","self":"https://neuralab.atlassian.net/rest/api/3/issue/71382","key":"TWPJ-193","fields":{"summary":"3 ўхыютхър т юфшэ фхэ№ сюы№°х 10 ёяшёрэшщ т Ёрчэюх тЁхь ","issuetype":{"self":"https://neuralab.atlassian.net/rest/api/3/issuetype/10012","id":"10012","description":"A task that needs to be done.","iconUrl":"https://neuralab.atlassian.net/rest/api/2/universal_avatar/view/type/issuetype/avatar/10318?size=medium","name":"Task","subtask":false,"avatarId":10318,"hierarchyLevel":0},"project":{"self":"https://neuralab.atlassian.net/rest/api/3/project/10156","id":"10156","key":"TWPJ","name":"TW Project's Tasks","projectTypeKey":"software","simplified":false,"avatarUrls":{"48x48":"https://neuralab.atlassian.net/rest/api/3/universal_avatar/view/type/project/avatar/10407","24x24":"https://neuralab.atlassian.net/rest/api/3/universal_avatar/view/type/project/avatar/10407?size=small","16x16":"https://neuralab.atlassian.net/rest/api/3/universal_avatar/view/type/project/avatar/10407?size=xsmall","32x32":"https://neuralab.atlassian.net/rest/api/3/universal_avatar/view/type/project/avatar/10407?size=medium"},"projectCategory":{"self":"https://neuralab.atlassian.net/rest/api/3/projectCategory/10000","id":"10000","description":"","name":"╨рчЁрсюЄър"}},"fixVersions":[],"status":{"self":"https://neuralab.atlassian.net/rest/api/3/status/10003","description":"","iconUrl":"https://neuralab.atlassian.net/","name":"Backlog","id":"10003","statusCategory":{"self":"https://neuralab.atlassian.net/rest/api/3/statuscategory/2","id":2,"key":"new","colorName":"blue-gray","name":"To Do"}}}},{"expand":"renderedFields,names,schema,operations,editmeta,changelog,versionedRepresentations","id":"71381","self":"https://neuralab.atlassian.net/rest/api/3/issue/71381","key":"TWPJ-192","fields":{"summary":"3 ўхыютхър сюы№°х 10 ёяшёрэшщ эр чрфрўє т юфэю тЁхь ","issuetype":{"self":"https://neuralab.atlassian.net/rest/api/3/issuetype/10012","id":"10012","description":"A task that needs to be done.","iconUrl":"https://neuralab.atlassian.net/rest/api/2/universal_avatar/view/type/issuetype/avatar/10318?size=medium","name":"Task","subtask":false,"avatarId":10318,"hierarchyLevel":0},"project":{"self":"https://neuralab.atlassian.net/rest/api/3/project/10156","id":"10156","key":"TWPJ","name":"TW Project's Tasks","projectTypeKey":"software","simplified":false,"avatarUrls":{"48x48":"https://neuralab.atlassian.net/rest/api/3/universal_avatar/view/type/project/avatar/10407","24x24":"https://neuralab.atlassian.net/rest/api/3/universal_avatar/view/type/project/avatar/10407?size=small","16x16":"https://neuralab.atlassian.net/rest/api/3/universal_avatar/view/type/project/avatar/10407?size=xsmall","32x32":"https://neuralab.atlassian.net/rest/api/3/universal_avatar/view/type/project/avatar/10407?size=medium"},"projectCategory":{"self":"https://neuralab.atlassian.net/rest/api/3/projectCategory/10000","id":"10000","description":"","name":"╨рчЁрсюЄър"}},"fixVersions":[],"status":{"self":"https://neuralab.atlassian.net/rest/api/3/status/10003","description":"","iconUrl":"https://neuralab.atlassian.net/","name":"Backlog","id":"10003","statusCategory":{"self":"https://neuralab.atlassian.net/rest/api/3/statuscategory/2","id":2,"key":"new","colorName":"blue-gray","name":"To Do"}}}},{"expand":"renderedFields,names,schema,operations,editmeta,changelog,versionedRepresentations","id":"71380","self":"https://neuralab.atlassian.net/rest/api/3/issue/71380","key":"TWPJ-191","fields":{"summary":"фтр ўхыютхър т юфшэ фхэ№ Ёрчэюх тЁхь ","issuetype":{"self":"https://neuralab.atlassian.net/rest/api/3/issuetype/10012","id":"10012","description":"A task that needs to be done.","iconUrl":"https://neuralab.atlassian.net/rest/api/2/universal_avatar/view/type/issuetype/avatar/10318?size=medium","name":"Task","subtask":false,"avatarId":10318,"hierarchyLevel":0},"project":{"self":"https://neuralab.atlassian.net/rest/api/3/project/10156","id":"10156","key":"TWPJ","name":"TW Project's Tasks","projectTypeKey":"software","simplified":false,"avatarUrls":{"48x48":"https://neuralab.atlassian.net/rest/api/3/universal_avatar/view/type/project/avatar/10407","24x24":"https://neuralab.atlassian.net/rest/api/3/universal_avatar/view/type/project/avatar/10407?size=small","16x16":"https://neuralab.atlassian.net/rest/api/3/universal_avatar/view/type/project/avatar/10407?size=xsmall","32x32":"https://neuralab.atlassian.net/rest/api/3/universal_avatar/view/type/project/avatar/10407?size=medium"},"projectCategory":{"self":"https://neuralab.atlassian.net/rest/api/3/projectCategory/10000","id":"10000","description":"","name":"╨рчЁрсюЄър"}},"fixVersions":[],"status":{"self":"https://neuralab.atlassian.net/rest/api/3/status/10003","description":"","iconUrl":"https://neuralab.atlassian.net/","name":"Backlog","id":"10003","statusCategory":{"self":"https://neuralab.atlassian.net/rest/api/3/statuscategory/2","id":2,"key":"new","colorName":"blue-gray","name":"To Do"}}}},{"expand":"renderedFields,names,schema,operations,editmeta,changelog,versionedRepresentations","id":"71379","self":"https://neuralab.atlassian.net/rest/api/3/issue/71379","key":"TWPJ-190","fields":{"summary":"фтр ўхыютхър т 1 фхэ№ т юфэю ш Єю цх тЁхь ","issuetype":{"self":"https://neuralab.atlassian.net/rest/api/3/issuetype/10012","id":"10012","description":"A task that needs to be done.","iconUrl":"https://neuralab.atlassian.net/rest/api/2/universal_avatar/view/type/issuetype/avatar/10318?size=medium","name":"Task","subtask":false,"avatarId":10318,"hierarchyLevel":0},"project":{"self":"https://neuralab.atlassian.net/rest/api/3/project/10156","id":"10156","key":"TWPJ","name":"TW Project's Tasks","projectTypeKey":"software","simplified":false,"avatarUrls":{"48x48":"https://neuralab.atlassian.net/rest/api/3/universal_avatar/view/type/project/avatar/10407","24x24":"https://neuralab.atlassian.net/rest/api/3/universal_avatar/view/type/project/avatar/10407?size=small","16x16":"https://neuralab.atlassian.net/rest/api/3/universal_avatar/view/type/project/avatar/10407?size=xsmall","32x32":"https://neuralab.atlassian.net/rest/api/3/universal_avatar/view/type/project/avatar/10407?size=medium"},"projectCategory":{"self":"https://neuralab.atlassian.net/rest/api/3/projectCategory/10000","id":"10000","description":"","name":"╨рчЁрсюЄър"}},"fixVersions":[],"status":{"self":"https://neuralab.atlassian.net/rest/api/3/status/10003","description":"","iconUrl":"https://neuralab.atlassian.net/","name":"Backlog","id":"10003","statusCategory":{"self":"https://neuralab.atlassian.net/rest/api/3/statuscategory/2","id":2,"key":"new","colorName":"blue-gray","name":"To Do"}}}},{"expand":"renderedFields,names,schema,operations,editmeta,changelog,versionedRepresentations","id":"10840","self":"https://neuralab.atlassian.net/rest/api/3/issue/10840","key":"TWMP-1255","fields":{"summary":"═ряшёрЄ№ юЄўхЄ тьхёЄю ьхщэ фрЄ√ т core ўрЄ чр яхЁшюф 23  эт -29  эт","issuetype":{"self":"https://neuralab.atlassian.net/rest/api/3/issuetype/10013","id":"10013","description":"The sub-task of the issue","iconUrl":"https://neuralab.atlassian.net/rest/api/2/universal_avatar/view/type/issuetype/avatar/10316?size=medium","name":"Sub-task","subtask":true,"avatarId":10316,"hierarchyLevel":-1},"project":{"self":"https://neuralab.atlassian.net/rest/api/3/project/10115","id":"10115","key":"TWMP","name":"TW Market Projects","projectTypeKey":"software","simplified":false,"avatarUrls":{"48x48":"https://neuralab.atlassian.net/rest/api/3/universal_avatar/view/type/project/avatar/10403","24x24":"https://neuralab.atlassian.net/rest/api/3/universal_avatar/view/type/project/avatar/10403?size=small","16x16":"https://neuralab.atlassian.net/rest/api/3/universal_avatar/view/type/project/avatar/10403?size=xsmall","32x32":"https://neuralab.atlassian.net/rest/api/3/universal_avatar/view/type/project/avatar/10403?size=medium"}},"parent":{"id":"11428","key":"TWMP-1202","self":"https://neuralab.atlassian.net/rest/api/3/issue/11428","fields":{"summary":"└эрышЄшър ъ ъюэЎє  этрЁ  + яЁюью эр яЁрчфэшъш","status":{"self":"https://neuralab.atlassian.net/rest/api/3/status/10005","description":"","iconUrl":"https://neuralab.atlassian.net/","name":"Done","id":"10005","statusCategory":{"self":"https://neuralab.atlassian.net/rest/api/3/statuscategory/3","id":3,"key":"done","colorName":"green","name":"Done"}},"priority":{"self":"https://neuralab.atlassian.net/rest/api/3/priority/3","iconUrl":"https://neuralab.atlassian.net/images/icons/priorities/medium_new.svg","name":"Medium","id":"3"},"issuetype":{"self":"https://neuralab.atlassian.net/rest/api/3/issuetype/10006","id":"10006","description":"Stories track functionality or features expressed as user goals.","iconUrl":"https://neuralab.atlassian.net/rest/api/2/universal_avatar/view/type/issuetype/avatar/10315?size=medium","name":"Story","subtask":false,"avatarId":10315,"hierarchyLevel":0}}},"fixVersions":[],"status":{"self":"https://neuralab.atlassian.net/rest/api/3/status/10005","description":"","iconUrl":"https://neuralab.atlassian.net/","name":"Done","id":"10005","statusCategory":{"self":"https://neuralab.atlassian.net/rest/api/3/statuscategory/3","id":3,"key":"done","colorName":"green","name":"Done"}}}},{"expand":"renderedFields,names,schema,operations,editmeta,changelog,versionedRepresentations","id":"11363","self":"https://neuralab.atlassian.net/rest/api/3/issue/11363","key":"TWMP-1254","fields":{"summary":"═ряшёрЄ№ юЄўхЄ тьхёЄю ьхщэ фрЄ√ т core ўрЄ чр яхЁшюф 29 эт - 6Їхт","issuetype":{"self":"https://neuralab.atlassian.net/rest/api/3/issuetype/10013","id":"10013","description":"The sub-task of the issue","iconUrl":"https://neuralab.atlassian.net/rest/api/2/universal_avatar/view/type/issuetype/avatar/10316?size=medium","name":"Sub-task","subtask":true,"avatarId":10316,"hierarchyLevel":-1},"project":{"self":"https://neuralab.atlassian.net/rest/api/3/project/10115","id":"10115","key":"TWMP","name":"TW Market Projects","projectTypeKey":"software","simplified":false,"avatarUrls":{"48x48":"https://neuralab.atlassian.net/rest/api/3/universal_avatar/view/type/project/avatar/10403","24x24":"https://neuralab.atlassian.net/rest/api/3/universal_avatar/view/type/project/avatar/10403?size=small","16x16":"https://neuralab.atlassian.net/rest/api/3/universal_avatar/view/type/project/avatar/10403?size=xsmall","32x32":"https://neuralab.atlassian.net/rest/api/3/universal_avatar/view/type/project/avatar/10403?size=medium"}},"parent":{"id":"11428","key":"TWMP-1202","self":"https://neuralab.atlassian.net/rest/api/3/issue/11428","fields":{"summary":"└эрышЄшър ъ ъюэЎє  этрЁ  + яЁюью эр яЁрчфэшъш","status":{"self":"https://neuralab.atlassian.net/rest/api/3/status/10005","description":"","iconUrl":"https://neuralab.atlassian.net/","name":"Done","id":"10005","statusCategory":{"self":"https://neuralab.atlassian.net/rest/api/3/statuscategory/3","id":3,"key":"done","colorName":"green","name":"Done"}},"priority":{"self":"https://neuralab.atlassian.net/rest/api/3/priority/3","iconUrl":"https://neuralab.atlassian.net/images/icons/priorities/medium_new.svg","name":"Medium","id":"3"},"issuetype":{"self":"https://neuralab.atlassian.net/rest/api/3/issuetype/10006","id":"10006","description":"Stories track functionality or features expressed as user goals.","iconUrl":"https://neuralab.atlassian.net/rest/api/2/universal_avatar/view/type/issuetype/avatar/10315?size=medium","name":"Story","subtask":false,"avatarId":10315,"hierarchyLevel":0}}},"fixVersions":[],"status":{"self":"https://neuralab.atlassian.net/rest/api/3/status/10005","description":"","iconUrl":"https://neuralab.atlassian.net/","name":"Done","id":"10005","statusCategory":{"self":"https://neuralab.atlassian.net/rest/api/3/statuscategory/3","id":3,"key":"done","colorName":"green","name":"Done"}}}},{"expand":"renderedFields,names,schema,operations,editmeta,changelog,versionedRepresentations","id":"11362","self":"https://neuralab.atlassian.net/rest/api/3/issue/11362","key":"TWMP-1253","fields":{"summary":"═рёЄЁюшщър ышф ЇюЁь эр яЁюью ёЄЁрэшЎрї фы  ёюїЁрэхэш  чр тюъ т уєуы фюъш","issuetype":{"self":"https://neuralab.atlassian.net/rest/api/3/issuetype/10013","id":"10013","description":"The sub-task of the issue","iconUrl":"https://neuralab.atlassian.net/rest/api/2/universal_avatar/view/type/issuetype/avatar/10316?size=medium","name":"Sub-task","subtask":true,"avatarId":10316,"hierarchyLevel":-1},"project":{"self":"https://neuralab.atlassian.net/rest/api/3/project/10115","id":"10115","key":"TWMP","name":"TW Market Projects","projectTypeKey":"software","simplified":false,"avatarUrls":{"48x48":"https://neuralab.atlassian.net/rest/api/3/universal_avatar/view/type/project/avatar/10403","24x24":"https://neuralab.atlassian.net/rest/api/3/universal_avatar/view/type/project/avatar/10403?size=small","16x16":"https://neuralab.atlassian.net/rest/api/3/universal_avatar/view/type/project/avatar/10403?size=xsmall","32x32":"https://neuralab.atlassian.net/rest/api/3/universal_avatar/view/type/project/avatar/10403?size=medium"}},"parent":{"id":"11428","key":"TWMP-1202","self":"https://neuralab.atlassian.net/rest/api/3/issue/11428","fields":{"summary":"└эрышЄшър ъ ъюэЎє  этрЁ  + яЁюью эр яЁрчфэшъш","status":{"self":"https://neuralab.atlassian.net/rest/api/3/status/10005","description":"","iconUrl":"https://neuralab.atlassian.net/","name":"Done","id":"10005","statusCategory":{"self":"https://neuralab.atlassian.net/rest/api/3/statuscategory/3","id":3,"key":"done","colorName":"green","name":"Done"}},"priority":{"self":"https://neuralab.atlassian.net/rest/api/3/priority/3","iconUrl":"https://neuralab.atlassian.net/images/icons/priorities/medium_new.svg","name":"Medium","id":"3"},"issuetype":{"self":"https://neuralab.atlassian.net/rest/api/3/issuetype/10006","id":"10006","description":"Stories track functionality or features expressed as user goals.","iconUrl":"https://neuralab.atlassian.net/rest/api/2/universal_avatar/view/type/issuetype/avatar/10315?size=medium","name":"Story","subtask":false,"avatarId":10315,"hierarchyLevel":0}}},"fixVersions":[],"status":{"self":"https://neuralab.atlassian.net/rest/api/3/status/10005","description":"","iconUrl":"https://neuralab.atlassian.net/","name":"Done","id":"10005","statusCategory":{"self":"https://neuralab.atlassian.net/rest/api/3/statuscategory/3","id":3,"key":"done","colorName":"green","name":"Done"}}}},{"expand":"renderedFields,names,schema,operations,editmeta,changelog,versionedRepresentations","id":"11360","self":"https://neuralab.atlassian.net/rest/api/3/issue/11360","key":"TWMP-1252","fields":{"summary":" ═рёЄЁюшЄ№ юЄюсЁрцхэшх ёююЄтхЄёЄтє■∙шї ЄЁхъшэуют√ї ёё√ыюъ эр яЁюью ёрщЄрї т фхёъЄюях ш ьюс тхЁёш ї","issuetype":{"self":"https://neuralab.atlassian.net/rest/api/3/issuetype/10013","id":"10013","description":"The sub-task of the issue","iconUrl":"https://neuralab.atlassian.net/rest/api/2/universal_avatar/view/type/issuetype/avatar/10316?size=medium","name":"Sub-task","subtask":true,"avatarId":10316,"hierarchyLevel":-1},"project":{"self":"https://neuralab.atlassian.net/rest/api/3/project/10115","id":"10115","key":"TWMP","name":"TW Market Projects","projectTypeKey":"software","simplified":false,"avatarUrls":{"48x48":"https://neuralab.atlassian.net/rest/api/3/universal_avatar/view/type/project/avatar/10403","24x24":"https://neuralab.atlassian.net/rest/api/3/universal_avatar/view/type/project/avatar/10403?size=small","16x16":"https://neuralab.atlassian.net/rest/api/3/universal_avatar/view/type/project/avatar/10403?size=xsmall","32x32":"https://neuralab.atlassian.net/rest/api/3/universal_avatar/view/type/project/avatar/10403?size=medium"}},"parent":{"id":"11428","key":"TWMP-1202","self":"https://neuralab.atlassian.net/rest/api/3/issue/11428","fields":{"summary":"└эрышЄшър ъ ъюэЎє  этрЁ  + яЁюью эр яЁрчфэшъш","status":{"self":"https://neuralab.atlassian.net/rest/api/3/status/10005","description":"","iconUrl":"https://neuralab.atlassian.net/","name":"Done","id":"10005","statusCategory":{"self":"https://neuralab.atlassian.net/rest/api/3/statuscategory/3","id":3,"key":"done","colorName":"green","name":"Done"}},"priority":{"self":"https://neuralab.atlassian.net/rest/api/3/priority/3","iconUrl":"https://neuralab.atlassian.net/images/icons/priorities/medium_new.svg","name":"Medium","id":"3"},"issuetype":{"self":"https://neuralab.atlassian.net/rest/api/3/issuetype/10006","id":"10006","description":"Stories track functionality or features expressed as user goals.","iconUrl":"https://neuralab.atlassian.net/rest/api/2/universal_avatar/view/type/issuetype/avatar/10315?size=medium","name":"Story","subtask":false,"avatarId":10315,"hierarchyLevel":0}}},"fixVersions":[],"status":{"self":"https://neuralab.atlassian.net/rest/api/3/status/10005","description":"","iconUrl":"https://neuralab.atlassian.net/","name":"Done","id":"10005","statusCategory":{"self":"https://neuralab.atlassian.net/rest/api/3/statuscategory/3","id":3,"key":"done","colorName":"green","name":"Done"}}}},{"expand":"renderedFields,names,schema,operations,editmeta,changelog,versionedRepresentations","id":"11358","self":"https://neuralab.atlassian.net/rest/api/3/issue/11358","key":"TWMP-1251","fields":{"summary":"╙ёЄрэютшЄ№ ш эрёЄЁюшЄ№ ьхЄЁшъє эр яЁюью ёрщЄ√","issuetype":{"self":"https://neuralab.atlassian.net/rest/api/3/issuetype/10013","id":"10013","description":"The sub-task of the issue","iconUrl":"https://neuralab.atlassian.net/rest/api/2/universal_avatar/view/type/issuetype/avatar/10316?size=medium","name":"Sub-task","subtask":true,"avatarId":10316,"hierarchyLevel":-1},"project":{"self":"https://neuralab.atlassian.net/rest/api/3/project/10115","id":"10115","key":"TWMP","name":"TW Market Projects","projectTypeKey":"software","simplified":false,"avatarUrls":{"48x48":"https://neuralab.atlassian.net/rest/api/3/universal_avatar/view/type/project/avatar/10403","24x24":"https://neuralab.atlassian.net/rest/api/3/universal_avatar/view/type/project/avatar/10403?size=small","16x16":"https://neuralab.atlassian.net/rest/api/3/universal_avatar/view/type/project/avatar/10403?size=xsmall","32x32":"https://neuralab.atlassian.net/rest/api/3/universal_avatar/view/type/project/avatar/10403?size=medium"}},"parent":{"id":"11428","key":"TWMP-1202","self":"https://neuralab.atlassian.net/rest/api/3/issue/11428","fields":{"summary":"└эрышЄшър ъ ъюэЎє  этрЁ  + яЁюью эр яЁрчфэшъш","status":{"self":"https://neuralab.atlassian.net/rest/api/3/status/10005","description":"","iconUrl":"https://neuralab.atlassian.net/","name":"Done","id":"10005","statusCategory":{"self":"https://neuralab.atlassian.net/rest/api/3/statuscategory/3","id":3,"key":"done","colorName":"green","name":"Done"}},"priority":{"self":"https://neuralab.atlassian.net/rest/api/3/priority/3","iconUrl":"https://neuralab.atlassian.net/images/icons/priorities/medium_new.svg","name":"Medium","id":"3"},"issuetype":{"self":"https://neuralab.atlassian.net/rest/api/3/issuetype/10006","id":"10006","description":"Stories track functionality or features expressed as user goals.","iconUrl":"https://neuralab.atlassian.net/rest/api/2/universal_avatar/view/type/issuetype/avatar/10315?size=medium","name":"Story","subtask":false,"avatarId":10315,"hierarchyLevel":0}}},"fixVersions":[],"status":{"self":"https://neuralab.atlassian.net/rest/api/3/status/10005","description":"","iconUrl":"https://neuralab.atlassian.net/","name":"Done","id":"10005","statusCategory":{"self":"https://neuralab.atlassian.net/rest/api/3/statuscategory/3","id":3,"key":"done","colorName":"green","name":"Done"}}}},{"expand":"renderedFields,names,schema,operations,editmeta,changelog,versionedRepresentations","id":"11328","self":"https://neuralab.atlassian.net/rest/api/3/issue/11328","key":"TWMP-1250","fields":{"summary":"╧юыєўшЄ№ фюёЄєя ъ ёЄрЄшёЄшъх сшЄыш ш яЁюрэрышчшЁютрЄ№ ышэъш шэЇыют","issuetype":{"self":"https://neuralab.atlassian.net/rest/api/3/issuetype/10013","id":"10013","description":"The sub-task of the issue","iconUrl":"https://neuralab.atlassian.net/rest/api/2/universal_avatar/view/type/issuetype/avatar/10316?size=medium","name":"Sub-task","subtask":true,"avatarId":10316,"hierarchyLevel":-1},"project":{"self":"https://neuralab.atlassian.net/rest/api/3/project/10115","id":"10115","key":"TWMP","name":"TW Market Projects","projectTypeKey":"software","simplified":false,"avatarUrls":{"48x48":"https://neuralab.atlassian.net/rest/api/3/universal_avatar/view/type/project/avatar/10403","24x24":"https://neuralab.atlassian.net/rest/api/3/universal_avatar/view/type/project/avatar/10403?size=small","16x16":"https://neuralab.atlassian.net/rest/api/3/universal_avatar/view/type/project/avatar/10403?size=xsmall","32x32":"https://neuralab.atlassian.net/rest/api/3/universal_avatar/view/type/project/avatar/10403?size=medium"}},"parent":{"id":"11428","key":"TWMP-1202","self":"https://neuralab.atlassian.net/rest/api/3/issue/11428","fields":{"summary":"└эрышЄшър ъ ъюэЎє  этрЁ  + яЁюью эр яЁрчфэшъш","status":{"self":"https://neuralab.atlassian.net/rest/api/3/status/10005","description":"","iconUrl":"https://neuralab.atlassian.net/","name":"Done","id":"10005","statusCategory":{"self":"https://neuralab.atlassian.net/rest/api/3/statuscategory/3","id":3,"key":"done","colorName":"green","name":"Done"}},"priority":{"self":"https://neuralab.atlassian.net/rest/api/3/priority/3","iconUrl":"https://neuralab.atlassian.net/images/icons/priorities/medium_new.svg","name":"Medium","id":"3"},"issuetype":{"self":"https://neuralab.atlassian.net/rest/api/3/issuetype/10006","id":"10006","description":"Stories track functionality or features expressed as user goals.","iconUrl":"https://neuralab.atlassian.net/rest/api/2/universal_avatar/view/type/issuetype/avatar/10315?size=medium","name":"Story","subtask":false,"avatarId":10315,"hierarchyLevel":0}}},"fixVersions":[],"status":{"self":"https://neuralab.atlassian.net/rest/api/3/status/10005","description":"","iconUrl":"https://neuralab.atlassian.net/","name":"Done","id":"10005","statusCategory":{"self":"https://neuralab.atlassian.net/rest/api/3/statuscategory/3","id":3,"key":"done","colorName":"green","name":"Done"}}}},{"expand":"renderedFields,names,schema,operations,editmeta,changelog,versionedRepresentations","id":"11032","self":"https://neuralab.atlassian.net/rest/api/3/issue/11032","key":"TWMP-1246","fields":{"summary":"╙ёЄрэютшЄ№ фшяышэъ т Ёъ фшЁхъЄр фы  ЄхёЄр яхЁхфрўш фрээ√ї","issuetype":{"self":"https://neuralab.atlassian.net/rest/api/3/issuetype/10013","id":"10013","description":"The sub-task of the issue","iconUrl":"https://neuralab.atlassian.net/rest/api/2/universal_avatar/view/type/issuetype/avatar/10316?size=medium","name":"Sub-task","subtask":true,"avatarId":10316,"hierarchyLevel":-1},"project":{"self":"https://neuralab.atlassian.net/rest/api/3/project/10115","id":"10115","key":"TWMP","name":"TW Market Projects","projectTypeKey":"software","simplified":false,"avatarUrls":{"48x48":"https://neuralab.atlassian.net/rest/api/3/universal_avatar/view/type/project/avatar/10403","24x24":"https://neuralab.atlassian.net/rest/api/3/universal_avatar/view/type/project/avatar/10403?size=small","16x16":"https://neuralab.atlassian.net/rest/api/3/universal_avatar/view/type/project/avatar/10403?size=xsmall","32x32":"https://neuralab.atlassian.net/rest/api/3/universal_avatar/view/type/project/avatar/10403?size=medium"}},"parent":{"id":"11428","key":"TWMP-1202","self":"https://neuralab.atlassian.net/rest/api/3/issue/11428","fields":{"summary":"└эрышЄшър ъ ъюэЎє  этрЁ  + яЁюью эр яЁрчфэшъш","status":{"self":"https://neuralab.atlassian.net/rest/api/3/status/10005","description":"","iconUrl":"https://neuralab.atlassian.net/","name":"Done","id":"10005","statusCategory":{"self":"https://neuralab.atlassian.net/rest/api/3/statuscategory/3","id":3,"key":"done","colorName":"green","name":"Done"}},"priority":{"self":"https://neuralab.atlassian.net/rest/api/3/priority/3","iconUrl":"https://neuralab.atlassian.net/images/icons/priorities/medium_new.svg","name":"Medium","id":"3"},"issuetype":{"self":"https://neuralab.atlassian.net/rest/api/3/issuetype/10006","id":"10006","description":"Stories track functionality or features expressed as user goals.","iconUrl":"https://neuralab.atlassian.net/rest/api/2/universal_avatar/view/type/issuetype/avatar/10315?size=medium","name":"Story","subtask":false,"avatarId":10315,"hierarchyLevel":0}}},"fixVersions":[],"status":{"self":"https://neuralab.atlassian.net/rest/api/3/status/10005","description":"","iconUrl":"https://neuralab.atlassian.net/","name":"Done","id":"10005","statusCategory":{"self":"https://neuralab.atlassian.net/rest/api/3/statuscategory/3","id":3,"key":"done","colorName":"green","name":"Done"}}}},{"expand":"renderedFields,names,schema,operations,editmeta,changelog,versionedRepresentations","id":"11657","self":"https://neuralab.atlassian.net/rest/api/3/issue/11657","key":"TWMP-1245","fields":{"summary":"╤ючфрЄ№ фшяышэъ фы  ЄхёЄр ёътючэющ рэрышЄшъш","issuetype":{"self":"https://neuralab.atlassian.net/rest/api/3/issuetype/10013","id":"10013","description":"The sub-task of the issue","iconUrl":"https://neuralab.atlassian.net/rest/api/2/universal_avatar/view/type/issuetype/avatar/10316?size=medium","name":"Sub-task","subtask":true,"avatarId":10316,"hierarchyLevel":-1},"project":{"self":"https://neuralab.atlassian.net/rest/api/3/project/10115","id":"10115","key":"TWMP","name":"TW Market Projects","projectTypeKey":"software","simplified":false,"avatarUrls":{"48x48":"https://neuralab.atlassian.net/rest/api/3/universal_avatar/view/type/project/avatar/10403","24x24":"https://neuralab.atlassian.net/rest/api/3/universal_avatar/view/type/project/avatar/10403?size=small","16x16":"https://neuralab.atlassian.net/rest/api/3/universal_avatar/view/type/project/avatar/10403?size=xsmall","32x32":"https://neuralab.atlassian.net/rest/api/3/universal_avatar/view/type/project/avatar/10403?size=medium"}},"parent":{"id":"11428","key":"TWMP-1202","self":"https://neuralab.atlassian.net/rest/api/3/issue/11428","fields":{"summary":"└эрышЄшър ъ ъюэЎє  этрЁ  + яЁюью эр яЁрчфэшъш","status":{"self":"https://neuralab.atlassian.net/rest/api/3/status/10005","description":"","iconUrl":"https://neuralab.atlassian.net/","name":"Done","id":"10005","statusCategory":{"self":"https://neuralab.atlassian.net/rest/api/3/statuscategory/3","id":3,"key":"done","colorName":"green","name":"Done"}},"priority":{"self":"https://neuralab.atlassian.net/rest/api/3/priority/3","iconUrl":"https://neuralab.atlassian.net/images/icons/priorities/medium_new.svg","name":"Medium","id":"3"},"issuetype":{"self":"https://neuralab.atlassian.net/rest/api/3/issuetype/10006","id":"10006","description":"Stories track functionality or features expressed as user goals.","iconUrl":"https://neuralab.atlassian.net/rest/api/2/universal_avatar/view/type/issuetype/avatar/10315?size=medium","name":"Story","subtask":false,"avatarId":10315,"hierarchyLevel":0}}},"fixVersions":[],"status":{"self":"https://neuralab.atlassian.net/rest/api/3/status/10005","description":"","iconUrl":"https://neuralab.atlassian.net/","name":"Done","id":"10005","statusCategory":{"self":"https://neuralab.atlassian.net/rest/api/3/statuscategory/3","id":3,"key":"done","colorName":"green","name":"Done"}}}},{"expand":"renderedFields,names,schema,operations,editmeta,changelog,versionedRepresentations","id":"11025","self":"https://neuralab.atlassian.net/rest/api/3/issue/11025","key":"TWMP-1244","fields":{"summary":"╙ёЄрэютюўэр  тёЄЁхўр ","issuetype":{"self":"https://neuralab.atlassian.net/rest/api/3/issuetype/10013","id":"10013","description":"The sub-task of the issue","iconUrl":"https://neuralab.atlassian.net/rest/api/2/universal_avatar/view/type/issuetype/avatar/10316?size=medium","name":"Sub-task","subtask":true,"avatarId":10316,"hierarchyLevel":-1},"project":{"self":"https://neuralab.atlassian.net/rest/api/3/project/10115","id":"10115","key":"TWMP","name":"TW Market Projects","projectTypeKey":"software","simplified":false,"avatarUrls":{"48x48":"https://neuralab.atlassian.net/rest/api/3/universal_avatar/view/type/project/avatar/10403","24x24":"https://neuralab.atlassian.net/rest/api/3/universal_avatar/view/type/project/avatar/10403?size=small","16x16":"https://neuralab.atlassian.net/rest/api/3/universal_avatar/view/type/project/avatar/10403?size=xsmall","32x32":"https://neuralab.atlassian.net/rest/api/3/universal_avatar/view/type/project/avatar/10403?size=medium"}},"parent":{"id":"11428","key":"TWMP-1202","self":"https://neuralab.atlassian.net/rest/api/3/issue/11428","fields":{"summary":"└эрышЄшър ъ ъюэЎє  этрЁ  + яЁюью эр яЁрчфэшъш","status":{"self":"https://neuralab.atlassian.net/rest/api/3/status/10005","description":"","iconUrl":"https://neuralab.atlassian.net/","name":"Done","id":"10005","statusCategory":{"self":"https://neuralab.atlassian.net/rest/api/3/statuscategory/3","id":3,"key":"done","colorName":"green","name":"Done"}},"priority":{"self":"https://neuralab.atlassian.net/rest/api/3/priority/3","iconUrl":"https://neuralab.atlassian.net/images/icons/priorities/medium_new.svg","name":"Medium","id":"3"},"issuetype":{"self":"https://neuralab.atlassian.net/rest/api/3/issuetype/10006","id":"10006","description":"Stories track functionality or features expressed as user goals.","iconUrl":"https://neuralab.atlassian.net/rest/api/2/universal_avatar/view/type/issuetype/avatar/10315?size=medium","name":"Story","subtask":false,"avatarId":10315,"hierarchyLevel":0}}},"fixVersions":[],"status":{"self":"https://neuralab.atlassian.net/rest/api/3/status/10005","description":"","iconUrl":"https://neuralab.atlassian.net/","name":"Done","id":"10005","statusCategory":{"self":"https://neuralab.atlassian.net/rest/api/3/statuscategory/3","id":3,"key":"done","colorName":"green","name":"Done"}}}},{"expand":"renderedFields,names,schema,operations,editmeta,changelog,versionedRepresentations","id":"10683","self":"https://neuralab.atlassian.net/rest/api/3/issue/10683","key":"TWMP-1243","fields":{"summary":"╟ртхёЄш рэрышЄшъє фы  ▀ фшЁхъЄр, эрёЄЁюшЄ№ ш єёЄрэютшЄ№ фы  ёрщЄр т чюэх .com","issuetype":{"self":"https://neuralab.atlassian.net/rest/api/3/issuetype/10013","id":"10013","description":"The sub-task of the issue","iconUrl":"https://neuralab.atlassian.net/rest/api/2/universal_avatar/view/type/issuetype/avatar/10316?size=medium","name":"Sub-task","subtask":true,"avatarId":10316,"hierarchyLevel":-1},"project":{"self":"https://neuralab.atlassian.net/rest/api/3/project/10115","id":"10115","key":"TWMP","name":"TW Market Projects","projectTypeKey":"software","simplified":false,"avatarUrls":{"48x48":"https://neuralab.atlassian.net/rest/api/3/universal_avatar/view/type/project/avatar/10403","24x24":"https://neuralab.atlassian.net/rest/api/3/universal_avatar/view/type/project/avatar/10403?size=small","16x16":"https://neuralab.atlassian.net/rest/api/3/universal_avatar/view/type/project/avatar/10403?size=xsmall","32x32":"https://neuralab.atlassian.net/rest/api/3/universal_avatar/view/type/project/avatar/10403?size=medium"}},"parent":{"id":"11428","key":"TWMP-1202","self":"https://neuralab.atlassian.net/rest/api/3/issue/11428","fields":{"summary":"└эрышЄшър ъ ъюэЎє  этрЁ  + яЁюью эр яЁрчфэшъш","status":{"self":"https://neuralab.atlassian.net/rest/api/3/status/10005","description":"","iconUrl":"https://neuralab.atlassian.net/","name":"Done","id":"10005","statusCategory":{"self":"https://neuralab.atlassian.net/rest/api/3/statuscategory/3","id":3,"key":"done","colorName":"green","name":"Done"}},"priority":{"self":"https://neuralab.atlassian.net/rest/api/3/priority/3","iconUrl":"https://neuralab.atlassian.net/images/icons/priorities/medium_new.svg","name":"Medium","id":"3"},"issuetype":{"self":"https://neuralab.atlassian.net/rest/api/3/issuetype/10006","id":"10006","description":"Stories track functionality or features expressed as user goals.","iconUrl":"https://neuralab.atlassian.net/rest/api/2/universal_avatar/view/type/issuetype/avatar/10315?size=medium","name":"Story","subtask":false,"avatarId":10315,"hierarchyLevel":0}}},"fixVersions":[],"status":{"self":"https://neuralab.atlassian.net/rest/api/3/status/10005","description":"","iconUrl":"https://neuralab.atlassian.net/","name":"Done","id":"10005","statusCategory":{"self":"https://neuralab.atlassian.net/rest/api/3/statuscategory/3","id":3,"key":"done","colorName":"green","name":"Done"}}}},{"expand":"renderedFields,names,schema,operations,editmeta,changelog,versionedRepresentations","id":"11120","self":"https://neuralab.atlassian.net/rest/api/3/issue/11120","key":"TWMP-1223","fields":{"summary":"╚═ ▌╧╧","issuetype":{"self":"https://neuralab.atlassian.net/rest/api/3/issuetype/10013","id":"10013","description":"The sub-task of the issue","iconUrl":"https://neuralab.atlassian.net/rest/api/2/universal_avatar/view/type/issuetype/avatar/10316?size=medium","name":"Sub-task","subtask":true,"avatarId":10316,"hierarchyLevel":-1},"project":{"self":"https://neuralab.atlassian.net/rest/api/3/project/10115","id":"10115","key":"TWMP","name":"TW Market Projects","projectTypeKey":"software","simplified":false,"avatarUrls":{"48x48":"https://neuralab.atlassian.net/rest/api/3/universal_avatar/view/type/project/avatar/10403","24x24":"https://neuralab.atlassian.net/rest/api/3/universal_avatar/view/type/project/avatar/10403?size=small","16x16":"https://neuralab.atlassian.net/rest/api/3/universal_avatar/view/type/project/avatar/10403?size=xsmall","32x32":"https://neuralab.atlassian.net/rest/api/3/universal_avatar/view/type/project/avatar/10403?size=medium"}},"parent":{"id":"11748","key":"TWMP-1200","self":"https://neuralab.atlassian.net/rest/api/3/issue/11748","fields":{"summary":"╥хёЄ яхЁЇюьрэё","status":{"self":"https://neuralab.atlassian.net/rest/api/3/status/10005","description":"","iconUrl":"https://neuralab.atlassian.net/","name":"Done","id":"10005","statusCategory":{"self":"https://neuralab.atlassian.net/rest/api/3/statuscategory/3","id":3,"key":"done","colorName":"green","name":"Done"}},"priority":{"self":"https://neuralab.atlassian.net/rest/api/3/priority/3","iconUrl":"https://neuralab.atlassian.net/images/icons/priorities/medium_new.svg","name":"Medium","id":"3"},"issuetype":{"self":"https://neuralab.atlassian.net/rest/api/3/issuetype/10006","id":"10006","description":"Stories track functionality or features expressed as user goals.","iconUrl":"https://neuralab.atlassian.net/rest/api/2/universal_avatar/view/type/issuetype/avatar/10315?size=medium","name":"Story","subtask":false,"avatarId":10315,"hierarchyLevel":0}}},"fixVersions":[],"status":{"self":"https://neuralab.atlassian.net/rest/api/3/status/10005","description":"","iconUrl":"https://neuralab.atlassian.net/","name":"Done","id":"10005","statusCategory":{"self":"https://neuralab.atlassian.net/rest/api/3/statuscategory/3","id":3,"key":"done","colorName":"green","name":"Done"}}}},{"expand":"renderedFields,names,schema,operations,editmeta,changelog,versionedRepresentations","id":"11119","self":"https://neuralab.atlassian.net/rest/api/3/issue/11119","key":"TWMP-1222","fields":{"summary":"╩юэЄхъёЄ","issuetype":{"self":"https://neuralab.atlassian.net/rest/api/3/issuetype/10013","id":"10013","description":"The sub-task of the issue","iconUrl":"https://neuralab.atlassian.net/rest/api/2/universal_avatar/view/type/issuetype/avatar/10316?size=medium","name":"Sub-task","subtask":true,"avatarId":10316,"hierarchyLevel":-1},"project":{"self":"https://neuralab.atlassian.net/rest/api/3/project/10115","id":"10115","key":"TWMP","name":"TW Market Projects","projectTypeKey":"software","simplified":false,"avatarUrls":{"48x48":"https://neuralab.atlassian.net/rest/api/3/universal_avatar/view/type/project/avatar/10403","24x24":"https://neuralab.atlassian.net/rest/api/3/universal_avatar/view/type/project/avatar/10403?size=small","16x16":"https://neuralab.atlassian.net/rest/api/3/universal_avatar/view/type/project/avatar/10403?size=xsmall","32x32":"https://neuralab.atlassian.net/rest/api/3/universal_avatar/view/type/project/avatar/10403?size=medium"}},"parent":{"id":"11748","key":"TWMP-1200","self":"https://neuralab.atlassian.net/rest/api/3/issue/11748","fields":{"summary":"╥хёЄ яхЁЇюьрэё","status":{"self":"https://neuralab.atlassian.net/rest/api/3/status/10005","description":"","iconUrl":"https://neuralab.atlassian.net/","name":"Done","id":"10005","statusCategory":{"self":"https://neuralab.atlassian.net/rest/api/3/statuscategory/3","id":3,"key":"done","colorName":"green","name":"Done"}},"priority":{"self":"https://neuralab.atlassian.net/rest/api/3/priority/3","iconUrl":"https://neuralab.atlassian.net/images/icons/priorities/medium_new.svg","name":"Medium","id":"3"},"issuetype":{"self":"https://neuralab.atlassian.net/rest/api/3/issuetype/10006","id":"10006","description":"Stories track functionality or features expressed as user goals.","iconUrl":"https://neuralab.atlassian.net/rest/api/2/universal_avatar/view/type/issuetype/avatar/10315?size=medium","name":"Story","subtask":false,"avatarId":10315,"hierarchyLevel":0}}},"fixVersions":[],"status":{"self":"https://neuralab.atlassian.net/rest/api/3/status/10005","description":"","iconUrl":"https://neuralab.atlassian.net/","name":"Done","id":"10005","statusCategory":{"self":"https://neuralab.atlassian.net/rest/api/3/statuscategory/3","id":3,"key":"done","colorName":"green","name":"Done"}}}},{"expand":"renderedFields,names,schema,operations,editmeta,changelog,versionedRepresentations","id":"10844","self":"https://neuralab.atlassian.net/rest/api/3/issue/10844","key":"TWMP-1186","fields":{"summary":"╩юэЄхъёЄ ╥┼╤╥ ╧┼╨╘╬╠└═╤","issuetype":{"self":"https://neuralab.atlassian.net/rest/api/3/issuetype/10006","id":"10006","description":"Stories track functionality or features expressed as user goals.","iconUrl":"https://neuralab.atlassian.net/rest/api/2/universal_avatar/view/type/issuetype/avatar/10315?size=medium","name":"Story","subtask":false,"avatarId":10315,"hierarchyLevel":0},"project":{"self":"https://neuralab.atlassian.net/rest/api/3/project/10115","id":"10115","key":"TWMP","name":"TW Market Projects","projectTypeKey":"software","simplified":false,"avatarUrls":{"48x48":"https://neuralab.atlassian.net/rest/api/3/universal_avatar/view/type/project/avatar/10403","24x24":"https://neuralab.atlassian.net/rest/api/3/universal_avatar/view/type/project/avatar/10403?size=small","16x16":"https://neuralab.atlassian.net/rest/api/3/universal_avatar/view/type/project/avatar/10403?size=xsmall","32x32":"https://neuralab.atlassian.net/rest/api/3/universal_avatar/view/type/project/avatar/10403?size=medium"}},"fixVersions":[],"status":{"self":"https://neuralab.atlassian.net/rest/api/3/status/10005","description":"","iconUrl":"https://neuralab.atlassian.net/","name":"Done","id":"10005","statusCategory":{"self":"https://neuralab.atlassian.net/rest/api/3/statuscategory/3","id":3,"key":"done","colorName":"green","name":"Done"}}}},{"expand":"renderedFields,names,schema,operations,editmeta,changelog,versionedRepresentations","id":"11330","self":"https://neuralab.atlassian.net/rest/api/3/issue/11330","key":"TWMP-482","fields":{"summary":"┬√сюЁ яюфЁ фўшър фы  ЁрсюЄ√ яю CPA","issuetype":{"self":"https://neuralab.atlassian.net/rest/api/3/issuetype/10012","id":"10012","description":"A task that needs to be done.","iconUrl":"https://neuralab.atlassian.net/rest/api/2/universal_avatar/view/type/issuetype/avatar/10318?size=medium","name":"Task","subtask":false,"avatarId":10318,"hierarchyLevel":0},"project":{"self":"https://neuralab.atlassian.net/rest/api/3/project/10115","id":"10115","key":"TWMP","name":"TW Market Projects","projectTypeKey":"software","simplified":false,"avatarUrls":{"48x48":"https://neuralab.atlassian.net/rest/api/3/universal_avatar/view/type/project/avatar/10403","24x24":"https://neuralab.atlassian.net/rest/api/3/universal_avatar/view/type/project/avatar/10403?size=small","16x16":"https://neuralab.atlassian.net/rest/api/3/universal_avatar/view/type/project/avatar/10403?size=xsmall","32x32":"https://neuralab.atlassian.net/rest/api/3/universal_avatar/view/type/project/avatar/10403?size=medium"}},"fixVersions":[],"status":{"self":"https://neuralab.atlassian.net/rest/api/3/status/10005","description":"","iconUrl":"https://neuralab.atlassian.net/","name":"Done","id":"10005","statusCategory":{"self":"https://neuralab.atlassian.net/rest/api/3/statuscategory/3","id":3,"key":"done","colorName":"green","name":"Done"}}}},{"expand":"renderedFields,names,schema,operations,editmeta,changelog,versionedRepresentations","id":"30992","self":"https://neuralab.atlassian.net/rest/api/3/issue/30992","key":"TWMON-4979","fields":{"summary":"╤ъЁєуыхэшх ёююс∙хэшщ","issuetype":{"self":"https://neuralab.atlassian.net/rest/api/3/issuetype/10012","id":"10012","description":"A task that needs to be done.","iconUrl":"https://neuralab.atlassian.net/rest/api/2/universal_avatar/view/type/issuetype/avatar/10318?size=medium","name":"Task","subtask":false,"avatarId":10318,"hierarchyLevel":0},"project":{"self":"https://neuralab.atlassian.net/rest/api/3/project/10807","id":"10807","key":"TWMON","name":"TW Monolith Backend","projectTypeKey":"software","simplified":false,"avatarUrls":{"48x48":"https://neuralab.atlassian.net/rest/api/3/universal_avatar/view/type/project/avatar/10421","24x24":"https://neuralab.atlassian.net/rest/api/3/universal_avatar/view/type/project/avatar/10421?size=small","16x16":"https://neuralab.atlassian.net/rest/api/3/universal_avatar/view/type/project/avatar/10421?size=xsmall","32x32":"https://neuralab.atlassian.net/rest/api/3/universal_avatar/view/type/project/avatar/10421?size=medium"},"projectCategory":{"self":"https://neuralab.atlassian.net/rest/api/3/projectCategory/10000","id":"10000","description":"","name":"╨рчЁрсюЄър"}},"fixVersions":[],"status":{"self":"https://neuralab.atlassian.net/rest/api/3/status/10005","description":"","iconUrl":"https://neuralab.atlassian.net/","name":"Done","id":"10005","statusCategory":{"self":"https://neuralab.atlassian.net/rest/api/3/statuscategory/3","id":3,"key":"done","colorName":"green","name":"Done"}}}},{"expand":"renderedFields,names,schema,operations,editmeta,changelog,versionedRepresentations","id":"32766","self":"https://neuralab.atlassian.net/rest/api/3/issue/32766","key":"TWMON-4867","fields":{"summary":"╤ЄрЄєё яхўрЄрхЄ т ўрЄх","issuetype":{"self":"https://neuralab.atlassian.net/rest/api/3/issuetype/10012","id":"10012","description":"A task that needs to be done.","iconUrl":"https://neuralab.atlassian.net/rest/api/2/universal_avatar/view/type/issuetype/avatar/10318?size=medium","name":"Task","subtask":false,"avatarId":10318,"hierarchyLevel":0},"project":{"self":"https://neuralab.atlassian.net/rest/api/3/project/10807","id":"10807","key":"TWMON","name":"TW Monolith Backend","projectTypeKey":"software","simplified":false,"avatarUrls":{"48x48":"https://neuralab.atlassian.net/rest/api/3/universal_avatar/view/type/project/avatar/10421","24x24":"https://neuralab.atlassian.net/rest/api/3/universal_avatar/view/type/project/avatar/10421?size=small","16x16":"https://neuralab.atlassian.net/rest/api/3/universal_avatar/view/type/project/avatar/10421?size=xsmall","32x32":"https://neuralab.atlassian.net/rest/api/3/universal_avatar/view/type/project/avatar/10421?size=medium"},"projectCategory":{"self":"https://neuralab.atlassian.net/rest/api/3/projectCategory/10000","id":"10000","description":"","name":"╨рчЁрсюЄър"}},"fixVersions":[],"status":{"self":"https://neuralab.atlassian.net/rest/api/3/status/10005","description":"","iconUrl":"https://neuralab.atlassian.net/","name":"Done","id":"10005","statusCategory":{"self":"https://neuralab.atlassian.net/rest/api/3/statuscategory/3","id":3,"key":"done","colorName":"green","name":"Done"}}}},{"expand":"renderedFields,names,schema,operations,editmeta,changelog,versionedRepresentations","id":"31000","self":"https://neuralab.atlassian.net/rest/api/3/issue/31000","key":"TWMON-4794","fields":{"summary":"╚чьхэшЄ№ ЁрчьхЁ ¤ьюфцш","issuetype":{"self":"https://neuralab.atlassian.net/rest/api/3/issuetype/10012","id":"10012","description":"A task that needs to be done.","iconUrl":"https://neuralab.atlassian.net/rest/api/2/universal_avatar/view/type/issuetype/avatar/10318?size=medium","name":"Task","subtask":false,"avatarId":10318,"hierarchyLevel":0},"project":{"self":"https://neuralab.atlassian.net/rest/api/3/project/10807","id":"10807","key":"TWMON","name":"TW Monolith Backend","projectTypeKey":"software","simplified":false,"avatarUrls":{"48x48":"https://neuralab.atlassian.net/rest/api/3/universal_avatar/view/type/project/avatar/10421","24x24":"https://neuralab.atlassian.net/rest/api/3/universal_avatar/view/type/project/avatar/10421?size=small","16x16":"https://neuralab.atlassian.net/rest/api/3/universal_avatar/view/type/project/avatar/10421?size=xsmall","32x32":"https://neuralab.atlassian.net/rest/api/3/universal_avatar/view/type/project/avatar/10421?size=medium"},"projectCategory":{"self":"https://neuralab.atlassian.net/rest/api/3/projectCategory/10000","id":"10000","description":"","name":"╨рчЁрсюЄър"}},"fixVersions":[],"status":{"self":"https://neuralab.atlassian.net/rest/api/3/status/10005","description":"","iconUrl":"https://neuralab.atlassian.net/","name":"Done","id":"10005","statusCategory":{"self":"https://neuralab.atlassian.net/rest/api/3/statuscategory/3","id":3,"key":"done","colorName":"green","name":"Done"}}}},{"expand":"renderedFields,names,schema,operations,editmeta,changelog,versionedRepresentations","id":"31079","self":"https://neuralab.atlassian.net/rest/api/3/issue/31079","key":"TWMON-4728","fields":{"summary":"╟ряЁхЄшЄ№ єфрыхэшх тёхї ёяюёюсют тїюфр ","issuetype":{"self":"https://neuralab.atlassian.net/rest/api/3/issuetype/10012","id":"10012","description":"A task that needs to be done.","iconUrl":"https://neuralab.atlassian.net/rest/api/2/universal_avatar/view/type/issuetype/avatar/10318?size=medium","name":"Task","subtask":false,"avatarId":10318,"hierarchyLevel":0},"project":{"self":"https://neuralab.atlassian.net/rest/api/3/project/10807","id":"10807","key":"TWMON","name":"TW Monolith Backend","projectTypeKey":"software","simplified":false,"avatarUrls":{"48x48":"https://neuralab.atlassian.net/rest/api/3/universal_avatar/view/type/project/avatar/10421","24x24":"https://neuralab.atlassian.net/rest/api/3/universal_avatar/view/type/project/avatar/10421?size=small","16x16":"https://neuralab.atlassian.net/rest/api/3/universal_avatar/view/type/project/avatar/10421?size=xsmall","32x32":"https://neuralab.atlassian.net/rest/api/3/universal_avatar/view/type/project/avatar/10421?size=medium"},"projectCategory":{"self":"https://neuralab.atlassian.net/rest/api/3/projectCategory/10000","id":"10000","description":"","name":"╨рчЁрсюЄър"}},"fixVersions":[],"status":{"self":"https://neuralab.atlassian.net/rest/api/3/status/10005","description":"","iconUrl":"https://neuralab.atlassian.net/","name":"Done","id":"10005","statusCategory":{"self":"https://neuralab.atlassian.net/rest/api/3/statuscategory/3","id":3,"key":"done","colorName":"green","name":"Done"}}}},{"expand":"renderedFields,names,schema,operations,editmeta,changelog,versionedRepresentations","id":"32812","self":"https://neuralab.atlassian.net/rest/api/3/issue/32812","key":"TWMON-4612","fields":{"summary":"╨рчфхышЄ№ /api/communications","issuetype":{"self":"https://neuralab.atlassian.net/rest/api/3/issuetype/10012","id":"10012","description":"A task that needs to be done.","iconUrl":"https://neuralab.atlassian.net/rest/api/2/universal_avatar/view/type/issuetype/avatar/10318?size=medium","name":"Task","subtask":false,"avatarId":10318,"hierarchyLevel":0},"project":{"self":"https://neuralab.atlassian.net/rest/api/3/project/10807","id":"10807","key":"TWMON","name":"TW Monolith Backend","projectTypeKey":"software","simplified":false,"avatarUrls":{"48x48":"https://neuralab.atlassian.net/rest/api/3/universal_avatar/view/type/project/avatar/10421","24x24":"https://neuralab.atlassian.net/rest/api/3/universal_avatar/view/type/project/avatar/10421?size=small","16x16":"https://neuralab.atlassian.net/rest/api/3/universal_avatar/view/type/project/avatar/10421?size=xsmall","32x32":"https://neuralab.atlassian.net/rest/api/3/universal_avatar/view/type/project/avatar/10421?size=medium"},"projectCategory":{"self":"https://neuralab.atlassian.net/rest/api/3/projectCategory/10000","id":"10000","description":"","name":"╨рчЁрсюЄър"}},"fixVersions":[],"status":{"self":"https://neuralab.atlassian.net/rest/api/3/status/10005","description":"","iconUrl":"https://neuralab.atlassian.net/","name":"Done","id":"10005","statusCategory":{"self":"https://neuralab.atlassian.net/rest/api/3/statuscategory/3","id":3,"key":"done","colorName":"green","name":"Done"}}}},{"expand":"renderedFields,names,schema,operations,editmeta,changelog,versionedRepresentations","id":"31370","self":"https://neuralab.atlassian.net/rest/api/3/issue/31370","key":"TWMON-4477","fields":{"summary":"╟ряЁхЄшЄ№ яЁшт ч√трЄ№ ёяюёюс тїюфр ъюЄюЁ√щ шёяюы№чєхЄё  эр фЁєуюь ръърєэЄх","issuetype":{"self":"https://neuralab.atlassian.net/rest/api/3/issuetype/10012","id":"10012","description":"A task that needs to be done.","iconUrl":"https://neuralab.atlassian.net/rest/api/2/universal_avatar/view/type/issuetype/avatar/10318?size=medium","name":"Task","subtask":false,"avatarId":10318,"hierarchyLevel":0},"project":{"self":"https://neuralab.atlassian.net/rest/api/3/project/10807","id":"10807","key":"TWMON","name":"TW Monolith Backend","projectTypeKey":"software","simplified":false,"avatarUrls":{"48x48":"https://neuralab.atlassian.net/rest/api/3/universal_avatar/view/type/project/avatar/10421","24x24":"https://neuralab.atlassian.net/rest/api/3/universal_avatar/view/type/project/avatar/10421?size=small","16x16":"https://neuralab.atlassian.net/rest/api/3/universal_avatar/view/type/project/avatar/10421?size=xsmall","32x32":"https://neuralab.atlassian.net/rest/api/3/universal_avatar/view/type/project/avatar/10421?size=medium"},"projectCategory":{"self":"https://neuralab.atlassian.net/rest/api/3/projectCategory/10000","id":"10000","description":"","name":"╨рчЁрсюЄър"}},"fixVersions":[],"status":{"self":"https://neuralab.atlassian.net/rest/api/3/status/10005","description":"","iconUrl":"https://neuralab.atlassian.net/","name":"Done","id":"10005","statusCategory":{"self":"https://neuralab.atlassian.net/rest/api/3/statuscategory/3","id":3,"key":"done","colorName":"green","name":"Done"}}}},{"expand":"renderedFields,names,schema,operations,editmeta,changelog,versionedRepresentations","id":"28414","self":"https://neuralab.atlassian.net/rest/api/3/issue/28414","key":"TWMON-3793","fields":{"summary":"╨рсюЄр т т√їюфэ√х","issuetype":{"self":"https://neuralab.atlassian.net/rest/api/3/issuetype/10012","id":"10012","description":"A task that needs to be done.","iconUrl":"https://neuralab.atlassian.net/rest/api/2/universal_avatar/view/type/issuetype/avatar/10318?size=medium","name":"Task","subtask":false,"avatarId":10318,"hierarchyLevel":0},"project":{"self":"https://neuralab.atlassian.net/rest/api/3/project/10807","id":"10807","key":"TWMON","name":"TW Monolith Backend","projectTypeKey":"software","simplified":false,"avatarUrls":{"48x48":"https://neuralab.atlassian.net/rest/api/3/universal_avatar/view/type/project/avatar/10421","24x24":"https://neuralab.atlassian.net/rest/api/3/universal_avatar/view/type/project/avatar/10421?size=small","16x16":"https://neuralab.atlassian.net/rest/api/3/universal_avatar/view/type/project/avatar/10421?size=xsmall","32x32":"https://neuralab.atlassian.net/rest/api/3/universal_avatar/view/type/project/avatar/10421?size=medium"},"projectCategory":{"self":"https://neuralab.atlassian.net/rest/api/3/projectCategory/10000","id":"10000","description":"","name":"╨рчЁрсюЄър"}},"fixVersions":[],"status":{"self":"https://neuralab.atlassian.net/rest/api/3/status/10005","description":"","iconUrl":"https://neuralab.atlassian.net/","name":"Done","id":"10005","statusCategory":{"self":"https://neuralab.atlassian.net/rest/api/3/statuscategory/3","id":3,"key":"done","colorName":"green","name":"Done"}}}},{"expand":"renderedFields,names,schema,operations,editmeta,changelog,versionedRepresentations","id":"32706","self":"https://neuralab.atlassian.net/rest/api/3/issue/32706","key":"TWMON-3774","fields":{"summary":"╨рсюЄр т т√їюфэ√х","issuetype":{"self":"https://neuralab.atlassian.net/rest/api/3/issuetype/10012","id":"10012","description":"A task that needs to be done.","iconUrl":"https://neuralab.atlassian.net/rest/api/2/universal_avatar/view/type/issuetype/avatar/10318?size=medium","name":"Task","subtask":false,"avatarId":10318,"hierarchyLevel":0},"project":{"self":"https://neuralab.atlassian.net/rest/api/3/project/10807","id":"10807","key":"TWMON","name":"TW Monolith Backend","projectTypeKey":"software","simplified":false,"avatarUrls":{"48x48":"https://neuralab.atlassian.net/rest/api/3/universal_avatar/view/type/project/avatar/10421","24x24":"https://neuralab.atlassian.net/rest/api/3/universal_avatar/view/type/project/avatar/10421?size=small","16x16":"https://neuralab.atlassian.net/rest/api/3/universal_avatar/view/type/project/avatar/10421?size=xsmall","32x32":"https://neuralab.atlassian.net/rest/api/3/universal_avatar/view/type/project/avatar/10421?size=medium"},"projectCategory":{"self":"https://neuralab.atlassian.net/rest/api/3/projectCategory/10000","id":"10000","description":"","name":"╨рчЁрсюЄър"}},"fixVersions":[],"status":{"self":"https://neuralab.atlassian.net/rest/api/3/status/10005","description":"","iconUrl":"https://neuralab.atlassian.net/","name":"Done","id":"10005","statusCategory":{"self":"https://neuralab.atlassian.net/rest/api/3/statuscategory/3","id":3,"key":"done","colorName":"green","name":"Done"}}}},{"expand":"renderedFields,names,schema,operations,editmeta,changelog,versionedRepresentations","id":"31440","self":"https://neuralab.atlassian.net/rest/api/3/issue/31440","key":"TWMON-3652","fields":{"summary":"[mobile]. ╟рьхэшЄ№ ъэюяъє ═рчрф эр ¤ъЁрэрї єфрыхэш  яЁюЇшы ","issuetype":{"self":"https://neuralab.atlassian.net/rest/api/3/issuetype/10012","id":"10012","description":"A task that needs to be done.","iconUrl":"https://neuralab.atlassian.net/rest/api/2/universal_avatar/view/type/issuetype/avatar/10318?size=medium","name":"Task","subtask":false,"avatarId":10318,"hierarchyLevel":0},"project":{"self":"https://neuralab.atlassian.net/rest/api/3/project/10807","id":"10807","key":"TWMON","name":"TW Monolith Backend","projectTypeKey":"software","simplified":false,"avatarUrls":{"48x48":"https://neuralab.atlassian.net/rest/api/3/universal_avatar/view/type/project/avatar/10421","24x24":"https://neuralab.atlassian.net/rest/api/3/universal_avatar/view/type/project/avatar/10421?size=small","16x16":"https://neuralab.atlassian.net/rest/api/3/universal_avatar/view/type/project/avatar/10421?size=xsmall","32x32":"https://neuralab.atlassian.net/rest/api/3/universal_avatar/view/type/project/avatar/10421?size=medium"},"projectCategory":{"self":"https://neuralab.atlassian.net/rest/api/3/projectCategory/10000","id":"10000","description":"","name":"╨рчЁрсюЄър"}},"fixVersions":[],"status":{"self":"https://neuralab.atlassian.net/rest/api/3/status/10005","description":"","iconUrl":"https://neuralab.atlassian.net/","name":"Done","id":"10005","statusCategory":{"self":"https://neuralab.atlassian.net/rest/api/3/statuscategory/3","id":3,"key":"done","colorName":"green","name":"Done"}}}},{"expand":"renderedFields,names,schema,operations,editmeta,changelog,versionedRepresentations","id":"32688","self":"https://neuralab.atlassian.net/rest/api/3/issue/32688","key":"TWMON-3311","fields":{"summary":"╨рсюЄр т т√їюфэ√х","issuetype":{"self":"https://neuralab.atlassian.net/rest/api/3/issuetype/10012","id":"10012","description":"A task that needs to be done.","iconUrl":"https://neuralab.atlassian.net/rest/api/2/universal_avatar/view/type/issuetype/avatar/10318?size=medium","name":"Task","subtask":false,"avatarId":10318,"hierarchyLevel":0},"project":{"self":"https://neuralab.atlassian.net/rest/api/3/project/10807","id":"10807","key":"TWMON","name":"TW Monolith Backend","projectTypeKey":"software","simplified":false,"avatarUrls":{"48x48":"https://neuralab.atlassian.net/rest/api/3/universal_avatar/view/type/project/avatar/10421","24x24":"https://neuralab.atlassian.net/rest/api/3/universal_avatar/view/type/project/avatar/10421?size=small","16x16":"https://neuralab.atlassian.net/rest/api/3/universal_avatar/view/type/project/avatar/10421?size=xsmall","32x32":"https://neuralab.atlassian.net/rest/api/3/universal_avatar/view/type/project/avatar/10421?size=medium"},"projectCategory":{"self":"https://neuralab.atlassian.net/rest/api/3/projectCategory/10000","id":"10000","description":"","name":"╨рчЁрсюЄър"}},"fixVersions":[],"status":{"self":"https://neuralab.atlassian.net/rest/api/3/status/10005","description":"","iconUrl":"https://neuralab.atlassian.net/","name":"Done","id":"10005","statusCategory":{"self":"https://neuralab.atlassian.net/rest/api/3/statuscategory/3","id":3,"key":"done","colorName":"green","name":"Done"}}}},{"expand":"renderedFields,names,schema,operations,editmeta,changelog,versionedRepresentations","id":"28642","self":"https://neuralab.atlassian.net/rest/api/3/issue/28642","key":"TWMON-167","fields":{"summary":"[Back] ╧Ёхьшєь - ёєяхЁырщъш","issuetype":{"self":"https://neuralab.atlassian.net/rest/api/3/issuetype/10012","id":"10012","description":"A task that needs to be done.","iconUrl":"https://neuralab.atlassian.net/rest/api/2/universal_avatar/view/type/issuetype/avatar/10318?size=medium","name":"Task","subtask":false,"avatarId":10318,"hierarchyLevel":0},"project":{"self":"https://neuralab.atlassian.net/rest/api/3/project/10807","id":"10807","key":"TWMON","name":"TW Monolith Backend","projectTypeKey":"software","simplified":false,"avatarUrls":{"48x48":"https://neuralab.atlassian.net/rest/api/3/universal_avatar/view/type/project/avatar/10421","24x24":"https://neuralab.atlassian.net/rest/api/3/universal_avatar/view/type/project/avatar/10421?size=small","16x16":"https://neuralab.atlassian.net/rest/api/3/universal_avatar/view/type/project/avatar/10421?size=xsmall","32x32":"https://neuralab.atlassian.net/rest/api/3/universal_avatar/view/type/project/avatar/10421?size=medium"},"projectCategory":{"self":"https://neuralab.atlassian.net/rest/api/3/projectCategory/10000","id":"10000","description":"","name":"╨рчЁрсюЄър"}},"parent":{"id":"28139","key":"TWMON-1161","self":"https://neuralab.atlassian.net/rest/api/3/issue/28139","fields":{"summary":"Premium ","status":{"self":"https://neuralab.atlassian.net/rest/api/3/status/10005","description":"","iconUrl":"https://neuralab.atlassian.net/","name":"Done","id":"10005","statusCategory":{"self":"https://neuralab.atlassian.net/rest/api/3/statuscategory/3","id":3,"key":"done","colorName":"green","name":"Done"}},"priority":{"self":"https://neuralab.atlassian.net/rest/api/3/priority/3","iconUrl":"https://neuralab.atlassian.net/images/icons/priorities/medium_new.svg","name":"Medium","id":"3"},"issuetype":{"self":"https://neuralab.atlassian.net/rest/api/3/issuetype/10000","id":"10000","description":"A big user story that needs to be broken down. Created by Jira Software - do not edit or delete.","iconUrl":"https://neuralab.atlassian.net/images/icons/issuetypes/epic.svg","name":"Epic","subtask":false,"hierarchyLevel":1}}},"fixVersions":[],"status":{"self":"https://neuralab.atlassian.net/rest/api/3/status/10005","description":"","iconUrl":"https://neuralab.atlassian.net/","name":"Done","id":"10005","statusCategory":{"self":"https://neuralab.atlassian.net/rest/api/3/statuscategory/3","id":3,"key":"done","colorName":"green","name":"Done"}}}},{"expand":"renderedFields,names,schema,operations,editmeta,changelog,versionedRepresentations","id":"69602","self":"https://neuralab.atlassian.net/rest/api/3/issue/69602","key":"TWBACKEND-196","fields":{"summary":"action.excludeIds фюыцхэ юЄфртрЄ№ ырщъ, хёыш эр эхую яюёЄртшыш фшчырщъ","issuetype":{"self":"https://neuralab.atlassian.net/rest/api/3/issuetype/10012","id":"10012","description":"A task that needs to be done.","iconUrl":"https://neuralab.atlassian.net/rest/api/2/universal_avatar/view/type/issuetype/avatar/10318?size=medium","name":"Task","subtask":false,"avatarId":10318,"hierarchyLevel":0},"project":{"self":"https://neuralab.atlassian.net/rest/api/3/project/11236","id":"11236","key":"TWBACKEND","name":"TW_Backend ","projectTypeKey":"software","simplified":false,"avatarUrls":{"48x48":"https://neuralab.atlassian.net/rest/api/3/universal_avatar/view/type/project/avatar/10414","24x24":"https://neuralab.atlassian.net/rest/api/3/universal_avatar/view/type/project/avatar/10414?size=small","16x16":"https://neuralab.atlassian.net/rest/api/3/universal_avatar/view/type/project/avatar/10414?size=xsmall","32x32":"https://neuralab.atlassian.net/rest/api/3/universal_avatar/view/type/project/avatar/10414?size=medium"},"projectCategory":{"self":"https://neuralab.atlassian.net/rest/api/3/projectCategory/10000","id":"10000","description":"","name":"╨рчЁрсюЄър"}},"parent":{"id":"51154","key":"TWGM-829","self":"https://neuralab.atlassian.net/rest/api/3/issue/51154","fields":{"summary":"actions-srv 2 ¤Єря","status":{"self":"https://neuralab.atlassian.net/rest/api/3/status/10005","description":"","iconUrl":"https://neuralab.atlassian.net/","name":"Done","id":"10005","statusCategory":{"self":"https://neuralab.atlassian.net/rest/api/3/statuscategory/3","id":3,"key":"done","colorName":"green","name":"Done"}},"priority":{"self":"https://neuralab.atlassian.net/rest/api/3/priority/3","iconUrl":"https://neuralab.atlassian.net/images/icons/priorities/medium_new.svg","name":"Medium","id":"3"},"issuetype":{"self":"https://neuralab.atlassian.net/rest/api/3/issuetype/10000","id":"10000","description":"A big user story that needs to be broken down. Created by Jira Software - do not edit or delete.","iconUrl":"https://neuralab.atlassian.net/images/icons/issuetypes/epic.svg","name":"Epic","subtask":false,"hierarchyLevel":1}}},"fixVersions":[{"self":"https://neuralab.atlassian.net/rest/api/3/version/14785","id":"14785","description":"","name":"actions-srv 0.3.1","archived":false,"released":true,"releaseDate":"2026-02-18"}],"status":{"self":"https://neuralab.atlassian.net/rest/api/3/status/10005","description":"","iconUrl":"https://neuralab.atlassian.net/","name":"Done","id":"10005","statusCategory":{"self":"https://neuralab.atlassian.net/rest/api/3/statuscategory/3","id":3,"key":"done","colorName":"green","name":"Done"}}}},{"expand":"renderedFields,names,schema,operations,editmeta,changelog,versionedRepresentations","id":"68561","self":"https://neuralab.atlassian.net/rest/api/3/issue/68561","key":"TWBACKEND-184","fields":{"summary":"─юсшЄ№ SEIUpdater","issuetype":{"self":"https://neuralab.atlassian.net/rest/api/3/issuetype/10012","id":"10012","description":"A task that needs to be done.","iconUrl":"https://neuralab.atlassian.net/rest/api/2/universal_avatar/view/type/issuetype/avatar/10318?size=medium","name":"Task","subtask":false,"avatarId":10318,"hierarchyLevel":0},"project":{"self":"https://neuralab.atlassian.net/rest/api/3/project/11236","id":"11236","key":"TWBACKEND","name":"TW_Backend ","projectTypeKey":"software","simplified":false,"avatarUrls":{"48x48":"https://neuralab.atlassian.net/rest/api/3/universal_avatar/view/type/project/avatar/10414","24x24":"https://neuralab.atlassian.net/rest/api/3/universal_avatar/view/type/project/avatar/10414?size=small","16x16":"https://neuralab.atlassian.net/rest/api/3/universal_avatar/view/type/project/avatar/10414?size=xsmall","32x32":"https://neuralab.atlassian.net/rest/api/3/universal_avatar/view/type/project/avatar/10414?size=medium"},"projectCategory":{"self":"https://neuralab.atlassian.net/rest/api/3/projectCategory/10000","id":"10000","description":"","name":"╨рчЁрсюЄър"}},"fixVersions":[{"self":"https://neuralab.atlassian.net/rest/api/3/version/14686","id":"14686","description":"","name":"Release 16","archived":false,"released":true,"releaseDate":"2026-02-24"}],"status":{"self":"https://neuralab.atlassian.net/rest/api/3/status/10005","description":"","iconUrl":"https://neuralab.atlassian.net/","name":"Done","id":"10005","statusCategory":{"self":"https://neuralab.atlassian.net/rest/api/3/statuscategory/3","id":3,"key":"done","colorName":"green","name":"Done"}}}},{"expand":"renderedFields,names,schema,operations,editmeta,changelog,versionedRepresentations","id":"68017","self":"https://neuralab.atlassian.net/rest/api/3/issue/68017","key":"TWBACKEND-179","fields":{"summary":"╧хЁхщЄш эр request/reply ьхїрэшчь фы  ёючфрэш  сыюъшЁютюъ","issuetype":{"self":"https://neuralab.atlassian.net/rest/api/3/issuetype/10012","id":"10012","description":"A task that needs to be done.","iconUrl":"https://neuralab.atlassian.net/rest/api/2/universal_avatar/view/type/issuetype/avatar/10318?size=medium","name":"Task","subtask":false,"avatarId":10318,"hierarchyLevel":0},"project":{"self":"https://neuralab.atlassian.net/rest/api/3/project/11236","id":"11236","key":"TWBACKEND","name":"TW_Backend ","projectTypeKey":"software","simplified":false,"avatarUrls":{"48x48":"https://neuralab.atlassian.net/rest/api/3/universal_avatar/view/type/project/avatar/10414","24x24":"https://neuralab.atlassian.net/rest/api/3/universal_avatar/view/type/project/avatar/10414?size=small","16x16":"https://neuralab.atlassian.net/rest/api/3/universal_avatar/view/type/project/avatar/10414?size=xsmall","32x32":"https://neuralab.atlassian.net/rest/api/3/universal_avatar/view/type/project/avatar/10414?size=medium"},"projectCategory":{"self":"https://neuralab.atlassian.net/rest/api/3/projectCategory/10000","id":"10000","description":"","name":"╨рчЁрсюЄър"}},"fixVersions":[{"self":"https://neuralab.atlassian.net/rest/api/3/version/14686","id":"14686","description":"","name":"Release 16","archived":false,"released":true,"releaseDate":"2026-02-24"}],"status":{"self":"https://neuralab.atlassian.net/rest/api/3/status/10005","description":"","iconUrl":"https://neuralab.atlassian.net/","name":"Done","id":"10005","statusCategory":{"self":"https://neuralab.atlassian.net/rest/api/3/statuscategory/3","id":3,"key":"done","colorName":"green","name":"Done"}}}},{"expand":"renderedFields,names,schema,operations,editmeta,changelog,versionedRepresentations","id":"68016","self":"https://neuralab.atlassian.net/rest/api/3/issue/68016","key":"TWBACKEND-178","fields":{"summary":"╧хЁхщЄш эр request/reply ьхїрэшчь фы  ёючфрэш  фшчырщъют","issuetype":{"self":"https://neuralab.atlassian.net/rest/api/3/issuetype/10012","id":"10012","description":"A task that needs to be done.","iconUrl":"https://neuralab.atlassian.net/rest/api/2/universal_avatar/view/type/issuetype/avatar/10318?size=medium","name":"Task","subtask":false,"avatarId":10318,"hierarchyLevel":0},"project":{"self":"https://neuralab.atlassian.net/rest/api/3/project/11236","id":"11236","key":"TWBACKEND","name":"TW_Backend ","projectTypeKey":"software","simplified":false,"avatarUrls":{"48x48":"https://neuralab.atlassian.net/rest/api/3/universal_avatar/view/type/project/avatar/10414","24x24":"https://neuralab.atlassian.net/rest/api/3/universal_avatar/view/type/project/avatar/10414?size=small","16x16":"https://neuralab.atlassian.net/rest/api/3/universal_avatar/view/type/project/avatar/10414?size=xsmall","32x32":"https://neuralab.atlassian.net/rest/api/3/universal_avatar/view/type/project/avatar/10414?size=medium"},"projectCategory":{"self":"https://neuralab.atlassian.net/rest/api/3/projectCategory/10000","id":"10000","description":"","name":"╨рчЁрсюЄър"}},"fixVersions":[{"self":"https://neuralab.atlassian.net/rest/api/3/version/14686","id":"14686","description":"","name":"Release 16","archived":false,"released":true,"releaseDate":"2026-02-24"}],"status":{"self":"https://neuralab.atlassian.net/rest/api/3/status/10005","description":"","iconUrl":"https://neuralab.atlassian.net/","name":"Done","id":"10005","statusCategory":{"self":"https://neuralab.atlassian.net/rest/api/3/statuscategory/3","id":3,"key":"done","colorName":"green","name":"Done"}}}},{"expand":"renderedFields,names,schema,operations,editmeta,changelog,versionedRepresentations","id":"68015","self":"https://neuralab.atlassian.net/rest/api/3/issue/68015","key":"TWBACKEND-177","fields":{"summary":"╧хЁхщЄш эр request/reply ьхїрэшчь фы  ёючфрэш  ырщъют","issuetype":{"self":"https://neuralab.atlassian.net/rest/api/3/issuetype/10012","id":"10012","description":"A task that needs to be done.","iconUrl":"https://neuralab.atlassian.net/rest/api/2/universal_avatar/view/type/issuetype/avatar/10318?size=medium","name":"Task","subtask":false,"avatarId":10318,"hierarchyLevel":0},"project":{"self":"https://neuralab.atlassian.net/rest/api/3/project/11236","id":"11236","key":"TWBACKEND","name":"TW_Backend ","projectTypeKey":"software","simplified":false,"avatarUrls":{"48x48":"https://neuralab.atlassian.net/rest/api/3/universal_avatar/view/type/project/avatar/10414","24x24":"https://neuralab.atlassian.net/rest/api/3/universal_avatar/view/type/project/avatar/10414?size=small","16x16":"https://neuralab.atlassian.net/rest/api/3/universal_avatar/view/type/project/avatar/10414?size=xsmall","32x32":"https://neuralab.atlassian.net/rest/api/3/universal_avatar/view/type/project/avatar/10414?size=medium"},"projectCategory":{"self":"https://neuralab.atlassian.net/rest/api/3/projectCategory/10000","id":"10000","description":"","name":"╨рчЁрсюЄър"}},"fixVersions":[{"self":"https://neuralab.atlassian.net/rest/api/3/version/14686","id":"14686","description":"","name":"Release 16","archived":false,"released":true,"releaseDate":"2026-02-24"}],"status":{"self":"https://neuralab.atlassian.net/rest/api/3/status/10005","description":"","iconUrl":"https://neuralab.atlassian.net/","name":"Done","id":"10005","statusCategory":{"self":"https://neuralab.atlassian.net/rest/api/3/statuscategory/3","id":3,"key":"done","colorName":"green","name":"Done"}}}},{"expand":"renderedFields,names,schema,operations,editmeta,changelog,versionedRepresentations","id":"67206","self":"https://neuralab.atlassian.net/rest/api/3/issue/67206","key":"TWBACKEND-166","fields":{"summary":"╬схЁэєЄ№ т ьхЄЁшъш чряЁюё apple-pay-verify","issuetype":{"self":"https://neuralab.atlassian.net/rest/api/3/issuetype/10012","id":"10012","description":"A task that needs to be done.","iconUrl":"https://neuralab.atlassian.net/rest/api/2/universal_avatar/view/type/issuetype/avatar/10318?size=medium","name":"Task","subtask":false,"avatarId":10318,"hierarchyLevel":0},"project":{"self":"https://neuralab.atlassian.net/rest/api/3/project/11236","id":"11236","key":"TWBACKEND","name":"TW_Backend ","projectTypeKey":"software","simplified":false,"avatarUrls":{"48x48":"https://neuralab.atlassian.net/rest/api/3/universal_avatar/view/type/project/avatar/10414","24x24":"https://neuralab.atlassian.net/rest/api/3/universal_avatar/view/type/project/avatar/10414?size=small","16x16":"https://neuralab.atlassian.net/rest/api/3/universal_avatar/view/type/project/avatar/10414?size=xsmall","32x32":"https://neuralab.atlassian.net/rest/api/3/universal_avatar/view/type/project/avatar/10414?size=medium"},"projectCategory":{"self":"https://neuralab.atlassian.net/rest/api/3/projectCategory/10000","id":"10000","description":"","name":"╨рчЁрсюЄър"}},"fixVersions":[{"self":"https://neuralab.atlassian.net/rest/api/3/version/14686","id":"14686","description":"","name":"Release 16","archived":false,"released":true,"releaseDate":"2026-02-24"}],"status":{"self":"https://neuralab.atlassian.net/rest/api/3/status/10005","description":"","iconUrl":"https://neuralab.atlassian.net/","name":"Done","id":"10005","statusCategory":{"self":"https://neuralab.atlassian.net/rest/api/3/statuscategory/3","id":3,"key":"done","colorName":"green","name":"Done"}}}},{"expand":"renderedFields,names,schema,operations,editmeta,changelog,versionedRepresentations","id":"65546","self":"https://neuralab.atlassian.net/rest/api/3/issue/65546","key":"TWBACKEND-141","fields":{"summary":"╤фхырЄ№ т google-purchase-socket тючьюцэюёЄ№ сЁрЄ№ шэЇє шч Ёрчэ√ї уєуы яюфяшёюъ","issuetype":{"self":"https://neuralab.atlassian.net/rest/api/3/issuetype/10012","id":"10012","description":"A task that needs to be done.","iconUrl":"https://neuralab.atlassian.net/rest/api/2/universal_avatar/view/type/issuetype/avatar/10318?size=medium","name":"Task","subtask":false,"avatarId":10318,"hierarchyLevel":0},"project":{"self":"https://neuralab.atlassian.net/rest/api/3/project/11236","id":"11236","key":"TWBACKEND","name":"TW_Backend ","projectTypeKey":"software","simplified":false,"avatarUrls":{"48x48":"https://neuralab.atlassian.net/rest/api/3/universal_avatar/view/type/project/avatar/10414","24x24":"https://neuralab.atlassian.net/rest/api/3/universal_avatar/view/type/project/avatar/10414?size=small","16x16":"https://neuralab.atlassian.net/rest/api/3/universal_avatar/view/type/project/avatar/10414?size=xsmall","32x32":"https://neuralab.atlassian.net/rest/api/3/universal_avatar/view/type/project/avatar/10414?size=medium"},"projectCategory":{"self":"https://neuralab.atlassian.net/rest/api/3/projectCategory/10000","id":"10000","description":"","name":"╨рчЁрсюЄър"}},"parent":{"id":"53170","key":"TWMON-6904","self":"https://neuralab.atlassian.net/rest/api/3/issue/53170","fields":{"summary":"╨рчфхыхэшх ёЄюЁют","status":{"self":"https://neuralab.atlassian.net/rest/api/3/status/3","description":"This issue is being actively worked on at the moment by the assignee.","iconUrl":"https://neuralab.atlassian.net/images/icons/statuses/inprogress.png","name":"In Progress","id":"3","statusCategory":{"self":"https://neuralab.atlassian.net/rest/api/3/statuscategory/4","id":4,"key":"indeterminate","colorName":"yellow","name":"In Progress"}},"priority":{"self":"https://neuralab.atlassian.net/rest/api/3/priority/3","iconUrl":"https://neuralab.atlassian.net/images/icons/priorities/medium_new.svg","name":"Medium","id":"3"},"issuetype":{"self":"https://neuralab.atlassian.net/rest/api/3/issuetype/10000","id":"10000","description":"A big user story that needs to be broken down. Created by Jira Software - do not edit or delete.","iconUrl":"https://neuralab.atlassian.net/images/icons/issuetypes/epic.svg","name":"Epic","subtask":false,"hierarchyLevel":1}}},"fixVersions":[{"self":"https://neuralab.atlassian.net/rest/api/3/version/14686","id":"14686","description":"","name":"Release 16","archived":false,"released":true,"releaseDate":"2026-02-24"}],"status":{"self":"https://neuralab.atlassian.net/rest/api/3/status/10005","description":"","iconUrl":"https://neuralab.atlassian.net/","name":"Done","id":"10005","statusCategory":{"self":"https://neuralab.atlassian.net/rest/api/3/statuscategory/3","id":3,"key":"done","colorName":"green","name":"Done"}}}},{"expand":"renderedFields,names,schema,operations,editmeta,changelog,versionedRepresentations","id":"64529","self":"https://neuralab.atlassian.net/rest/api/3/issue/64529","key":"TWBACKEND-130","fields":{"summary":"─хырЄ№ юфшэ чряЁюё эр яюыєўхэшх фрээ√ї яюы№чютрЄхыхщ тьхёЄю ЄЁхї ","issuetype":{"self":"https://neuralab.atlassian.net/rest/api/3/issuetype/10012","id":"10012","description":"A task that needs to be done.","iconUrl":"https://neuralab.atlassian.net/rest/api/2/universal_avatar/view/type/issuetype/avatar/10318?size=medium","name":"Task","subtask":false,"avatarId":10318,"hierarchyLevel":0},"project":{"self":"https://neuralab.atlassian.net/rest/api/3/project/11236","id":"11236","key":"TWBACKEND","name":"TW_Backend ","projectTypeKey":"software","simplified":false,"avatarUrls":{"48x48":"https://neuralab.atlassian.net/rest/api/3/universal_avatar/view/type/project/avatar/10414","24x24":"https://neuralab.atlassian.net/rest/api/3/universal_avatar/view/type/project/avatar/10414?size=small","16x16":"https://neuralab.atlassian.net/rest/api/3/universal_avatar/view/type/project/avatar/10414?size=xsmall","32x32":"https://neuralab.atlassian.net/rest/api/3/universal_avatar/view/type/project/avatar/10414?size=medium"},"projectCategory":{"self":"https://neuralab.atlassian.net/rest/api/3/projectCategory/10000","id":"10000","description":"","name":"╨рчЁрсюЄър"}},"parent":{"id":"64527","key":"TWBACKEND-129","self":"https://neuralab.atlassian.net/rest/api/3/issue/64527","fields":{"summary":"╬яЄшьшчрЎш /ЁхЇръЄюЁшэу ыхэЄ√","status":{"self":"https://neuralab.atlassian.net/rest/api/3/status/10006","description":"","iconUrl":"https://neuralab.atlassian.net/images/icons/status_generic.gif","name":"To Do","id":"10006","statusCategory":{"self":"https://neuralab.atlassian.net/rest/api/3/statuscategory/2","id":2,"key":"new","colorName":"blue-gray","name":"To Do"}},"priority":{"self":"https://neuralab.atlassian.net/rest/api/3/priority/1","iconUrl":"https://neuralab.atlassian.net/images/icons/priorities/highest_new.svg","name":"Highest","id":"1"},"issuetype":{"self":"https://neuralab.atlassian.net/rest/api/3/issuetype/10000","id":"10000","description":"A big user story that needs to be broken down. Created by Jira Software - do not edit or delete.","iconUrl":"https://neuralab.atlassian.net/images/icons/issuetypes/epic.svg","name":"Epic","subtask":false,"hierarchyLevel":1}}},"fixVersions":[{"self":"https://neuralab.atlassian.net/rest/api/3/version/14686","id":"14686","description":"","name":"Release 16","archived":false,"released":true,"releaseDate":"2026-02-24"}],"status":{"self":"https://neuralab.atlassian.net/rest/api/3/status/10005","description":"","iconUrl":"https://neuralab.atlassian.net/","name":"Done","id":"10005","statusCategory":{"self":"https://neuralab.atlassian.net/rest/api/3/statuscategory/3","id":3,"key":"done","colorName":"green","name":"Done"}}}}],"isLast":true}
